Component: ARM Compiler 5.05 update 1 (build 106) Tool: armlink [4d0efa]

==============================================================================

Section Cross References

    startup_stm32f103xb.o(STACK) refers (Special) to heapauxi.o(.text) for __use_two_region_memory
    startup_stm32f103xb.o(HEAP) refers (Special) to heapauxi.o(.text) for __use_two_region_memory
    startup_stm32f103xb.o(RESET) refers (Special) to heapauxi.o(.text) for __use_two_region_memory
    startup_stm32f103xb.o(RESET) refers to startup_stm32f103xb.o(STACK) for __initial_sp
    startup_stm32f103xb.o(RESET) refers to startup_stm32f103xb.o(.text) for Reset_Handler
    startup_stm32f103xb.o(RESET) refers to stm32f1xx_it.o(i.NMI_Handler) for NMI_Handler
    startup_stm32f103xb.o(RESET) refers to stm32f1xx_it.o(i.HardFault_Handler) for HardFault_Handler
    startup_stm32f103xb.o(RESET) refers to stm32f1xx_it.o(i.MemManage_Handler) for MemManage_Handler
    startup_stm32f103xb.o(RESET) refers to stm32f1xx_it.o(i.BusFault_Handler) for BusFault_Handler
    startup_stm32f103xb.o(RESET) refers to stm32f1xx_it.o(i.UsageFault_Handler) for UsageFault_Handler
    startup_stm32f103xb.o(RESET) refers to stm32f1xx_it.o(i.SVC_Handler) for SVC_Handler
    startup_stm32f103xb.o(RESET) refers to stm32f1xx_it.o(i.DebugMon_Handler) for DebugMon_Handler
    startup_stm32f103xb.o(RESET) refers to stm32f1xx_it.o(i.PendSV_Handler) for PendSV_Handler
    startup_stm32f103xb.o(RESET) refers to stm32f1xx_it.o(i.SysTick_Handler) for SysTick_Handler
    startup_stm32f103xb.o(RESET) refers to stm32f1xx_it.o(i.RCC_IRQHandler) for RCC_IRQHandler
    startup_stm32f103xb.o(RESET) refers to stm32f1xx_it.o(i.TIM2_IRQHandler) for TIM2_IRQHandler
    startup_stm32f103xb.o(RESET) refers to stm32f1xx_it.o(i.TIM3_IRQHandler) for TIM3_IRQHandler
    startup_stm32f103xb.o(RESET) refers to stm32f1xx_it.o(i.I2C1_EV_IRQHandler) for I2C1_EV_IRQHandler
    startup_stm32f103xb.o(RESET) refers to stm32f1xx_it.o(i.USART1_IRQHandler) for USART1_IRQHandler
    startup_stm32f103xb.o(RESET) refers to stm32f1xx_it.o(i.USART2_IRQHandler) for USART2_IRQHandler
    startup_stm32f103xb.o(RESET) refers to stm32f1xx_it.o(i.USART3_IRQHandler) for USART3_IRQHandler
    startup_stm32f103xb.o(.text) refers (Special) to heapauxi.o(.text) for __use_two_region_memory
    startup_stm32f103xb.o(.text) refers to system_stm32f1xx.o(i.SystemInit) for SystemInit
    startup_stm32f103xb.o(.text) refers to __main.o(!!!main) for __main
    startup_stm32f103xb.o(.text) refers to startup_stm32f103xb.o(HEAP) for Heap_Mem
    startup_stm32f103xb.o(.text) refers to startup_stm32f103xb.o(STACK) for Stack_Mem
    main.o(i.HAL_UART_RxCpltCallback) refers to stm32f1xx_hal_uart.o(i.HAL_UART_Receive_IT) for HAL_UART_Receive_IT
    main.o(i.HAL_UART_RxCpltCallback) refers to stm32f1xx_hal_gpio.o(i.HAL_GPIO_WritePin) for HAL_GPIO_WritePin
    main.o(i.HAL_UART_RxCpltCallback) refers to main.o(.data) for .data
    main.o(i.HAL_UART_RxCpltCallback) refers to usart.o(.bss) for huart1
    main.o(i.Mpu6050_Init) refers to _printf_percent.o(.ARM.Collect$$_printf_percent$$00000000) for _printf_percent
    main.o(i.Mpu6050_Init) refers to _printf_s.o(.ARM.Collect$$_printf_percent$$00000014) for _printf_s
    main.o(i.Mpu6050_Init) refers to _printf_str.o(.text) for _printf_str
    main.o(i.Mpu6050_Init) refers to mpu6050.o(i.MPU_Init) for MPU_Init
    main.o(i.Mpu6050_Init) refers to noretval__2printf.o(.text) for __2printf
    main.o(i.Mpu6050_Init) refers to stm32f1xx_hal_gpio.o(i.HAL_GPIO_WritePin) for HAL_GPIO_WritePin
    main.o(i.Mpu6050_Init) refers to stm32f1xx_hal.o(i.HAL_Delay) for HAL_Delay
    main.o(i.Mpu6050_Init) refers to inv_mpu.o(i.mpu_dmp_init) for mpu_dmp_init
    main.o(i.Problem1) refers to pid.o(i.CarStraight) for CarStraight
    main.o(i.Problem1) refers to car.o(i.car_stop) for car_stop
    main.o(i.Problem1) refers to stm32f1xx_hal.o(i.HAL_Delay) for HAL_Delay
    main.o(i.Problem1) refers to pid.o(i.CarLeft90) for CarLeft90
    main.o(i.Problem1) refers to car.o(i.motor_backward) for motor_backward
    main.o(i.Problem1) refers to pid.o(i.CarBack) for CarBack
    main.o(i.Problem1) refers to car.o(i.motor_forward) for motor_forward
    main.o(i.Problem1) refers to car.o(i.car_stright) for car_stright
    main.o(i.Problem1) refers to pid.o(i.CarRight90) for CarRight90
    main.o(i.Problem1) refers to main.o(.data) for .data
    main.o(i.SystemClock_Config) refers to rt_memclr_w.o(.text) for __aeabi_memclr4
    main.o(i.SystemClock_Config) refers to stm32f1xx_hal_rcc.o(i.HAL_RCC_OscConfig) for HAL_RCC_OscConfig
    main.o(i.SystemClock_Config) refers to stm32f1xx_hal_rcc.o(i.HAL_RCC_ClockConfig) for HAL_RCC_ClockConfig
    main.o(i.Test) refers to car.o(i.car_stright) for car_stright
    main.o(i.Test) refers to stm32f1xx_hal.o(i.HAL_Delay) for HAL_Delay
    main.o(i.Test) refers to car.o(i.car_stop) for car_stop
    main.o(i.Test) refers to pid.o(i.CarLeft90) for CarLeft90
[...]
    _printf_percent_end                      0x08000173   Thumb Code     0  _printf_percent_end.o(.ARM.Collect$$_printf_percent$$00000017)
    __rt_lib_init                            0x08000177   Thumb Code     0  libinit.o(.ARM.Collect$$libinit$$00000000)
    __rt_lib_init_fp_1                       0x08000179   Thumb Code     0  libinit2.o(.ARM.Collect$$libinit$$00000002)
    __rt_lib_init_heap_1                     0x08000179   Thumb Code     0  libinit2.o(.ARM.Collect$$libinit$$0000000A)
    __rt_lib_init_lc_common                  0x08000179   Thumb Code     0  libinit2.o(.ARM.Collect$$libinit$$0000000F)
    __rt_lib_init_preinit_1                  0x08000179   Thumb Code     0  libinit2.o(.ARM.Collect$$libinit$$00000004)
    __rt_lib_init_rand_1                     0x08000179   Thumb Code     0  libinit2.o(.ARM.Collect$$libinit$$0000000E)
    __rt_lib_init_user_alloc_1               0x08000179   Thumb Code     0  libinit2.o(.ARM.Collect$$libinit$$0000000C)
    __rt_lib_init_lc_collate_1               0x0800017f   Thumb Code     0  libinit2.o(.ARM.Collect$$libinit$$00000011)
    __rt_lib_init_lc_ctype_1                 0x0800017f   Thumb Code     0  libinit2.o(.ARM.Collect$$libinit$$00000013)
    __rt_lib_init_lc_monetary_1              0x0800017f   Thumb Code     0  libinit2.o(.ARM.Collect$$libinit$$00000015)
    __rt_lib_init_lc_numeric_2               0x0800017f   Thumb Code     0  libinit2.o(.ARM.Collect$$libinit$$00000016)
    __rt_lib_init_alloca_1                   0x08000189   Thumb Code     0  libinit2.o(.ARM.Collect$$libinit$$0000002E)
    __rt_lib_init_argv_1                     0x08000189   Thumb Code     0  libinit2.o(.ARM.Collect$$libinit$$0000002C)
    __rt_lib_init_atexit_1                   0x08000189   Thumb Code     0  libinit2.o(.ARM.Collect$$libinit$$0000001B)
    __rt_lib_init_clock_1                    0x08000189   Thumb Code     0  libinit2.o(.ARM.Collect$$libinit$$00000021)
    __rt_lib_init_cpp_1                      0x08000189   Thumb Code     0  libinit2.o(.ARM.Collect$$libinit$$00000032)
    __rt_lib_init_exceptions_1               0x08000189   Thumb Code     0  libinit2.o(.ARM.Collect$$libinit$$00000030)
    __rt_lib_init_fp_trap_1                  0x08000189   Thumb Code     0  libinit2.o(.ARM.Collect$$libinit$$0000001F)
    __rt_lib_init_getenv_1                   0x08000189   Thumb Code     0  libinit2.o(.ARM.Collect$$libinit$$00000023)
    __rt_lib_init_lc_numeric_1               0x08000189   Thumb Code     0  libinit2.o(.ARM.Collect$$libinit$$00000017)
    __rt_lib_init_lc_time_1                  0x08000189   Thumb Code     0  libinit2.o(.ARM.Collect$$libinit$$00000019)
    __rt_lib_init_return                     0x08000189   Thumb Code     0  libinit2.o(.ARM.Collect$$libinit$$00000033)
    __rt_lib_init_signal_1                   0x08000189   Thumb Code     0  libinit2.o(.ARM.Collect$$libinit$$0000001D)
    __rt_lib_init_stdio_1                    0x08000189   Thumb Code     0  libinit2.o(.ARM.Collect$$libinit$$00000025)
    __rt_lib_shutdown                        0x0800018b   Thumb Code     0  libshutdown.o(.ARM.Collect$$libshutdown$$00000000)
    __rt_lib_shutdown_fp_trap_1              0x0800018d   Thumb Code     0  libshutdown2.o(.ARM.Collect$$libshutdown$$00000006)
    __rt_lib_shutdown_heap_1                 0x0800018d   Thumb Code     0  libshutdown2.o(.ARM.Collect$$libshutdown$$0000000E)
    __rt_lib_shutdown_return                 0x0800018d   Thumb Code     0  libshutdown2.o(.ARM.Collect$$libshutdown$$0000000F)
    __rt_lib_shutdown_signal_1               0x0800018d   Thumb Code     0  libshutdown2.o(.ARM.Collect$$libshutdown$$00000009)
    __rt_lib_shutdown_stdio_1                0x0800018d   Thumb Code     0  libshutdown2.o(.ARM.Collect$$libshutdown$$00000003)
    __rt_lib_shutdown_user_alloc_1           0x0800018d   Thumb Code     0  libshutdown2.o(.ARM.Collect$$libshutdown$$0000000B)
    __rt_entry                               0x0800018f   Thumb Code     0  __rtentry.o(.ARM.Collect$$rtentry$$00000000)
    __rt_entry_presh_1                       0x0800018f   Thumb Code     0  __rtentry2.o(.ARM.Collect$$rtentry$$00000002)
    __rt_entry_sh                            0x0800018f   Thumb Code     0  __rtentry4.o(.ARM.Collect$$rtentry$$00000004)
    __rt_entry_li                            0x08000195   Thumb Code     0  __rtentry2.o(.ARM.Collect$$rtentry$$0000000A)
    __rt_entry_postsh_1                      0x08000195   Thumb Code     0  __rtentry2.o(.ARM.Collect$$rtentry$$00000009)
    __rt_entry_main                          0x08000199   Thumb Code     0  __rtentry2.o(.ARM.Collect$$rtentry$$0000000D)
    __rt_entry_postli_1                      0x08000199   Thumb Code     0  __rtentry2.o(.ARM.Collect$$rtentry$$0000000C)
    __rt_exit                                0x080001a1   Thumb Code     0  rtexit.o(.ARM.Collect$$rtexit$$00000000)
    __rt_exit_ls                             0x080001a3   Thumb Code     0  rtexit2.o(.ARM.Collect$$rtexit$$00000003)
    __rt_exit_prels_1                        0x080001a3   Thumb Code     0  rtexit2.o(.ARM.Collect$$rtexit$$00000002)
    __rt_exit_exit                           0x080001a7   Thumb Code     0  rtexit2.o(.ARM.Collect$$rtexit$$00000004)
    Reset_Handler                            0x080001ad   Thumb Code     8  startup_stm32f103xb.o(.text)
    ADC1_2_IRQHandler                        0x080001c7   Thumb Code     0  startup_stm32f103xb.o(.text)
    CAN1_RX1_IRQHandler                      0x080001c7   Thumb Code     0  startup_stm32f103xb.o(.text)
    CAN1_SCE_IRQHandler                      0x080001c7   Thumb Code     0  startup_stm32f103xb.o(.text)
    DMA1_Channel1_IRQHandler                 0x080001c7   Thumb Code     0  startup_stm32f103xb.o(.text)
    DMA1_Channel2_IRQHandler                 0x080001c7   Thumb Code     0  startup_stm32f103xb.o(.text)
    DMA1_Channel3_IRQHandler                 0x080001c7   Thumb Code     0  startup_stm32f103xb.o(.text)
    DMA1_Channel4_IRQHandler                 0x080001c7   Thumb Code     0  startup_stm32f103xb.o(.text)
    DMA1_Channel5_IRQHandler                 0x080001c7   Thumb Code     0  startup_stm32f103xb.o(.text)
    DMA1_Channel6_IRQHandler                 0x080001c7   Thumb Code     0  startup_stm32f103xb.o(.text)
    DMA1_Channel7_IRQHandler                 0x080001c7   Thumb Code     0  startup_stm32f103xb.o(.text)
    EXTI0_IRQHandler                         0x080001c7   Thumb Code     0  startup_stm32f103xb.o(.text)
    EXTI15_10_IRQHandler                     0x080001c7   Thumb Code     0  startup_stm32f103xb.o(.text)
    EXTI1_IRQHandler                         0x080001c7   Thumb Code     0  startup_stm32f103xb.o(.text)
    EXTI2_IRQHandler                         0x080001c7   Thumb Code     0  startup_stm32f103xb.o(.text)
    EXTI3_IRQHandler                         0x080001c7   Thumb Code     0  startup_stm32f103xb.o(.text)
    EXTI4_IRQHandler                         0x080001c7   Thumb Code     0  startup_stm32f103xb.o(.text)
    EXTI9_5_IRQHandler                       0x080001c7   Thumb Code     0  startup_stm32f103xb.o(.text)
    FLASH_IRQHandler                         0x080001c7   Thumb Code     0  startup_stm32f103xb.o(.text)
    I2C1_ER_IRQHandler                       0x080001c7   Thumb Code     0  startup_stm32f103xb.o(.text)
    I2C2_ER_IRQHandler                       0x080001c7   Thumb Code     0  startup_stm32f103xb.o(.text)
    I2C2_EV_IRQHandler                       0x080001c7   Thumb Code     0  startup_stm32f103xb.o(.text)
    PVD_IRQHandler                           0x080001c7   Thumb Code     0  startup_stm32f103xb.o(.text)
    RTC_Alarm_IRQHandler                     0x080001c7   Thumb Code     0  startup_stm32f103xb.o(.text)
    RTC_IRQHandler                           0x080001c7   Thumb Code     0  startup_stm32f103xb.o(.text)
    SPI1_IRQHandler                          0x080001c7   Thumb Code     0  startup_stm32f103xb.o(.text)
    SPI2_IRQHandler                          0x080001c7   Thumb Code     0  startup_stm32f103xb.o(.text)
    TAMPER_IRQHandler                        0x080001c7   Thumb Code     0  startup_stm32f103xb.o(.text)
    TIM1_BRK_IRQHandler                      0x080001c7   Thumb Code     0  startup_stm32f103xb.o(.text)
    TIM1_CC_IRQHandler                       0x080001c7   Thumb Code     0  startup_stm32f103xb.o(.text)
    TIM1_TRG_COM_IRQHandler                  0x080001c7   Thumb Code     0  startup_stm32f103xb.o(.text)
    TIM1_UP_IRQHandler                       0x080001c7   Thumb Code     0  startup_stm32f103xb.o(.text)
    TIM4_IRQHandler                          0x080001c7   Thumb Code     0  startup_stm32f103xb.o(.text)
    USBWakeUp_IRQHandler                     0x080001c7   Thumb Code     0  startup_stm32f103xb.o(.text)
    USB_HP_CAN1_TX_IRQHandler                0x080001c7   Thumb Code     0  startup_stm32f103xb.o(.text)
    USB_LP_CAN1_RX0_IRQHandler               0x080001c7   Thumb Code     0  startup_stm32f103xb.o(.text)
    WWDG_IRQHandler                          0x080001c7   Thumb Code     0  startup_stm32f103xb.o(.text)
    __user_initial_stackheap                 0x080001c9   Thumb Code     0  startup_stm32f103xb.o(.text)
    __use_no_semihosting                     0x080001ed   Thumb Code     2  use_no_semi_2.o(.text)
    __aeabi_ldivmod                          0x080001ef   Thumb Code     0  llsdiv.o(.text)
    _ll_sdiv                                 0x080001ef   Thumb Code    72  llsdiv.o(.text)
    __2printf                                0x08000239   Thumb Code    20  noretval__2printf.o(.text)
    _printf_str                              0x08000251   Thumb Code    82  _printf_str.o(.text)
    _printf_int_dec                          0x080002a5   Thumb Code   104  _printf_dec.o(.text)
    __printf                                 0x0800031d   Thumb Code   308  __printf_flags_wp.o(.text)
    memcmp                                   0x08000455   Thumb Code    88  memcmp.o(.text)
    __aeabi_memset                           0x080004ad   Thumb Code    16  aeabi_memset.o(.text)
    __aeabi_memclr4                          0x080004bd   Thumb Code     0  rt_memclr_w.o(.text)
    __aeabi_memclr8                          0x080004bd   Thumb Code     0  rt_memclr_w.o(.text)
    __rt_memclr_w                            0x080004bd   Thumb Code    78  rt_memclr_w.o(.text)
    _memset_w                                0x080004c1   Thumb Code     0  rt_memclr_w.o(.text)
    __use_two_region_memory                  0x0800050b   Thumb Code     2  heapauxi.o(.text)
    __rt_heap_escrow$2region                 0x0800050d   Thumb Code     2  heapauxi.o(.text)
    __rt_heap_expand$2region                 0x0800050f   Thumb Code     2  heapauxi.o(.text)
    __I$use$semihosting                      0x08000511   Thumb Code     0  use_no_semi.o(.text)
    __use_no_semihosting_swi                 0x08000511   Thumb Code     2  use_no_semi.o(.text)
    __aeabi_uldivmod                         0x08000513   Thumb Code     0  lludivv7m.o(.text)
    _ll_udiv                                 0x08000513   Thumb Code   238  lludivv7m.o(.text)
    __read_errno                             0x08000601   Thumb Code    10  _rserrno.o(.text)
    __set_errno                              0x0800060b   Thumb Code    12  _rserrno.o(.text)
    _printf_int_common                       0x08000617   Thumb Code   178  _printf_intcommon.o(.text)
    __lib_sel_fp_printf                      0x080006c9   Thumb Code     2  _printf_fp_dec.o(.text)
    _printf_fp_dec_real                      0x08000877   Thumb Code   620  _printf_fp_dec.o(.text)
    _printf_cs_common                        0x08000ae3   Thumb Code    20  _printf_char.o(.text)
    _printf_char                             0x08000af7   Thumb Code    16  _printf_char.o(.text)
    _printf_string                           0x08000b07   Thumb Code     8  _printf_char.o(.text)
    _printf_char_file                        0x08000b11   Thumb Code    32  _printf_char_file.o(.text)
    __aeabi_memclr                           0x08000b35   Thumb Code     0  rt_memclr.o(.text)
    __rt_memclr                              0x08000b35   Thumb Code    68  rt_memclr.o(.text)
    _memset                                  0x08000b39   Thumb Code     0  rt_memclr.o(.text)
    __rt_locale                              0x08000b79   Thumb Code     8  rt_locale_intlibspace.o(.text)
    __aeabi_errno_addr                       0x08000b81   Thumb Code     8  rt_errno_addr_intlibspace.o(.text)
    __errno$intlibspace                      0x08000b81   Thumb Code     0  rt_errno_addr_intlibspace.o(.text)
    __rt_errno_addr$intlibspace              0x08000b81   Thumb Code     0  rt_errno_addr_intlibspace.o(.text)
    _ll_udiv10                               0x08000b89   Thumb Code   138  lludiv10.o(.text)
    _printf_char_common                      0x08000c1f   Thumb Code    32  _printf_char_common.o(.text)
    _printf_fp_infnan                        0x08000c45   Thumb Code   112  _printf_fp_infnan.o(.text)
    _btod_etento                             0x08000cc5   Thumb Code   216  bigflt0.o(.text)
    ferror                                   0x08000da1   Thumb Code     8  ferror.o(.text)
    __user_libspace                          0x08000da9   Thumb Code     8  libspace.o(.text)
    __user_perproc_libspace                  0x08000da9   Thumb Code     0  libspace.o(.text)
    __user_perthread_libspace                0x08000da9   Thumb Code     0  libspace.o(.text)
    __user_setup_stackheap                   0x08000db1   Thumb Code    74  sys_stackheap_outer.o(.text)
    exit                                     0x08000dfb   Thumb Code    12  exit.o(.text)
    strcmp                                   0x08000e09   Thumb Code   128  strcmpv7m.o(.text)
    _btod_d2e                                0x08000e89   Thumb Code    62  btod.o(CL$$btod_d2e)
    _d2e_denorm_low                          0x08000ec7   Thumb Code    70  btod.o(CL$$btod_d2e_denorm_low)
    _d2e_norm_op1                            0x08000f0d   Thumb Code    96  btod.o(CL$$btod_d2e_norm_op1)
    __btod_div_common                        0x08000f6d   Thumb Code   696  btod.o(CL$$btod_div_common)
    _e2e                                     0x080012a5   Thumb Code   198  btod.o(CL$$btod_e2e)
    _btod_ediv                               0x0800136b   Thumb Code    40  btod.o(CL$$btod_ediv)
    _btod_emul                               0x08001393   Thumb Code    40  btod.o(CL$$btod_emul)
    __btod_mult_common                       0x080013bb   Thumb Code   580  btod.o(CL$$btod_mult_common)
    BusFault_Handler                         0x080015ff   Thumb Code     2  stm32f1xx_it.o(i.BusFault_Handler)
    CarBack                                  0x08001601   Thumb Code   240  pid.o(i.CarBack)
    CarLeft90                                0x08001735   Thumb Code   188  pid.o(i.CarLeft90)
    CarRight90                               0x08001841   Thumb Code   190  pid.o(i.CarRight90)
    CarStraight                              0x08001951   Thumb Code   254  pid.o(i.CarStraight)
    DebugMon_Handler                         0x08001a91   Thumb Code     2  stm32f1xx_it.o(i.DebugMon_Handler)
    Error_Handler                            0x08001a93   Thumb Code     4  main.o(i.Error_Handler)
    HAL_DMA_Abort                            0x08001a97   Thumb Code    70  stm32f1xx_hal_dma.o(i.HAL_DMA_Abort)
    HAL_DMA_Abort_IT                         0x08001add   Thumb Code   148  stm32f1xx_hal_dma.o(i.HAL_DMA_Abort_IT)
    HAL_DMA_GetState                         0x08001b75   Thumb Code     6  stm32f1xx_hal_dma.o(i.HAL_DMA_GetState)
    HAL_Delay                                0x08001b7d   Thumb Code    32  stm32f1xx_hal.o(i.HAL_Delay)
    HAL_GPIO_Init                            0x08001ba1   Thumb Code   446  stm32f1xx_hal_gpio.o(i.HAL_GPIO_Init)
    HAL_GPIO_WritePin                        0x08001d81   Thumb Code    10  stm32f1xx_hal_gpio.o(i.HAL_GPIO_WritePin)
    HAL_GetTick                              0x08001d8d   Thumb Code     6  stm32f1xx_hal.o(i.HAL_GetTick)
    HAL_I2C_AbortCpltCallback                0x08001d99   Thumb Code     2  stm32f1xx_hal_i2c.o(i.HAL_I2C_AbortCpltCallback)
    HAL_I2C_AddrCallback                     0x08001d9b   Thumb Code     2  stm32f1xx_hal_i2c.o(i.HAL_I2C_AddrCallback)
    HAL_I2C_EV_IRQHandler                    0x08001d9d   Thumb Code   560  stm32f1xx_hal_i2c.o(i.HAL_I2C_EV_IRQHandler)
    HAL_I2C_ErrorCallback                    0x08001fcd   Thumb Code     2  stm32f1xx_hal_i2c.o(i.HAL_I2C_ErrorCallback)
    HAL_I2C_Init                             0x08001fd1   Thumb Code   376  stm32f1xx_hal_i2c.o(i.HAL_I2C_Init)
    HAL_I2C_ListenCpltCallback               0x08002159   Thumb Code     2  stm32f1xx_hal_i2c.o(i.HAL_I2C_ListenCpltCallback)
    HAL_I2C_MasterRxCpltCallback             0x0800215b   Thumb Code     2  stm32f1xx_hal_i2c.o(i.HAL_I2C_MasterRxCpltCallback)
    HAL_I2C_MasterTxCpltCallback             0x0800215d   Thumb Code     2  stm32f1xx_hal_i2c.o(i.HAL_I2C_MasterTxCpltCallback)
    HAL_I2C_MemRxCpltCallback                0x0800215f   Thumb Code     2  stm32f1xx_hal_i2c.o(i.HAL_I2C_MemRxCpltCallback)
    HAL_I2C_MemTxCpltCallback                0x08002161   Thumb Code     2  stm32f1xx_hal_i2c.o(i.HAL_I2C_MemTxCpltCallback)
    HAL_I2C_Mem_Read                         0x08002165   Thumb Code   574  stm32f1xx_hal_i2c.o(i.HAL_I2C_Mem_Read)
    HAL_I2C_Mem_Write                        0x080023b5   Thumb Code   294  stm32f1xx_hal_i2c.o(i.HAL_I2C_Mem_Write)
    HAL_I2C_MspInit                          0x080024e5   Thumb Code   112  i2c.o(i.HAL_I2C_MspInit)
    HAL_I2C_SlaveRxCpltCallback              0x08002565   Thumb Code     2  stm32f1xx_hal_i2c.o(i.HAL_I2C_SlaveRxCpltCallback)
    HAL_I2C_SlaveTxCpltCallback              0x08002567   Thumb Code     2  stm32f1xx_hal_i2c.o(i.HAL_I2C_SlaveTxCpltCallback)
    HAL_IncTick                              0x08002569   Thumb Code    12  stm32f1xx_hal.o(i.HAL_IncTick)
    HAL_Init                                 0x08002579   Thumb Code    32  stm32f1xx_hal.o(i.HAL_Init)
    HAL_InitTick                             0x0800259d   Thumb Code    54  stm32f1xx_hal.o(i.HAL_InitTick)
    HAL_MspInit                              0x080025dd   Thumb Code    56  stm32f1xx_hal_msp.o(i.HAL_MspInit)
    HAL_NVIC_EnableIRQ                       0x08002619   Thumb Code    26  stm32f1xx_hal_cortex.o(i.HAL_NVIC_EnableIRQ)
    HAL_NVIC_SetPriority                     0x08002635   Thumb Code    60  stm32f1xx_hal_cortex.o(i.HAL_NVIC_SetPriority)
    HAL_NVIC_SetPriorityGrouping             0x08002675   Thumb Code    26  stm32f1xx_hal_cortex.o(i.HAL_NVIC_SetPriorityGrouping)
    HAL_RCC_ClockConfig                      0x08002699   Thumb Code   280  stm32f1xx_hal_rcc.o(i.HAL_RCC_ClockConfig)
    HAL_RCC_GetPCLK1Freq                     0x080027c5   Thumb Code    20  stm32f1xx_hal_rcc.o(i.HAL_RCC_GetPCLK1Freq)
    HAL_RCC_GetPCLK2Freq                     0x080027e5   Thumb Code    20  stm32f1xx_hal_rcc.o(i.HAL_RCC_GetPCLK2Freq)
    HAL_RCC_GetSysClockFreq                  0x08002805   Thumb Code    74  stm32f1xx_hal_rcc.o(i.HAL_RCC_GetSysClockFreq)
    HAL_RCC_OscConfig                        0x08002871   Thumb Code   778  stm32f1xx_hal_rcc.o(i.HAL_RCC_OscConfig)
    HAL_SYSTICK_Config                       0x08002b91   Thumb Code    40  stm32f1xx_hal_cortex.o(i.HAL_SYSTICK_Config)
    HAL_TIMEx_BreakCallback                  0x08002bb9   Thumb Code     2  stm32f1xx_hal_tim_ex.o(i.HAL_TIMEx_BreakCallback)
    HAL_TIMEx_CommutCallback                 0x08002bbb   Thumb Code     2  stm32f1xx_hal_tim_ex.o(i.HAL_TIMEx_CommutCallback)
    HAL_TIMEx_MasterConfigSynchronization    0x08002bbd   Thumb Code    92  stm32f1xx_hal_tim_ex.o(i.HAL_TIMEx_MasterConfigSynchronization)
    HAL_TIM_Base_Init                        0x08002c25   Thumb Code    90  stm32f1xx_hal_tim.o(i.HAL_TIM_Base_Init)
    HAL_TIM_Base_MspInit                     0x08002c81   Thumb Code    86  tim.o(i.HAL_TIM_Base_MspInit)
    HAL_TIM_Base_Start                       0x08002ce1   Thumb Code    66  stm32f1xx_hal_tim.o(i.HAL_TIM_Base_Start)
    HAL_TIM_ConfigClockSource                0x08002d31   Thumb Code   214  stm32f1xx_hal_tim.o(i.HAL_TIM_ConfigClockSource)
    HAL_TIM_IC_CaptureCallback               0x08002e07   Thumb Code     2  stm32f1xx_hal_tim.o(i.HAL_TIM_IC_CaptureCallback)
    HAL_TIM_IRQHandler                       0x08002e09   Thumb Code   358  stm32f1xx_hal_tim.o(i.HAL_TIM_IRQHandler)
    HAL_TIM_MspPostInit                      0x08002f71   Thumb Code    96  tim.o(i.HAL_TIM_MspPostInit)
    HAL_TIM_OC_DelayElapsedCallback          0x08002fe1   Thumb Code     2  stm32f1xx_hal_tim.o(i.HAL_TIM_OC_DelayElapsedCallback)
    HAL_TIM_PWM_ConfigChannel                0x08002fe3   Thumb Code   198  stm32f1xx_hal_tim.o(i.HAL_TIM_PWM_ConfigChannel)
    HAL_TIM_PWM_Init                         0x080030a9   Thumb Code    90  stm32f1xx_hal_tim.o(i.HAL_TIM_PWM_Init)
    HAL_TIM_PWM_MspInit                      0x08003103   Thumb Code     2  stm32f1xx_hal_tim.o(i.HAL_TIM_PWM_MspInit)
    HAL_TIM_PWM_PulseFinishedCallback        0x08003105   Thumb Code     2  stm32f1xx_hal_tim.o(i.HAL_TIM_PWM_PulseFinishedCallback)
    HAL_TIM_PWM_Start                        0x08003109   Thumb Code   144  stm32f1xx_hal_tim.o(i.HAL_TIM_PWM_Start)
    HAL_TIM_PeriodElapsedCallback            0x080031a5   Thumb Code     2  stm32f1xx_hal_tim.o(i.HAL_TIM_PeriodElapsedCallback)
    HAL_TIM_TriggerCallback                  0x080031a7   Thumb Code     2  stm32f1xx_hal_tim.o(i.HAL_TIM_TriggerCallback)
    HAL_UARTEx_RxEventCallback               0x080031a9   Thumb Code     2  stm32f1xx_hal_uart.o(i.HAL_UARTEx_RxEventCallback)
    HAL_UART_ErrorCallback                   0x080031ab   Thumb Code     2  stm32f1xx_hal_uart.o(i.HAL_UART_ErrorCallback)
    HAL_UART_IRQHandler                      0x080031ad   Thumb Code   520  stm32f1xx_hal_uart.o(i.HAL_UART_IRQHandler)
    HAL_UART_Init                            0x080033b9   Thumb Code    98  stm32f1xx_hal_uart.o(i.HAL_UART_Init)
    HAL_UART_MspInit                         0x0800341d   Thumb Code   284  usart.o(i.HAL_UART_MspInit)
    HAL_UART_Receive_IT                      0x08003551   Thumb Code    42  stm32f1xx_hal_uart.o(i.HAL_UART_Receive_IT)
    HAL_UART_RxCpltCallback                  0x0800357d   Thumb Code   134  main.o(i.HAL_UART_RxCpltCallback)
    HAL_UART_TxCpltCallback                  0x08003625   Thumb Code     2  stm32f1xx_hal_uart.o(i.HAL_UART_TxCpltCallback)
    HardFault_Handler                        0x08003627   Thumb Code     2  stm32f1xx_it.o(i.HardFault_Handler)
    I2C1_EV_IRQHandler                       0x08003629   Thumb Code     6  stm32f1xx_it.o(i.I2C1_EV_IRQHandler)
    MPU_Init                                 0x08004335   Thumb Code   114  mpu6050.o(i.MPU_Init)
    MPU_Read_Byte                            0x080043a9   Thumb Code    38  mpu6050.o(i.MPU_Read_Byte)
    MPU_Read_Len                             0x080043d5   Thumb Code    32  mpu6050.o(i.MPU_Read_Len)
    MPU_Set_Accel_Fsr                        0x080043f9   Thumb Code    10  mpu6050.o(i.MPU_Set_Accel_Fsr)
    MPU_Set_Gyro_Fsr                         0x08004403   Thumb Code    10  mpu6050.o(i.MPU_Set_Gyro_Fsr)
    MPU_Set_LPF                              0x0800440d   Thumb Code    48  mpu6050.o(i.MPU_Set_LPF)
    MPU_Set_Rate                             0x0800443d   Thumb Code    46  mpu6050.o(i.MPU_Set_Rate)
    MPU_Write_Byte                           0x0800446d   Thumb Code    36  mpu6050.o(i.MPU_Write_Byte)
    MPU_Write_Len                            0x08004495   Thumb Code    32  mpu6050.o(i.MPU_Write_Len)
    MX_GPIO_Init                             0x080044b9   Thumb Code   156  gpio.o(i.MX_GPIO_Init)
    MX_I2C1_Init                             0x08004561   Thumb Code    50  i2c.o(i.MX_I2C1_Init)
    MX_TIM2_Init                             0x080045a1   Thumb Code   160  tim.o(i.MX_TIM2_Init)
    MX_TIM3_Init                             0x08004645   Thumb Code   164  tim.o(i.MX_TIM3_Init)
    MX_USART1_UART_Init                      0x080046f1   Thumb Code    48  usart.o(i.MX_USART1_UART_Init)
    MX_USART2_UART_Init                      0x08004729   Thumb Code    48  usart.o(i.MX_USART2_UART_Init)
    MX_USART3_UART_Init                      0x08004761   Thumb Code    48  usart.o(i.MX_USART3_UART_Init)
    MemManage_Handler                        0x08004799   Thumb Code     2  stm32f1xx_it.o(i.MemManage_Handler)
    Mpu6050_Init                             0x0800479d   Thumb Code    98  main.o(i.Mpu6050_Init)
    NMI_Handler                              0x08004841   Thumb Code     2  stm32f1xx_it.o(i.NMI_Handler)
    PendSV_Handler                           0x08004843   Thumb Code     2  stm32f1xx_it.o(i.PendSV_Handler)
    Problem1                                 0x08004845   Thumb Code   168  main.o(i.Problem1)
    RCC_IRQHandler                           0x080048f1   Thumb Code     2  stm32f1xx_it.o(i.RCC_IRQHandler)
    SVC_Handler                              0x080048f3   Thumb Code     2  stm32f1xx_it.o(i.SVC_Handler)
    SysTick_Handler                          0x080048f5   Thumb Code     4  stm32f1xx_it.o(i.SysTick_Handler)
    SystemClock_Config                       0x080048f9   Thumb Code    92  main.o(i.SystemClock_Config)
    SystemInit                               0x08004955   Thumb Code     2  system_stm32f1xx.o(i.SystemInit)
    TIM2_IRQHandler                          0x08004959   Thumb Code     6  stm32f1xx_it.o(i.TIM2_IRQHandler)
    TIM3_IRQHandler                          0x08004965   Thumb Code     6  stm32f1xx_it.o(i.TIM3_IRQHandler)
    TIM_Base_SetConfig                       0x08004971   Thumb Code    94  stm32f1xx_hal_tim.o(i.TIM_Base_SetConfig)
    TIM_CCxChannelCmd                        0x080049dd   Thumb Code    26  stm32f1xx_hal_tim.o(i.TIM_CCxChannelCmd)
    TIM_ETR_SetConfig                        0x080049f7   Thumb Code    20  stm32f1xx_hal_tim.o(i.TIM_ETR_SetConfig)
    TIM_OC2_SetConfig                        0x08004a6d   Thumb Code    84  stm32f1xx_hal_tim.o(i.TIM_OC2_SetConfig)
    UART_Start_Receive_IT                    0x08004d55   Thumb Code    54  stm32f1xx_hal_uart.o(i.UART_Start_Receive_IT)
    USART1_IRQHandler                        0x08004d8d   Thumb Code     6  stm32f1xx_it.o(i.USART1_IRQHandler)
    USART2_IRQHandler                        0x08004d99   Thumb Code     6  stm32f1xx_it.o(i.USART2_IRQHandler)
    USART3_IRQHandler                        0x08004da5   Thumb Code     6  stm32f1xx_it.o(i.USART3_IRQHandler)
    UsageFault_Handler                       0x08004db1   Thumb Code     2  stm32f1xx_it.o(i.UsageFault_Handler)
    __ARM_fpclassify                         0x08004db3   Thumb Code    40  fpclassify.o(i.__ARM_fpclassify)
    __kernel_poly                            0x08004dfb   Thumb Code   170  poly.o(i.__kernel_poly)
    __mathlib_dbl_infnan                     0x08004ea5   Thumb Code     6  dunder.o(i.__mathlib_dbl_infnan)
    __mathlib_dbl_infnan2                    0x08004eab   Thumb Code     4  dunder.o(i.__mathlib_dbl_infnan2)
    __mathlib_dbl_invalid                    0x08004eaf   Thumb Code    12  dunder.o(i.__mathlib_dbl_invalid)
    __mathlib_dbl_underflow                  0x08004ebd   Thumb Code    10  dunder.o(i.__mathlib_dbl_underflow)
    _is_digit                                0x08004ecd   Thumb Code    14  __printf_wp.o(i._is_digit)
    _sys_exit                                0x08004edb   Thumb Code     2  usart.o(i._sys_exit)
    asin                                     0x08004f5d   Thumb Code   572  asin.o(i.asin)
    atan                                     0x080051cd   Thumb Code   474  atan.o(i.atan)
    atan2                                    0x080053ed   Thumb Code   346  atan2.o(i.atan2)
    car_left                                 0x0800556d   Thumb Code    10  car.o(i.car_left)
    car_right                                0x08005577   Thumb Code    10  car.o(i.car_right)
    car_stop                                 0x08005581   Thumb Code    24  car.o(i.car_stop)
    car_stright                              0x0800559d   Thumb Code    10  car.o(i.car_stright)
    dmp_enable_6x_lp_quat                    0x080055a7   Thumb Code    58  inv_mpu_dmp_motion_driver.o(i.dmp_enable_6x_lp_quat)
    dmp_enable_feature                       0x080055e1   Thumb Code   464  inv_mpu_dmp_motion_driver.o(i.dmp_enable_feature)
    dmp_enable_gyro_cal                      0x080057b9   Thumb Code    34  inv_mpu_dmp_motion_driver.o(i.dmp_enable_gyro_cal)
    dmp_enable_lp_quat                       0x080057f5   Thumb Code    58  inv_mpu_dmp_motion_driver.o(i.dmp_enable_lp_quat)
    dmp_load_motion_driver_firmware          0x08005831   Thumb Code    16  inv_mpu_dmp_motion_driver.o(i.dmp_load_motion_driver_firmware)
    dmp_read_fifo                            0x08005845   Thumb Code   320  inv_mpu_dmp_motion_driver.o(i.dmp_read_fifo)
    dmp_set_accel_bias                       0x08005989   Thumb Code   210  inv_mpu_dmp_motion_driver.o(i.dmp_set_accel_bias)
    dmp_set_fifo_rate                        0x08005a61   Thumb Code    82  inv_mpu_dmp_motion_driver.o(i.dmp_set_fifo_rate)
    dmp_set_gyro_bias                        0x08005ac5   Thumb Code   196  inv_mpu_dmp_motion_driver.o(i.dmp_set_gyro_bias)
    dmp_set_orientation                      0x08005b91   Thumb Code   246  inv_mpu_dmp_motion_driver.o(i.dmp_set_orientation)
    dmp_set_shake_reject_thresh              0x08005c9d   Thumb Code    48  inv_mpu_dmp_motion_driver.o(i.dmp_set_shake_reject_thresh)
    dmp_set_shake_reject_time                0x08005ccd   Thumb Code    32  inv_mpu_dmp_motion_driver.o(i.dmp_set_shake_reject_time)
    dmp_set_shake_reject_timeout             0x08005ced   Thumb Code    32  inv_mpu_dmp_motion_driver.o(i.dmp_set_shake_reject_timeout)
    dmp_set_tap_axes                         0x08005d0d   Thumb Code    64  inv_mpu_dmp_motion_driver.o(i.dmp_set_tap_axes)
    dmp_set_tap_count                        0x08005d4d   Thumb Code    34  inv_mpu_dmp_motion_driver.o(i.dmp_set_tap_count)
    dmp_set_tap_thresh                       0x08005d71   Thumb Code   274  inv_mpu_dmp_motion_driver.o(i.dmp_set_tap_thresh)
    dmp_set_tap_time                         0x08005e99   Thumb Code    32  inv_mpu_dmp_motion_driver.o(i.dmp_set_tap_time)
    dmp_set_tap_time_multi                   0x08005eb9   Thumb Code    32  inv_mpu_dmp_motion_driver.o(i.dmp_set_tap_time_multi)
    fputc                                    0x08005ed9   Thumb Code    18  usart.o(i.fputc)
    get_yaw                                  0x080062b1   Thumb Code    24  mpu6050.o(i.get_yaw)
    inv_orientation_matrix_to_scalar         0x080063a1   Thumb Code    34  inv_mpu.o(i.inv_orientation_matrix_to_scalar)
    inv_row_2_scale                          0x080063c3   Thumb Code    72  inv_mpu.o(i.inv_row_2_scale)
    main                                     0x0800640d   Thumb Code   186  main.o(i.main)
    mget_ms                                  0x080064e1   Thumb Code     2  inv_mpu.o(i.mget_ms)
    motor_backward                           0x080064e5   Thumb Code    28  car.o(i.motor_backward)
    motor_forward                            0x08006505   Thumb Code    28  car.o(i.motor_forward)
    motor_turn_left                          0x08006525   Thumb Code    28  car.o(i.motor_turn_left)
    motor_turn_right                         0x08006545   Thumb Code    28  car.o(i.motor_turn_right)
    mpu_configure_fifo                       0x08006565   Thumb Code    78  inv_mpu.o(i.mpu_configure_fifo)
    mpu_dmp_get_data                         0x080065b9   Thumb Code   408  inv_mpu.o(i.mpu_dmp_get_data)
    mpu_dmp_init                             0x08006755   Thumb Code   168  inv_mpu.o(i.mpu_dmp_init)
    mpu_get_accel_fsr                        0x08006805   Thumb Code    54  inv_mpu.o(i.mpu_get_accel_fsr)
    mpu_get_accel_sens                       0x08006841   Thumb Code    62  inv_mpu.o(i.mpu_get_accel_sens)
    mpu_get_gyro_fsr                         0x08006885   Thumb Code    48  inv_mpu.o(i.mpu_get_gyro_fsr)
    mpu_get_gyro_sens                        0x080068b9   Thumb Code    44  inv_mpu.o(i.mpu_get_gyro_sens)
    mpu_get_lpf                              0x080068f9   Thumb Code    52  inv_mpu.o(i.mpu_get_lpf)
    mpu_get_sample_rate                      0x08006931   Thumb Code    22  inv_mpu.o(i.mpu_get_sample_rate)
    mpu_init                                 0x0800694d   Thumb Code   310  inv_mpu.o(i.mpu_init)
    mpu_load_firmware                        0x08006ad5   Thumb Code   154  inv_mpu.o(i.mpu_load_firmware)
    mpu_lp_accel_mode                        0x08006b75   Thumb Code   178  inv_mpu.o(i.mpu_lp_accel_mode)
    mpu_read_fifo_stream                     0x08006c2d   Thumb Code   140  inv_mpu.o(i.mpu_read_fifo_stream)
    mpu_read_mem                             0x08006cbd   Thumb Code    80  inv_mpu.o(i.mpu_read_mem)
    mpu_reset_fifo                           0x08006d11   Thumb Code   346  inv_mpu.o(i.mpu_reset_fifo)
    mpu_run_self_test                        0x08006e71   Thumb Code   234  inv_mpu.o(i.mpu_run_self_test)
    mpu_set_accel_fsr                        0x08006f61   Thumb Code    98  inv_mpu.o(i.mpu_set_accel_fsr)
    mpu_set_bypass                           0x08006fc9   Thumb Code   214  inv_mpu.o(i.mpu_set_bypass)
    mpu_set_dmp_state                        0x080070a5   Thumb Code   114  inv_mpu.o(i.mpu_set_dmp_state)
    mpu_set_gyro_fsr                         0x0800711d   Thumb Code   104  inv_mpu.o(i.mpu_set_gyro_fsr)
    mpu_set_int_latched                      0x08007189   Thumb Code    94  inv_mpu.o(i.mpu_set_int_latched)
    mpu_set_lpf                              0x080071ed   Thumb Code   102  inv_mpu.o(i.mpu_set_lpf)
    mpu_set_sample_rate                      0x08007259   Thumb Code   124  inv_mpu.o(i.mpu_set_sample_rate)
    mpu_set_sensors                          0x080072d9   Thumb Code   178  inv_mpu.o(i.mpu_set_sensors)
    mpu_write_mem                            0x08007391   Thumb Code    80  inv_mpu.o(i.mpu_write_mem)
    run_self_test                            0x080073e5   Thumb Code   128  inv_mpu.o(i.run_self_test)
    sqrt                                     0x080074bd   Thumb Code    76  sqrt.o(i.sqrt)
    _get_lc_numeric                          0x08007509   Thumb Code    44  lc_numeric_c.o(locale$$code)
    __aeabi_d2f                              0x08007535   Thumb Code     0  d2f.o(x$fpl$d2f)
    _d2f                                     0x08007535   Thumb Code    98  d2f.o(x$fpl$d2f)
    __aeabi_dadd                             0x08007599   Thumb Code     0  daddsub_clz.o(x$fpl$dadd)
    _dadd                                    0x08007599   Thumb Code   332  daddsub_clz.o(x$fpl$dadd)
    __fpl_dcheck_NaN1                        0x080076e9   Thumb Code    10  dcheck1.o(x$fpl$dcheck1)
    __aeabi_ddiv                             0x080076f9   Thumb Code     0  ddiv.o(x$fpl$ddiv)
    _ddiv                                    0x080076f9   Thumb Code   552  ddiv.o(x$fpl$ddiv)
    __aeabi_dmul                             0x080079a9   Thumb Code     0  dmul.o(x$fpl$dmul)
    _dmul                                    0x080079a9   Thumb Code   332  dmul.o(x$fpl$dmul)
    __fpl_dnaninf                            0x08007afd   Thumb Code   156  dnaninf.o(x$fpl$dnaninf)
    __fpl_dretinf                            0x08007b99   Thumb Code    12  dretinf.o(x$fpl$dretinf)
    __aeabi_drsub                            0x08007ba5   Thumb Code     0  daddsub_clz.o(x$fpl$drsb)
    _drsb                                    0x08007ba5   Thumb Code    22  daddsub_clz.o(x$fpl$drsb)
    _dsqrt                                   0x08007bbd   Thumb Code   456  dsqrt_noumaal.o(x$fpl$dsqrt)
    __aeabi_dsub                             0x08007d89   Thumb Code     0  daddsub_clz.o(x$fpl$dsub)
    _dsub                                    0x08007d89   Thumb Code   464  daddsub_clz.o(x$fpl$dsub)
    __aeabi_f2d                              0x08007f5d   Thumb Code     0  f2d.o(x$fpl$f2d)
    _f2d                                     0x08007f5d   Thumb Code    86  f2d.o(x$fpl$f2d)
    __aeabi_fadd                             0x08007fb5   Thumb Code     0  faddsub_clz.o(x$fpl$fadd)
    _fadd                                    0x08007fb5   Thumb Code   196  faddsub_clz.o(x$fpl$fadd)
    __fpl_fcheck_NaN1                        0x08008079   Thumb Code     6  fcheck1.o(x$fpl$fcheck1)
    __aeabi_fdiv                             0x08008085   Thumb Code     0  fdiv.o(x$fpl$fdiv)
    _fdiv                                    0x08008085   Thumb Code   384  fdiv.o(x$fpl$fdiv)
    __aeabi_f2iz                             0x08008209   Thumb Code     0  ffix.o(x$fpl$ffix)
    _ffix                                    0x08008209   Thumb Code    54  ffix.o(x$fpl$ffix)
    __aeabi_f2uiz                            0x08008241   Thumb Code     0  ffixu.o(x$fpl$ffixu)
    _ffixu                                   0x08008241   Thumb Code    62  ffixu.o(x$fpl$ffixu)
    __aeabi_i2f                              0x08008281   Thumb Code     0  fflt_clz.o(x$fpl$fflt)
    _fflt                                    0x08008281   Thumb Code    48  fflt_clz.o(x$fpl$fflt)
    __aeabi_ui2f                             0x080082b1   Thumb Code     0  fflt_clz.o(x$fpl$ffltu)
    _ffltu                                   0x080082b1   Thumb Code    38  fflt_clz.o(x$fpl$ffltu)
    __aeabi_fmul                             0x080082d9   Thumb Code     0  fmul.o(x$fpl$fmul)
    _fmul                                    0x080082d9   Thumb Code   258  fmul.o(x$fpl$fmul)
    __fpl_fnaninf                            0x080083db   Thumb Code   140  fnaninf.o(x$fpl$fnaninf)
    __fpl_fretinf                            0x08008467   Thumb Code    10  fretinf.o(x$fpl$fretinf)
    __aeabi_fsub                             0x08008471   Thumb Code     0  faddsub_clz.o(x$fpl$fsub)
    _fsub                                    0x08008471   Thumb Code   234  faddsub_clz.o(x$fpl$fsub)
    _printf_fp_dec                           0x0800855b   Thumb Code     4  printf1.o(x$fpl$printf1)
    __fpl_return_NaN                         0x0800855f   Thumb Code   100  retnan.o(x$fpl$retnan)
    __ARM_scalbn                             0x080085c3   Thumb Code    92  scalbn.o(x$fpl$scalbn)
    __ARM_scalbnf                            0x0800861f   Thumb Code    76  scalbnf.o(x$fpl$scalbnf)
    __fpl_cmpreturn                          0x0800866b   Thumb Code    48  trapv.o(x$fpl$trapveneer)
    AHBPrescTable                            0x0800869a   Data          16  system_stm32f1xx.o(.constdata)
    __I$use$fp                               0x0800869a   Number         0  usenofp.o(x$fpl$usenofp)
    APBPrescTable                            0x080086aa   Data           8  system_stm32f1xx.o(.constdata)
    reg                                      0x080086b2   Data          27  inv_mpu.o(.constdata)
    hw                                       0x080086ce   Data          12  inv_mpu.o(.constdata)
    test                                     0x080086dc   Data          40  inv_mpu.o(.constdata)
    __mathlib_zero                           0x080093f8   Data           8  qnan.o(.constdata)
    Region$$Table$$Base                      0x080094e4   Number         0  anon$$obj.o(Region$$Table)
    Region$$Table$$Limit                     0x08009504   Number         0  anon$$obj.o(Region$$Table)
    uart1_flag                               0x20000000   Data           1  main.o(.data)
    uart2_flag                               0x20000001   Data           1  main.o(.data)
    uart3_flag                               0x20000002   Data           1  main.o(.data)
    uart1_buffer                             0x20000003   Data           1  main.o(.data)
    uart2_buffer                             0x20000004   Data           1  main.o(.data)
    uart3_buffer                             0x20000005   Data           1  main.o(.data)
    car_straight_flag                        0x20000008   Data           4  main.o(.data)
    car_right_flag                           0x2000000c   Data           4  main.o(.data)
    car_left_flag                            0x20000010   Data           4  main.o(.data)
    __stdout                                 0x20000014   Data           4  usart.o(.data)
    uwTickFreq                               0x20000018   Data           1  stm32f1xx_hal.o(.data)
    uwTickPrio                               0x2000001c   Data           4  stm32f1xx_hal.o(.data)
    uwTick                                   0x20000020   Data           4  stm32f1xx_hal.o(.data)
    SystemCoreClock                          0x20000024   Data           4  system_stm32f1xx.o(.data)
    pitch                                    0x20000028   Data           4  mpu6050.o(.data)
    roll                                     0x2000002c   Data           4  mpu6050.o(.data)
    yaw                                      0x20000030   Data           4  mpu6050.o(.data)
    left_previous_error                      0x2000006c   Data           4  pid.o(.data)
    straight_previous_error                  0x20000070   Data           4  pid.o(.data)
    hi2c1                                    0x20000074   Data          84  i2c.o(.bss)
    htim2                                    0x200000c8   Data          72  tim.o(.bss)
    htim3                                    0x20000110   Data          72  tim.o(.bss)
    huart1                                   0x20000158   Data          68  usart.o(.bss)
    huart2                                   0x2000019c   Data          68  usart.o(.bss)
    huart3                                   0x200001e0   Data          68  usart.o(.bss)
    __libspace_start                         0x20000234   Data          96  libspace.o(.bss)
    __temporary_stack_top$libspace           0x20000294   Data           0  libspace.o(.bss)



==============================================================================

Memory Map of the image

  Image Entry point : 0x080000ed

  Load Region LR_IROM1 (Base: 0x08000000, Size: 0x00009594, Max: 0x00010000, ABSOLUTE)

    Execution Region ER_IROM1 (Exec base: 0x08000000, Load base: 0x08000000, Size: 0x00009520, Max: 0x00010000, ABSOLUTE)

    Exec Addr    Load Addr    Size         Type   Attr      Idx    E Section Name        Object

    0x08000000   0x08000000   0x000000ec   Data   RO            3    RESET               startup_stm32f103xb.o
    0x080000ec   0x080000ec   0x00000008   Code   RO         4377  * !!!main             c_w.l(__main.o)
    0x080000f4   0x080000f4   0x00000034   Code   RO         4742    !!!scatter          c_w.l(__scatter.o)
    0x08000128   0x08000128   0x0000001a   Code   RO         4744    !!handler_copy      c_w.l(__scatter_copy.o)
    0x08000142   0x08000142   0x00000002   PAD
    0x08000144   0x08000144   0x0000001c   Code   RO         4746    !!handler_zi        c_w.l(__scatter_zi.o)
    0x08000160   0x08000160   0x00000000   Code   RO         4368    .ARM.Collect$$_printf_percent$$00000000  c_w.l(_printf_percent.o)
    0x08000160   0x08000160   0x00000006   Code   RO         4367    .ARM.Collect$$_printf_percent$$00000003  c_w.l(_printf_f.o)
    0x08000166   0x08000166   0x00000006   Code   RO         4366    .ARM.Collect$$_printf_percent$$00000009  c_w.l(_printf_d.o)
    0x0800016c   0x0800016c   0x00000006   Code   RO         4364    .ARM.Collect$$_printf_percent$$00000014  c_w.l(_printf_s.o)
    0x08000172   0x08000172   0x00000004   Code   RO         4464    .ARM.Collect$$_printf_percent$$00000017  c_w.l(_printf_percent_end.o)
    0x08000176   0x08000176   0x00000002   Code   RO         4612    .ARM.Collect$$libinit$$00000000  c_w.l(libinit.o)
    0x08000178   0x08000178   0x00000000   Code   RO         4614    .ARM.Collect$$libinit$$00000002  c_w.l(libinit2.o)
    0x08000178   0x08000178   0x00000000   Code   RO         4616    .ARM.Collect$$libinit$$00000004  c_w.l(libinit2.o)
    0x08000178   0x08000178   0x00000000   Code   RO         4619    .ARM.Collect$$libinit$$0000000A  c_w.l(libinit2.o)
    0x08000178   0x08000178   0x00000000   Code   RO         4621    .ARM.Collect$$libinit$$0000000C  c_w.l(libinit2.o)
    0x08000178   0x08000178   0x00000000   Code   RO         4623    .ARM.Collect$$libinit$$0000000E  c_w.l(libinit2.o)
    0x08000178   0x08000178   0x00000006   Code   RO         4624    .ARM.Collect$$libinit$$0000000F  c_w.l(libinit2.o)
    0x0800017e   0x0800017e   0x00000000   Code   RO         4626    .ARM.Collect$$libinit$$00000011  c_w.l(libinit2.o)
    0x0800017e   0x0800017e   0x00000000   Code   RO         4628    .ARM.Collect$$libinit$$00000013  c_w.l(libinit2.o)
    0x0800017e   0x0800017e   0x00000000   Code   RO         4630    .ARM.Collect$$libinit$$00000015  c_w.l(libinit2.o)
    0x0800017e   0x0800017e   0x0000000a   Code   RO         4631    .ARM.Collect$$libinit$$00000016  c_w.l(libinit2.o)
    0x08000188   0x08000188   0x00000000   Code   RO         4632    .ARM.Collect$$libinit$$00000017  c_w.l(libinit2.o)
    0x08000188   0x08000188   0x00000000   Code   RO         4634    .ARM.Collect$$libinit$$00000019  c_w.l(libinit2.o)
    0x08000188   0x08000188   0x00000000   Code   RO         4636    .ARM.Collect$$libinit$$0000001B  c_w.l(libinit2.o)
    0x08000188   0x08000188   0x00000000   Code   RO         4638    .ARM.Collect$$libinit$$0000001D  c_w.l(libinit2.o)
    0x08000188   0x08000188   0x00000000   Code   RO         4640    .ARM.Collect$$libinit$$0000001F  c_w.l(libinit2.o)
    0x08000188   0x08000188   0x00000000   Code   RO         4642    .ARM.Collect$$libinit$$00000021  c_w.l(libinit2.o)
    0x08000188   0x08000188   0x00000000   Code   RO         4644    .ARM.Collect$$libinit$$00000023  c_w.l(libinit2.o)
    0x08000188   0x08000188   0x00000000   Code   RO         4646    .ARM.Collect$$libinit$$00000025  c_w.l(libinit2.o)
    0x08000188   0x08000188   0x00000000   Code   RO         4650    .ARM.Collect$$libinit$$0000002C  c_w.l(libinit2.o)
    0x08000188   0x08000188   0x00000000   Code   RO         4652    .ARM.Collect$$libinit$$0000002E  c_w.l(libinit2.o)
    0x08000188   0x08000188   0x00000000   Code   RO         4654    .ARM.Collect$$libinit$$00000030  c_w.l(libinit2.o)
    0x08000188   0x08000188   0x00000000   Code   RO         4656    .ARM.Collect$$libinit$$00000032  c_w.l(libinit2.o)
    0x08000188   0x08000188   0x00000002   Code   RO         4657    .ARM.Collect$$libinit$$00000033  c_w.l(libinit2.o)
    0x0800018a   0x0800018a   0x00000002   Code   RO         4703    .ARM.Collect$$libshutdown$$00000000  c_w.l(libshutdown.o)
    0x0800018c   0x0800018c   0x00000000   Code   RO         4713    .ARM.Collect$$libshutdown$$00000003  c_w.l(libshutdown2.o)
    0x0800018c   0x0800018c   0x00000000   Code   RO         4716    .ARM.Collect$$libshutdown$$00000006  c_w.l(libshutdown2.o)
    0x0800018c   0x0800018c   0x00000000   Code   RO         4719    .ARM.Collect$$libshutdown$$00000009  c_w.l(libshutdown2.o)
    0x0800018c   0x0800018c   0x00000000   Code   RO         4721    .ARM.Collect$$libshutdown$$0000000B  c_w.l(libshutdown2.o)
    0x0800018c   0x0800018c   0x00000000   Code   RO         4724    .ARM.Collect$$libshutdown$$0000000E  c_w.l(libshutdown2.o)
    0x0800018c   0x0800018c   0x00000002   Code   RO         4725    .ARM.Collect$$libshutdown$$0000000F  c_w.l(libshutdown2.o)
    0x0800018e   0x0800018e   0x00000000   Code   RO         4451    .ARM.Collect$$rtentry$$00000000  c_w.l(__rtentry.o)
    0x0800018e   0x0800018e   0x00000000   Code   RO         4518    .ARM.Collect$$rtentry$$00000002  c_w.l(__rtentry2.o)
    0x0800018e   0x0800018e   0x00000006   Code   RO         4530    .ARM.Collect$$rtentry$$00000004  c_w.l(__rtentry4.o)
    0x08000194   0x08000194   0x00000000   Code   RO         4520    .ARM.Collect$$rtentry$$00000009  c_w.l(__rtentry2.o)
    0x08000194   0x08000194   0x00000004   Code   RO         4521    .ARM.Collect$$rtentry$$0000000A  c_w.l(__rtentry2.o)
    0x08000198   0x08000198   0x00000000   Code   RO         4523    .ARM.Collect$$rtentry$$0000000C  c_w.l(__rtentry2.o)
    0x08000198   0x08000198   0x00000008   Code   RO         4524    .ARM.Collect$$rtentry$$0000000D  c_w.l(__rtentry2.o)
    0x080001a0   0x080001a0   0x00000002   Code   RO         4662    .ARM.Collect$$rtexit$$00000000  c_w.l(rtexit.o)
    0x080001a2   0x080001a2   0x00000000   Code   RO         4673    .ARM.Collect$$rtexit$$00000002  c_w.l(rtexit2.o)
    0x080001a2   0x080001a2   0x00000004   Code   RO         4674    .ARM.Collect$$rtexit$$00000003  c_w.l(rtexit2.o)
    0x080001a6   0x080001a6   0x00000006   Code   RO         4675    .ARM.Collect$$rtexit$$00000004  c_w.l(rtexit2.o)
    0x080001ac   0x080001ac   0x00000040   Code   RO            4    .text               startup_stm32f103xb.o
    0x080001ec   0x080001ec   0x00000002   Code   RO         4305    .text               c_w.l(use_no_semi_2.o)
    0x080001ee   0x080001ee   0x00000048   Code   RO         4309    .text               c_w.l(llsdiv.o)
    0x08000236   0x08000236   0x00000002   PAD
    0x08000238   0x08000238   0x00000018   Code   RO         4313    .text               c_w.l(noretval__2printf.o)
    0x08000250   0x08000250   0x00000052   Code   RO         4319    .text               c_w.l(_printf_str.o)
    0x080002a2   0x080002a2   0x00000002   PAD
    0x080002a4   0x080002a4   0x00000078   Code   RO         4321    .text               c_w.l(_printf_dec.o)
    0x0800031c   0x0800031c   0x00000138   Code   RO         4356    .text               c_w.l(__printf_flags_wp.o)
    0x08000454   0x08000454   0x00000058   Code   RO         4369    .text               c_w.l(memcmp.o)
    0x080004ac   0x080004ac   0x00000010   Code   RO         4371    .text               c_w.l(aeabi_memset.o)
    0x080004bc   0x080004bc   0x0000004e   Code   RO         4373    .text               c_w.l(rt_memclr_w.o)
    0x0800050a   0x0800050a   0x00000006   Code   RO         4375    .text               c_w.l(heapauxi.o)
    0x08000510   0x08000510   0x00000002   Code   RO         4449    .text               c_w.l(use_no_semi.o)
    0x08000512   0x08000512   0x000000ee   Code   RO         4452    .text               c_w.l(lludivv7m.o)
    0x08000600   0x08000600   0x00000016   Code   RO         4454    .text               c_w.l(_rserrno.o)
    0x08000616   0x08000616   0x000000b2   Code   RO         4456    .text               c_w.l(_printf_intcommon.o)
    0x080006c8   0x080006c8   0x0000041a   Code   RO         4458    .text               c_w.l(_printf_fp_dec.o)
    0x08000ae2   0x08000ae2   0x0000002c   Code   RO         4460    .text               c_w.l(_printf_char.o)
    0x08000b0e   0x08000b0e   0x00000002   PAD
    0x08000b10   0x08000b10   0x00000024   Code   RO         4462    .text               c_w.l(_printf_char_file.o)
    0x08000b34   0x08000b34   0x00000044   Code   RO         4465    .text               c_w.l(rt_memclr.o)
    0x08000b78   0x08000b78   0x00000008   Code   RO         4539    .text               c_w.l(rt_locale_intlibspace.o)
    0x08000b80   0x08000b80   0x00000008   Code   RO         4544    .text               c_w.l(rt_errno_addr_intlibspace.o)
    0x08000b88   0x08000b88   0x0000008a   Code   RO         4546    .text               c_w.l(lludiv10.o)
    0x08000c12   0x08000c12   0x00000002   PAD
    0x08000c14   0x08000c14   0x00000030   Code   RO         4548    .text               c_w.l(_printf_char_common.o)
    0x08000c44   0x08000c44   0x00000080   Code   RO         4550    .text               c_w.l(_printf_fp_infnan.o)
    0x08000cc4   0x08000cc4   0x000000dc   Code   RO         4552    .text               c_w.l(bigflt0.o)
    0x08000da0   0x08000da0   0x00000008   Code   RO         4577    .text               c_w.l(ferror.o)
    0x08000da8   0x08000da8   0x00000008   Code   RO         4594    .text               c_w.l(libspace.o)
    0x08000db0   0x08000db0   0x0000004a   Code   RO         4597    .text               c_w.l(sys_stackheap_outer.o)
    0x08000dfa   0x08000dfa   0x0000000c   Code   RO         4603    .text               c_w.l(exit.o)
    0x08000e06   0x08000e06   0x00000002   PAD
    0x08000e08   0x08000e08   0x00000080   Code   RO         4605    .text               c_w.l(strcmpv7m.o)
    0x08000e88   0x08000e88   0x0000003e   Code   RO         4555    CL$$btod_d2e        c_w.l(btod.o)
    0x08000ec6   0x08000ec6   0x00000046   Code   RO         4557    CL$$btod_d2e_denorm_low  c_w.l(btod.o)
    0x08000f0c   0x08000f0c   0x00000060   Code   RO         4556    CL$$btod_d2e_norm_op1  c_w.l(btod.o)
    0x08000f6c   0x08000f6c   0x00000338   Code   RO         4565    CL$$btod_div_common  c_w.l(btod.o)
    0x080012a4   0x080012a4   0x000000c6   Code   RO         4562    CL$$btod_e2e        c_w.l(btod.o)
    0x0800136a   0x0800136a   0x00000028   Code   RO         4559    CL$$btod_ediv       c_w.l(btod.o)
    0x08001392   0x08001392   0x00000028   Code   RO         4558    CL$$btod_emul       c_w.l(btod.o)
    0x080013ba   0x080013ba   0x00000244   Code   RO         4564    CL$$btod_mult_common  c_w.l(btod.o)
    0x080015fe   0x080015fe   0x00000002   Code   RO          493    i.BusFault_Handler  stm32f1xx_it.o
    0x08001600   0x08001600   0x00000134   Code   RO         4180    i.CarBack           pid.o
    0x08001734   0x08001734   0x0000010c   Code   RO         4182    i.CarLeft90         pid.o
    0x08001840   0x08001840   0x00000110   Code   RO         4183    i.CarRight90        pid.o
    0x08001950   0x08001950   0x00000140   Code   RO         4184    i.CarStraight       pid.o
    0x08001a90   0x08001a90   0x00000002   Code   RO          494    i.DebugMon_Handler  stm32f1xx_it.o
    0x08001a92   0x08001a92   0x00000004   Code   RO           13    i.Error_Handler     main.o
    0x08001a96   0x08001a96   0x00000046   Code   RO         1482    i.HAL_DMA_Abort     stm32f1xx_hal_dma.o
    0x08001adc   0x08001adc   0x00000098   Code   RO         1483    i.HAL_DMA_Abort_IT  stm32f1xx_hal_dma.o
    0x08001b74   0x08001b74   0x00000006   Code   RO         1486    i.HAL_DMA_GetState  stm32f1xx_hal_dma.o
    0x08001b7a   0x08001b7a   0x00000002   PAD
    0x08001b7c   0x08001b7c   0x00000024   Code   RO         1110    i.HAL_Delay         stm32f1xx_hal.o
    0x08001ba0   0x08001ba0   0x000001e0   Code   RO         1418    i.HAL_GPIO_Init     stm32f1xx_hal_gpio.o
    0x08001d80   0x08001d80   0x0000000a   Code   RO         1422    i.HAL_GPIO_WritePin  stm32f1xx_hal_gpio.o
    0x08001d8a   0x08001d8a   0x00000002   PAD
    0x08001d8c   0x08001d8c   0x0000000c   Code   RO         1114    i.HAL_GetTick       stm32f1xx_hal.o
    0x08001d98   0x08001d98   0x00000002   Code   RO          671    i.HAL_I2C_AbortCpltCallback  stm32f1xx_hal_i2c.o
    0x08001d9a   0x08001d9a   0x00000002   Code   RO          672    i.HAL_I2C_AddrCallback  stm32f1xx_hal_i2c.o
    0x08001d9c   0x08001d9c   0x00000230   Code   RO          676    i.HAL_I2C_EV_IRQHandler  stm32f1xx_hal_i2c.o
    0x08001fcc   0x08001fcc   0x00000002   Code   RO          678    i.HAL_I2C_ErrorCallback  stm32f1xx_hal_i2c.o
    0x08001fce   0x08001fce   0x00000002   PAD
    0x08001fd0   0x08001fd0   0x00000188   Code   RO          682    i.HAL_I2C_Init      stm32f1xx_hal_i2c.o
    0x08002158   0x08002158   0x00000002   Code   RO          684    i.HAL_I2C_ListenCpltCallback  stm32f1xx_hal_i2c.o
    0x0800215a   0x0800215a   0x00000002   Code   RO          685    i.HAL_I2C_MasterRxCpltCallback  stm32f1xx_hal_i2c.o
    0x0800215c   0x0800215c   0x00000002   Code   RO          686    i.HAL_I2C_MasterTxCpltCallback  stm32f1xx_hal_i2c.o
    0x0800215e   0x0800215e   0x00000002   Code   RO          698    i.HAL_I2C_MemRxCpltCallback  stm32f1xx_hal_i2c.o
    0x08002160   0x08002160   0x00000002   Code   RO          699    i.HAL_I2C_MemTxCpltCallback  stm32f1xx_hal_i2c.o
    0x08002162   0x08002162   0x00000002   PAD
    0x08002164   0x08002164   0x00000250   Code   RO          700    i.HAL_I2C_Mem_Read  stm32f1xx_hal_i2c.o
    0x080023b4   0x080023b4   0x00000130   Code   RO          703    i.HAL_I2C_Mem_Write  stm32f1xx_hal_i2c.o
    0x080024e4   0x080024e4   0x00000080   Code   RO          327    i.HAL_I2C_MspInit   i2c.o
    0x08002564   0x08002564   0x00000002   Code   RO          708    i.HAL_I2C_SlaveRxCpltCallback  stm32f1xx_hal_i2c.o
    0x08002566   0x08002566   0x00000002   Code   RO          709    i.HAL_I2C_SlaveTxCpltCallback  stm32f1xx_hal_i2c.o
    0x08002568   0x08002568   0x00000010   Code   RO         1120    i.HAL_IncTick       stm32f1xx_hal.o
    0x08002578   0x08002578   0x00000024   Code   RO         1121    i.HAL_Init          stm32f1xx_hal.o
    0x0800259c   0x0800259c   0x00000040   Code   RO         1122    i.HAL_InitTick      stm32f1xx_hal.o
    0x080025dc   0x080025dc   0x0000003c   Code   RO          611    i.HAL_MspInit       stm32f1xx_hal_msp.o
    0x08002618   0x08002618   0x0000001a   Code   RO         1578    i.HAL_NVIC_EnableIRQ  stm32f1xx_hal_cortex.o
    0x08002632   0x08002632   0x00000002   PAD
    0x08002634   0x08002634   0x00000040   Code   RO         1584    i.HAL_NVIC_SetPriority  stm32f1xx_hal_cortex.o
    0x08002674   0x08002674   0x00000024   Code   RO         1585    i.HAL_NVIC_SetPriorityGrouping  stm32f1xx_hal_cortex.o
    0x08002698   0x08002698   0x0000012c   Code   RO         1278    i.HAL_RCC_ClockConfig  stm32f1xx_hal_rcc.o
    0x080027c4   0x080027c4   0x00000020   Code   RO         1285    i.HAL_RCC_GetPCLK1Freq  stm32f1xx_hal_rcc.o
    0x080027e4   0x080027e4   0x00000020   Code   RO         1286    i.HAL_RCC_GetPCLK2Freq  stm32f1xx_hal_rcc.o
    0x08002804   0x08002804   0x0000006c   Code   RO         1287    i.HAL_RCC_GetSysClockFreq  stm32f1xx_hal_rcc.o
    0x08002870   0x08002870   0x00000320   Code   RO         1290    i.HAL_RCC_OscConfig  stm32f1xx_hal_rcc.o
    0x08002b90   0x08002b90   0x00000028   Code   RO         1589    i.HAL_SYSTICK_Config  stm32f1xx_hal_cortex.o
    0x08002bb8   0x08002bb8   0x00000002   Code   RO         2784    i.HAL_TIMEx_BreakCallback  stm32f1xx_hal_tim_ex.o
    0x08002bba   0x08002bba   0x00000002   Code   RO         2785    i.HAL_TIMEx_CommutCallback  stm32f1xx_hal_tim_ex.o
    0x08002bbc   0x08002bbc   0x00000068   Code   RO         2803    i.HAL_TIMEx_MasterConfigSynchronization  stm32f1xx_hal_tim_ex.o
    0x08002c24   0x08002c24   0x0000005a   Code   RO         2080    i.HAL_TIM_Base_Init  stm32f1xx_hal_tim.o
    0x08002c7e   0x08002c7e   0x00000002   PAD
    0x08002c80   0x08002c80   0x00000060   Code   RO          369    i.HAL_TIM_Base_MspInit  tim.o
    0x08002ce0   0x08002ce0   0x00000050   Code   RO         2083    i.HAL_TIM_Base_Start  stm32f1xx_hal_tim.o
    0x08002d30   0x08002d30   0x000000d6   Code   RO         2089    i.HAL_TIM_ConfigClockSource  stm32f1xx_hal_tim.o
    0x08002e06   0x08002e06   0x00000002   Code   RO         2114    i.HAL_TIM_IC_CaptureCallback  stm32f1xx_hal_tim.o
    0x08002e08   0x08002e08   0x00000166   Code   RO         2128    i.HAL_TIM_IRQHandler  stm32f1xx_hal_tim.o
    0x08002f6e   0x08002f6e   0x00000002   PAD
    0x08002f70   0x08002f70   0x00000070   Code   RO          370    i.HAL_TIM_MspPostInit  tim.o
    0x08002fe0   0x08002fe0   0x00000002   Code   RO         2131    i.HAL_TIM_OC_DelayElapsedCallback  stm32f1xx_hal_tim.o
    0x08002fe2   0x08002fe2   0x000000c6   Code   RO         2152    i.HAL_TIM_PWM_ConfigChannel  stm32f1xx_hal_tim.o
    0x080030a8   0x080030a8   0x0000005a   Code   RO         2155    i.HAL_TIM_PWM_Init  stm32f1xx_hal_tim.o
    0x08003102   0x08003102   0x00000002   Code   RO         2157    i.HAL_TIM_PWM_MspInit  stm32f1xx_hal_tim.o
    0x08003104   0x08003104   0x00000002   Code   RO         2158    i.HAL_TIM_PWM_PulseFinishedCallback  stm32f1xx_hal_tim.o
    0x08003106   0x08003106   0x00000002   PAD
    0x08003108   0x08003108   0x0000009c   Code   RO         2160    i.HAL_TIM_PWM_Start  stm32f1xx_hal_tim.o
    0x080031a4   0x080031a4   0x00000002   Code   RO         2166    i.HAL_TIM_PeriodElapsedCallback  stm32f1xx_hal_tim.o
    0x080031a6   0x080031a6   0x00000002   Code   RO         2171    i.HAL_TIM_TriggerCallback  stm32f1xx_hal_tim.o
    0x080031a8   0x080031a8   0x00000002   Code   RO         3062    i.HAL_UARTEx_RxEventCallback  stm32f1xx_hal_uart.o
    0x080031aa   0x080031aa   0x00000002   Code   RO         3076    i.HAL_UART_ErrorCallback  stm32f1xx_hal_uart.o
    0x080031ac   0x080031ac   0x0000020c   Code   RO         3079    i.HAL_UART_IRQHandler  stm32f1xx_hal_uart.o
    0x080033b8   0x080033b8   0x00000062   Code   RO         3080    i.HAL_UART_Init     stm32f1xx_hal_uart.o
    0x0800341a   0x0800341a   0x00000002   PAD
    0x0800341c   0x0800341c   0x00000134   Code   RO          423    i.HAL_UART_MspInit  usart.o
    0x08003550   0x08003550   0x0000002a   Code   RO         3085    i.HAL_UART_Receive_IT  stm32f1xx_hal_uart.o
    0x0800357a   0x0800357a   0x00000002   PAD
    0x0800357c   0x0800357c   0x000000a8   Code   RO           14    i.HAL_UART_RxCpltCallback  main.o
    0x08003624   0x08003624   0x00000002   Code   RO         3091    i.HAL_UART_TxCpltCallback  stm32f1xx_hal_uart.o
    0x08003626   0x08003626   0x00000002   Code   RO          495    i.HardFault_Handler  stm32f1xx_it.o
    0x08003628   0x08003628   0x0000000c   Code   RO          496    i.I2C1_EV_IRQHandler  stm32f1xx_it.o
    0x08003634   0x08003634   0x000000bc   Code   RO          720    i.I2C_DMAAbort      stm32f1xx_hal_i2c.o
    0x080036f0   0x080036f0   0x00000158   Code   RO          723    i.I2C_ITError       stm32f1xx_hal_i2c.o
    0x08003848   0x08003848   0x0000002e   Code   RO          724    i.I2C_IsAcknowledgeFailed  stm32f1xx_hal_i2c.o
    0x08003876   0x08003876   0x000000d2   Code   RO          725    i.I2C_MasterReceive_BTF  stm32f1xx_hal_i2c.o
    0x08003948   0x08003948   0x000000e8   Code   RO          726    i.I2C_MasterReceive_RXNE  stm32f1xx_hal_i2c.o
    0x08003a30   0x08003a30   0x00000082   Code   RO          729    i.I2C_MasterTransmit_BTF  stm32f1xx_hal_i2c.o
    0x08003ab2   0x08003ab2   0x00000002   PAD
    0x08003ab4   0x08003ab4   0x000000b6   Code   RO          730    i.I2C_MasterTransmit_TXE  stm32f1xx_hal_i2c.o
    0x08003b6a   0x08003b6a   0x00000002   PAD
    0x08003b6c   0x08003b6c   0x00000158   Code   RO          731    i.I2C_Master_ADDR   stm32f1xx_hal_i2c.o
    0x08003cc4   0x08003cc4   0x0000008c   Code   RO          732    i.I2C_Master_SB     stm32f1xx_hal_i2c.o
    0x08003d50   0x08003d50   0x000000a0   Code   RO          733    i.I2C_MemoryTransmit_TXE_BTF  stm32f1xx_hal_i2c.o
    0x08003df0   0x08003df0   0x000000fc   Code   RO          734    i.I2C_RequestMemoryRead  stm32f1xx_hal_i2c.o
    0x08003eec   0x08003eec   0x000000a8   Code   RO          735    i.I2C_RequestMemoryWrite  stm32f1xx_hal_i2c.o
    0x08003f94   0x08003f94   0x00000046   Code   RO          736    i.I2C_Slave_ADDR    stm32f1xx_hal_i2c.o
    0x08003fda   0x08003fda   0x00000002   PAD
    0x08003fdc   0x08003fdc   0x0000015c   Code   RO          738    i.I2C_Slave_STOPF   stm32f1xx_hal_i2c.o
    0x08004138   0x08004138   0x0000004c   Code   RO          739    i.I2C_WaitOnBTFFlagUntilTimeout  stm32f1xx_hal_i2c.o
    0x08004184   0x08004184   0x00000068   Code   RO          740    i.I2C_WaitOnFlagUntilTimeout  stm32f1xx_hal_i2c.o
    0x080041ec   0x080041ec   0x00000096   Code   RO          741    i.I2C_WaitOnMasterAddressFlagUntilTimeout  stm32f1xx_hal_i2c.o
    0x08004282   0x08004282   0x00000066   Code   RO          742    i.I2C_WaitOnRXNEFlagUntilTimeout  stm32f1xx_hal_i2c.o
    0x080042e8   0x080042e8   0x0000004c   Code   RO          743    i.I2C_WaitOnTXEFlagUntilTimeout  stm32f1xx_hal_i2c.o
    0x08004334   0x08004334   0x00000072   Code   RO         3449    i.MPU_Init          mpu6050.o
    0x080043a6   0x080043a6   0x00000002   PAD
    0x080043a8   0x080043a8   0x0000002c   Code   RO         3450    i.MPU_Read_Byte     mpu6050.o
    0x080043d4   0x080043d4   0x00000024   Code   RO         3451    i.MPU_Read_Len      mpu6050.o
    0x080043f8   0x080043f8   0x0000000a   Code   RO         3452    i.MPU_Set_Accel_Fsr  mpu6050.o
    0x08004402   0x08004402   0x0000000a   Code   RO         3453    i.MPU_Set_Gyro_Fsr  mpu6050.o
    0x0800440c   0x0800440c   0x00000030   Code   RO         3454    i.MPU_Set_LPF       mpu6050.o
    0x0800443c   0x0800443c   0x0000002e   Code   RO         3455    i.MPU_Set_Rate      mpu6050.o
    0x0800446a   0x0800446a   0x00000002   PAD
    0x0800446c   0x0800446c   0x00000028   Code   RO         3456    i.MPU_Write_Byte    mpu6050.o
    0x08004494   0x08004494   0x00000024   Code   RO         3457    i.MPU_Write_Len     mpu6050.o
    0x080044b8   0x080044b8   0x000000a8   Code   RO          214    i.MX_GPIO_Init      gpio.o
    0x08004560   0x08004560   0x00000040   Code   RO          328    i.MX_I2C1_Init      i2c.o
    0x080045a0   0x080045a0   0x000000a4   Code   RO          371    i.MX_TIM2_Init      tim.o
    0x08004644   0x08004644   0x000000ac   Code   RO          372    i.MX_TIM3_Init      tim.o
    0x080046f0   0x080046f0   0x00000038   Code   RO          424    i.MX_USART1_UART_Init  usart.o
    0x08004728   0x08004728   0x00000038   Code   RO          425    i.MX_USART2_UART_Init  usart.o
    0x08004760   0x08004760   0x00000038   Code   RO          426    i.MX_USART3_UART_Init  usart.o
    0x08004798   0x08004798   0x00000002   Code   RO          497    i.MemManage_Handler  stm32f1xx_it.o
    0x0800479a   0x0800479a   0x00000002   PAD
    0x0800479c   0x0800479c   0x000000a4   Code   RO           15    i.Mpu6050_Init      main.o
    0x08004840   0x08004840   0x00000002   Code   RO          498    i.NMI_Handler       stm32f1xx_it.o
    0x08004842   0x08004842   0x00000002   Code   RO          499    i.PendSV_Handler    stm32f1xx_it.o
    0x08004844   0x08004844   0x000000ac   Code   RO           16    i.Problem1          main.o
    0x080048f0   0x080048f0   0x00000002   Code   RO          500    i.RCC_IRQHandler    stm32f1xx_it.o
    0x080048f2   0x080048f2   0x00000002   Code   RO          501    i.SVC_Handler       stm32f1xx_it.o
    0x080048f4   0x080048f4   0x00000004   Code   RO          502    i.SysTick_Handler   stm32f1xx_it.o
    0x080048f8   0x080048f8   0x0000005c   Code   RO           17    i.SystemClock_Config  main.o
    0x08004954   0x08004954   0x00000002   Code   RO         3409    i.SystemInit        system_stm32f1xx.o
    0x08004956   0x08004956   0x00000002   PAD
    0x08004958   0x08004958   0x0000000c   Code   RO          503    i.TIM2_IRQHandler   stm32f1xx_it.o
    0x08004964   0x08004964   0x0000000c   Code   RO          504    i.TIM3_IRQHandler   stm32f1xx_it.o
    0x08004970   0x08004970   0x0000006c   Code   RO         2173    i.TIM_Base_SetConfig  stm32f1xx_hal_tim.o
    0x080049dc   0x080049dc   0x0000001a   Code   RO         2174    i.TIM_CCxChannelCmd  stm32f1xx_hal_tim.o
    0x080049f6   0x080049f6   0x00000014   Code   RO         2184    i.TIM_ETR_SetConfig  stm32f1xx_hal_tim.o
    0x08004a0a   0x08004a0a   0x00000010   Code   RO         2185    i.TIM_ITRx_SetConfig  stm32f1xx_hal_tim.o
    0x08004a1a   0x08004a1a   0x00000002   PAD
    0x08004a1c   0x08004a1c   0x00000050   Code   RO         2186    i.TIM_OC1_SetConfig  stm32f1xx_hal_tim.o
    0x08004a6c   0x08004a6c   0x00000058   Code   RO         2187    i.TIM_OC2_SetConfig  stm32f1xx_hal_tim.o
    0x08004ac4   0x08004ac4   0x00000058   Code   RO         2188    i.TIM_OC3_SetConfig  stm32f1xx_hal_tim.o
    0x08004b1c   0x08004b1c   0x00000044   Code   RO         2189    i.TIM_OC4_SetConfig  stm32f1xx_hal_tim.o
    0x08004b60   0x08004b60   0x00000022   Code   RO         2191    i.TIM_TI1_ConfigInputStage  stm32f1xx_hal_tim.o
    0x08004b82   0x08004b82   0x00000024   Code   RO         2193    i.TIM_TI2_ConfigInputStage  stm32f1xx_hal_tim.o
    0x08004ba6   0x08004ba6   0x00000010   Code   RO         3093    i.UART_DMAAbortOnError  stm32f1xx_hal_uart.o
    0x08004bb6   0x08004bb6   0x00000030   Code   RO         3103    i.UART_EndRxTransfer  stm32f1xx_hal_uart.o
    0x08004be6   0x08004be6   0x000000b6   Code   RO         3105    i.UART_Receive_IT   stm32f1xx_hal_uart.o
    0x08004c9c   0x08004c9c   0x000000b8   Code   RO         3106    i.UART_SetConfig    stm32f1xx_hal_uart.o
    0x08004d54   0x08004d54   0x00000036   Code   RO         3108    i.UART_Start_Receive_IT  stm32f1xx_hal_uart.o
    0x08004d8a   0x08004d8a   0x00000002   PAD
    0x08004d8c   0x08004d8c   0x0000000c   Code   RO          505    i.USART1_IRQHandler  stm32f1xx_it.o
    0x08004d98   0x08004d98   0x0000000c   Code   RO          506    i.USART2_IRQHandler  stm32f1xx_it.o
    0x08004da4   0x08004da4   0x0000000c   Code   RO          507    i.USART3_IRQHandler  stm32f1xx_it.o
    0x08004db0   0x08004db0   0x00000002   Code   RO          508    i.UsageFault_Handler  stm32f1xx_it.o
    0x08004db2   0x08004db2   0x00000028   Code   RO         4504    i.__ARM_fpclassify  m_ws.l(fpclassify.o)
    0x08004dda   0x08004dda   0x00000020   Code   RO         1591    i.__NVIC_SetPriority  stm32f1xx_hal_cortex.o
    0x08004dfa   0x08004dfa   0x000000aa   Code   RO         4506    i.__kernel_poly     m_ws.l(poly.o)
    0x08004ea4   0x08004ea4   0x00000006   Code   RO         4491    i.__mathlib_dbl_infnan  m_ws.l(dunder.o)
    0x08004eaa   0x08004eaa   0x00000004   Code   RO         4492    i.__mathlib_dbl_infnan2  m_ws.l(dunder.o)
    0x08004eae   0x08004eae   0x0000000c   Code   RO         4493    i.__mathlib_dbl_invalid  m_ws.l(dunder.o)
    0x08004eba   0x08004eba   0x00000002   PAD
    0x08004ebc   0x08004ebc   0x00000010   Code   RO         4496    i.__mathlib_dbl_underflow  m_ws.l(dunder.o)
    0x08004ecc   0x08004ecc   0x0000000e   Code   RO         4354    i._is_digit         c_w.l(__printf_wp.o)
    0x08004eda   0x08004eda   0x00000002   Code   RO          427    i._sys_exit         usart.o
    0x08004edc   0x08004edc   0x00000080   Code   RO         3557    i.accel_self_test   inv_mpu.o
    0x08004f5c   0x08004f5c   0x00000270   Code   RO         4432    i.asin              m_ws.l(asin.o)
    0x080051cc   0x080051cc   0x00000220   Code   RO         4481    i.atan              m_ws.l(atan.o)
    0x080053ec   0x080053ec   0x00000180   Code   RO         4442    i.atan2             m_ws.l(atan2.o)
    0x0800556c   0x0800556c   0x0000000a   Code   RO         4107    i.car_left          car.o
    0x08005576   0x08005576   0x0000000a   Code   RO         4108    i.car_right         car.o
    0x08005580   0x08005580   0x0000001c   Code   RO         4109    i.car_stop          car.o
    0x0800559c   0x0800559c   0x0000000a   Code   RO         4110    i.car_stright       car.o
    0x080055a6   0x080055a6   0x0000003a   Code   RO         3922    i.dmp_enable_6x_lp_quat  inv_mpu_dmp_motion_driver.o
    0x080055e0   0x080055e0   0x000001d8   Code   RO         3923    i.dmp_enable_feature  inv_mpu_dmp_motion_driver.o
    0x080057b8   0x080057b8   0x0000003c   Code   RO         3924    i.dmp_enable_gyro_cal  inv_mpu_dmp_motion_driver.o
    0x080057f4   0x080057f4   0x0000003a   Code   RO         3925    i.dmp_enable_lp_quat  inv_mpu_dmp_motion_driver.o
    0x0800582e   0x0800582e   0x00000002   PAD
    0x08005830   0x08005830   0x00000014   Code   RO         3930    i.dmp_load_motion_driver_firmware  inv_mpu_dmp_motion_driver.o
    0x08005844   0x08005844   0x00000144   Code   RO         3931    i.dmp_read_fifo     inv_mpu_dmp_motion_driver.o
    0x08005988   0x08005988   0x000000d8   Code   RO         3934    i.dmp_set_accel_bias  inv_mpu_dmp_motion_driver.o
    0x08005a60   0x08005a60   0x00000064   Code   RO         3935    i.dmp_set_fifo_rate  inv_mpu_dmp_motion_driver.o
    0x08005ac4   0x08005ac4   0x000000cc   Code   RO         3936    i.dmp_set_gyro_bias  inv_mpu_dmp_motion_driver.o
    0x08005b90   0x08005b90   0x0000010c   Code   RO         3938    i.dmp_set_orientation  inv_mpu_dmp_motion_driver.o
    0x08005c9c   0x08005c9c   0x00000030   Code   RO         3941    i.dmp_set_shake_reject_thresh  inv_mpu_dmp_motion_driver.o
    0x08005ccc   0x08005ccc   0x00000020   Code   RO         3942    i.dmp_set_shake_reject_time  inv_mpu_dmp_motion_driver.o
    0x08005cec   0x08005cec   0x00000020   Code   RO         3943    i.dmp_set_shake_reject_timeout  inv_mpu_dmp_motion_driver.o
    0x08005d0c   0x08005d0c   0x00000040   Code   RO         3944    i.dmp_set_tap_axes  inv_mpu_dmp_motion_driver.o
    0x08005d4c   0x08005d4c   0x00000022   Code   RO         3945    i.dmp_set_tap_count  inv_mpu_dmp_motion_driver.o
    0x08005d6e   0x08005d6e   0x00000002   PAD
    0x08005d70   0x08005d70   0x00000128   Code   RO         3946    i.dmp_set_tap_thresh  inv_mpu_dmp_motion_driver.o
    0x08005e98   0x08005e98   0x00000020   Code   RO         3947    i.dmp_set_tap_time  inv_mpu_dmp_motion_driver.o
    0x08005eb8   0x08005eb8   0x00000020   Code   RO         3948    i.dmp_set_tap_time_multi  inv_mpu_dmp_motion_driver.o
    0x08005ed8   0x08005ed8   0x00000018   Code   RO          428    i.fputc             usart.o
    0x08005ef0   0x08005ef0   0x000000ac   Code   RO         3558    i.get_accel_prod_shift  inv_mpu.o
    0x08005f9c   0x08005f9c   0x00000314   Code   RO         3559    i.get_st_biases     inv_mpu.o
    0x080062b0   0x080062b0   0x0000001c   Code   RO         3458    i.get_yaw           mpu6050.o
    0x080062cc   0x080062cc   0x000000d4   Code   RO         3560    i.gyro_self_test    inv_mpu.o
    0x080063a0   0x080063a0   0x00000022   Code   RO         3561    i.inv_orientation_matrix_to_scalar  inv_mpu.o
    0x080063c2   0x080063c2   0x00000048   Code   RO         3562    i.inv_row_2_scale   inv_mpu.o
    0x0800640a   0x0800640a   0x00000002   PAD
    0x0800640c   0x0800640c   0x000000d4   Code   RO           19    i.main              main.o
    0x080064e0   0x080064e0   0x00000002   Code   RO         3563    i.mget_ms           inv_mpu.o
    0x080064e2   0x080064e2   0x00000002   PAD
    0x080064e4   0x080064e4   0x00000020   Code   RO         4111    i.motor_backward    car.o
    0x08006504   0x08006504   0x00000020   Code   RO         4112    i.motor_forward     car.o
    0x08006524   0x08006524   0x00000020   Code   RO         4113    i.motor_turn_left   car.o
    0x08006544   0x08006544   0x00000020   Code   RO         4114    i.motor_turn_right  car.o
    0x08006564   0x08006564   0x00000054   Code   RO         3564    i.mpu_configure_fifo  inv_mpu.o
    0x080065b8   0x080065b8   0x0000019c   Code   RO         3565    i.mpu_dmp_get_data  inv_mpu.o
    0x08006754   0x08006754   0x000000b0   Code   RO         3566    i.mpu_dmp_init      inv_mpu.o
    0x08006804   0x08006804   0x0000003c   Code   RO         3567    i.mpu_get_accel_fsr  inv_mpu.o
    0x08006840   0x08006840   0x00000044   Code   RO         3569    i.mpu_get_accel_sens  inv_mpu.o
    0x08006884   0x08006884   0x00000034   Code   RO         3575    i.mpu_get_gyro_fsr  inv_mpu.o
    0x080068b8   0x080068b8   0x00000040   Code   RO         3577    i.mpu_get_gyro_sens  inv_mpu.o
    0x080068f8   0x080068f8   0x00000038   Code   RO         3579    i.mpu_get_lpf       inv_mpu.o
    0x08006930   0x08006930   0x0000001c   Code   RO         3581    i.mpu_get_sample_rate  inv_mpu.o
    0x0800694c   0x0800694c   0x00000188   Code   RO         3583    i.mpu_init          inv_mpu.o
    0x08006ad4   0x08006ad4   0x000000a0   Code   RO         3584    i.mpu_load_firmware  inv_mpu.o
    0x08006b74   0x08006b74   0x000000b8   Code   RO         3585    i.mpu_lp_accel_mode  inv_mpu.o
    0x08006c2c   0x08006c2c   0x00000090   Code   RO         3588    i.mpu_read_fifo_stream  inv_mpu.o
    0x08006cbc   0x08006cbc   0x00000054   Code   RO         3589    i.mpu_read_mem      inv_mpu.o
    0x08006d10   0x08006d10   0x00000160   Code   RO         3592    i.mpu_reset_fifo    inv_mpu.o
    0x08006e70   0x08006e70   0x000000f0   Code   RO         3593    i.mpu_run_self_test  inv_mpu.o
    0x08006f60   0x08006f60   0x00000068   Code   RO         3595    i.mpu_set_accel_fsr  inv_mpu.o
    0x08006fc8   0x08006fc8   0x000000dc   Code   RO         3596    i.mpu_set_bypass    inv_mpu.o
    0x080070a4   0x080070a4   0x00000078   Code   RO         3598    i.mpu_set_dmp_state  inv_mpu.o
    0x0800711c   0x0800711c   0x0000006c   Code   RO         3599    i.mpu_set_gyro_fsr  inv_mpu.o
    0x08007188   0x08007188   0x00000064   Code   RO         3600    i.mpu_set_int_latched  inv_mpu.o
    0x080071ec   0x080071ec   0x0000006c   Code   RO         3602    i.mpu_set_lpf       inv_mpu.o
    0x08007258   0x08007258   0x00000080   Code   RO         3603    i.mpu_set_sample_rate  inv_mpu.o
    0x080072d8   0x080072d8   0x000000b8   Code   RO         3604    i.mpu_set_sensors   inv_mpu.o
    0x08007390   0x08007390   0x00000054   Code   RO         3605    i.mpu_write_mem     inv_mpu.o
    0x080073e4   0x080073e4   0x00000080   Code   RO         3606    i.run_self_test     inv_mpu.o
    0x08007464   0x08007464   0x00000058   Code   RO         3607    i.set_int_enable    inv_mpu.o
    0x080074bc   0x080074bc   0x0000004c   Code   RO         4510    i.sqrt              m_ws.l(sqrt.o)
    0x08007508   0x08007508   0x0000002c   Code   RO         4582    locale$$code        c_w.l(lc_numeric_c.o)
    0x08007534   0x08007534   0x00000062   Code   RO         4379    x$fpl$d2f           fz_ws.l(d2f.o)
    0x08007596   0x08007596   0x00000002   PAD
    0x08007598   0x08007598   0x00000150   Code   RO         4381    x$fpl$dadd          fz_ws.l(daddsub_clz.o)
    0x080076e8   0x080076e8   0x00000010   Code   RO         4584    x$fpl$dcheck1       fz_ws.l(dcheck1.o)
    0x080076f8   0x080076f8   0x000002b0   Code   RO         4388    x$fpl$ddiv          fz_ws.l(ddiv.o)
    0x080079a8   0x080079a8   0x00000154   Code   RO         4397    x$fpl$dmul          fz_ws.l(dmul.o)
    0x08007afc   0x08007afc   0x0000009c   Code   RO         4467    x$fpl$dnaninf       fz_ws.l(dnaninf.o)
    0x08007b98   0x08007b98   0x0000000c   Code   RO         4469    x$fpl$dretinf       fz_ws.l(dretinf.o)
    0x08007ba4   0x08007ba4   0x00000016   Code   RO         4382    x$fpl$drsb          fz_ws.l(daddsub_clz.o)
    0x08007bba   0x08007bba   0x00000002   PAD
    0x08007bbc   0x08007bbc   0x000001cc   Code   RO         4588    x$fpl$dsqrt         fz_ws.l(dsqrt_noumaal.o)
    0x08007d88   0x08007d88   0x000001d4   Code   RO         4383    x$fpl$dsub          fz_ws.l(daddsub_clz.o)
    0x08007f5c   0x08007f5c   0x00000056   Code   RO         4399    x$fpl$f2d           fz_ws.l(f2d.o)
    0x08007fb2   0x08007fb2   0x00000002   PAD
    0x08007fb4   0x08007fb4   0x000000c4   Code   RO         4401    x$fpl$fadd          fz_ws.l(faddsub_clz.o)
    0x08008078   0x08008078   0x0000000c   Code   RO         4471    x$fpl$fcheck1       fz_ws.l(fcheck1.o)
    0x08008084   0x08008084   0x00000184   Code   RO         4408    x$fpl$fdiv          fz_ws.l(fdiv.o)
    0x08008208   0x08008208   0x00000036   Code   RO         4411    x$fpl$ffix          fz_ws.l(ffix.o)
    0x0800823e   0x0800823e   0x00000002   PAD
    0x08008240   0x08008240   0x0000003e   Code   RO         4415    x$fpl$ffixu         fz_ws.l(ffixu.o)
    0x0800827e   0x0800827e   0x00000002   PAD
    0x08008280   0x08008280   0x00000030   Code   RO         4420    x$fpl$fflt          fz_ws.l(fflt_clz.o)
    0x080082b0   0x080082b0   0x00000026   Code   RO         4419    x$fpl$ffltu         fz_ws.l(fflt_clz.o)
    0x080082d6   0x080082d6   0x00000002   PAD
    0x080082d8   0x080082d8   0x00000102   Code   RO         4425    x$fpl$fmul          fz_ws.l(fmul.o)
    0x080083da   0x080083da   0x0000008c   Code   RO         4473    x$fpl$fnaninf       fz_ws.l(fnaninf.o)
    0x08008466   0x08008466   0x0000000a   Code   RO         4475    x$fpl$fretinf       fz_ws.l(fretinf.o)
    0x08008470   0x08008470   0x000000ea   Code   RO         4403    x$fpl$fsub          fz_ws.l(faddsub_clz.o)
    0x0800855a   0x0800855a   0x00000004   Code   RO         4427    x$fpl$printf1       fz_ws.l(printf1.o)
    0x0800855e   0x0800855e   0x00000064   Code   RO         4592    x$fpl$retnan        fz_ws.l(retnan.o)
    0x080085c2   0x080085c2   0x0000005c   Code   RO         4477    x$fpl$scalbn        fz_ws.l(scalbn.o)
    0x0800861e   0x0800861e   0x0000004c   Code   RO         4429    x$fpl$scalbnf       fz_ws.l(scalbnf.o)
    0x0800866a   0x0800866a   0x00000030   Code   RO         4660    x$fpl$trapveneer    fz_ws.l(trapv.o)
    0x0800869a   0x0800869a   0x00000000   Code   RO         4479    x$fpl$usenofp       fz_ws.l(usenofp.o)
    0x0800869a   0x0800869a   0x00000010   Data   RO         3410    .constdata          system_stm32f1xx.o
    0x080086aa   0x080086aa   0x00000008   Data   RO         3411    .constdata          system_stm32f1xx.o
    0x080086b2   0x080086b2   0x0000001b   Data   RO         3609    .constdata          inv_mpu.o
    0x080086cd   0x080086cd   0x00000001   PAD
    0x080086ce   0x080086ce   0x0000000c   Data   RO         3610    .constdata          inv_mpu.o
    0x080086da   0x080086da   0x00000002   PAD
    0x080086dc   0x080086dc   0x00000028   Data   RO         3611    .constdata          inv_mpu.o
    0x08008704   0x08008704   0x00000bf6   Data   RO         3950    .constdata          inv_mpu_dmp_motion_driver.o
    0x080092fa   0x080092fa   0x00000011   Data   RO         4357    .constdata          c_w.l(__printf_flags_wp.o)
    0x0800930b   0x0800930b   0x00000005   PAD
    0x08009310   0x08009310   0x00000050   Data   RO         4433    .constdata          m_ws.l(asin.o)
    0x08009360   0x08009360   0x00000098   Data   RO         4482    .constdata          m_ws.l(atan.o)
    0x080093f8   0x080093f8   0x00000008   Data   RO         4508    .constdata          m_ws.l(qnan.o)
    0x08009400   0x08009400   0x00000094   Data   RO         4553    .constdata          c_w.l(bigflt0.o)
    0x08009494   0x08009494   0x0000004d   Data   RO         3612    .conststring        inv_mpu.o
    0x080094e1   0x080094e1   0x00000003   PAD
    0x080094e4   0x080094e4   0x00000020   Data   RO         4740    Region$$Table       anon$$obj.o
    0x08009504   0x08009504   0x0000001c   Data   RO         4581    locale$$data        c_w.l(lc_numeric_c.o)


    Execution Region RW_IRAM1 (Exec base: 0x20000000, Load base: 0x08009520, Size: 0x00000898, Max: 0x00005000, ABSOLUTE)

    Exec Addr    Load Addr    Size         Type   Attr      Idx    E Section Name        Object

    0x20000000   0x08009520   0x00000014   Data   RW           20    .data               main.o
    0x20000014   0x08009534   0x00000004   Data   RW          430    .data               usart.o
    0x20000018   0x08009538   0x0000000c   Data   RW         1128    .data               stm32f1xx_hal.o
    0x20000024   0x08009544   0x00000004   Data   RW         3412    .data               system_stm32f1xx.o
    0x20000028   0x08009548   0x0000000c   Data   RW         3459    .data               mpu6050.o
    0x20000034   0x08009554   0x00000035   Data   RW         3613    .data               inv_mpu.o
    0x20000069   0x08009589   0x00000003   PAD
    0x2000006c   0x0800958c   0x00000008   Data   RW         4186    .data               pid.o
    0x20000074        -       0x00000054   Zero   RW          329    .bss                i2c.o
    0x200000c8        -       0x00000090   Zero   RW          373    .bss                tim.o
    0x20000158        -       0x000000cc   Zero   RW          429    .bss                usart.o
    0x20000224        -       0x00000010   Zero   RW         3949    .bss                inv_mpu_dmp_motion_driver.o
    0x20000234        -       0x00000060   Zero   RW         4595    .bss                c_w.l(libspace.o)
    0x20000294   0x08009594   0x00000004   PAD
    0x20000298        -       0x00000200   Zero   RW            2    HEAP                startup_stm32f103xb.o
    0x20000498        -       0x00000400   Zero   RW            1    STACK               startup_stm32f103xb.o


==============================================================================

Image component sizes


      Code (inc. data)   RO Data    RW Data    ZI Data      Debug   Object Name

       186         20          0          0          0       3630   car.o
       168         12          0          0          0     429543   gpio.o
       192         30          0          0         84       1653   i2c.o
      5336        292        156         53          0      30772   inv_mpu.o
      2350        118       3062          0         16      19018   inv_mpu_dmp_motion_driver.o
       812        130          0         20          0     392329   main.o
       412         22          0         12          0       8142   mpu6050.o
      1168        296          0          8          0       3415   pid.o
        64         26        236          0       1536        812   startup_stm32f103xb.o
       164         28          0         12          0       5841   stm32f1xx_hal.o
       198         14          0          0          0      28587   stm32f1xx_hal_cortex.o
       228          4          0          0          0       2222   stm32f1xx_hal_dma.o
       490         34          0          0          0       2560   stm32f1xx_hal_gpio.o
      5190         88          0          0          0      26432   stm32f1xx_hal_i2c.o
        60          4          0          0          0        858   stm32f1xx_hal_msp.o
      1272        100          0          0          0       4936   stm32f1xx_hal_rcc.o
      1762         60          0          0          0      15419   stm32f1xx_hal_tim.o
       108         12          0          0          0       2317   stm32f1xx_hal_tim_ex.o
      1154         10          0          0          0       7804   stm32f1xx_hal_uart.o
        94         36          0          0          0       6912   stm32f1xx_it.o
         2          0         24          4          0       1119   system_stm32f1xx.o
       544         38          0          0        144       3125   tim.o
       502         54          0          4        204       3977   usart.o

    ----------------------------------------------------------------------
     22502       1428       3516        116       1984    1001423   Object Totals
         0          0         32          0          0          0   (incl. Generated)
        46          0          6          3          0          0   (incl. Padding)

    ----------------------------------------------------------------------

      Code (inc. data)   RO Data    RW Data    ZI Data      Debug   Library Member Name

         8          0          0          0          0         68   __main.o
       312          4         17          0          0         92   __printf_flags_wp.o
        14          0          0          0          0         68   __printf_wp.o
         0          0          0          0          0          0   __rtentry.o
        12          0          0          0          0          0   __rtentry2.o
         6          0          0          0          0          0   __rtentry4.o
        52          8          0          0          0          0   __scatter.o
        26          0          0          0          0          0   __scatter_copy.o
        28          0          0          0          0          0   __scatter_zi.o
        44          0          0          0          0        108   _printf_char.o
        48          6          0          0          0         96   _printf_char_common.o
        36          4          0          0          0         80   _printf_char_file.o
         6          0          0          0          0          0   _printf_d.o
       120         16          0          0          0         92   _printf_dec.o
         6          0          0          0          0          0   _printf_f.o
      1050          0          0          0          0        216   _printf_fp_dec.o
       128         16          0          0          0         84   _printf_fp_infnan.o
       178          0          0          0          0         88   _printf_intcommon.o
         0          0          0          0          0          0   _printf_percent.o
         4          0          0          0          0          0   _printf_percent_end.o
         6          0          0          0          0          0   _printf_s.o
        82          0          0          0          0         80   _printf_str.o
        22          0          0          0          0        100   _rserrno.o
        16          0          0          0          0         68   aeabi_memset.o
       220          4        148          0          0         96   bigflt0.o
      1910        128          0          0          0        672   btod.o
        12          0          0          0          0         72   exit.o
         8          0          0          0          0         68   ferror.o
         6          0          0          0          0        152   heapauxi.o
        44         10         28          0          0         76   lc_numeric_c.o
         2          0          0          0          0          0   libinit.o
        18          0          0          0          0          0   libinit2.o
         2          0          0          0          0          0   libshutdown.o
         2          0          0          0          0          0   libshutdown2.o
         8          4          0          0         96         68   libspace.o
        72          0          0          0          0         76   llsdiv.o
       138          0          0          0          0         80   lludiv10.o
       238          0          0          0          0        100   lludivv7m.o
        88          0          0          0          0         76   memcmp.o
        24          4          0          0          0         84   noretval__2printf.o
         8          4          0          0          0         68   rt_errno_addr_intlibspace.o
         8          4          0          0          0         68   rt_locale_intlibspace.o
        68          0          0          0          0         68   rt_memclr.o
        78          0          0          0          0         80   rt_memclr_w.o
         2          0          0          0          0          0   rtexit.o
        10          0          0          0          0          0   rtexit2.o
       128          0          0          0          0         68   strcmpv7m.o
        74          0          0          0          0         80   sys_stackheap_outer.o
         2          0          0          0          0         68   use_no_semi.o
         2          0          0          0          0         68   use_no_semi_2.o
        98          4          0          0          0         92   d2f.o
       826         16          0          0          0        348   daddsub_clz.o
        16          4          0          0          0         68   dcheck1.o
       688        140          0          0          0        208   ddiv.o
       340         12          0          0          0        104   dmul.o
       156          4          0          0          0         92   dnaninf.o
        12          0          0          0          0         68   dretinf.o
       460         56          0          0          0        120   dsqrt_noumaal.o
        86          4          0          0          0         84   f2d.o
       430          8          0          0          0        168   faddsub_clz.o
        12          4          0          0          0         68   fcheck1.o
       388         76          0          0          0         96   fdiv.o
        54          4          0          0          0         84   ffix.o
        62          4          0          0          0         84   ffixu.o
        86          0          0          0          0        136   fflt_clz.o
       258          4          0          0          0         84   fmul.o
       140          4          0          0          0         84   fnaninf.o
        10          0          0          0          0         68   fretinf.o
         4          0          0          0          0         68   printf1.o
       100          0          0          0          0         68   retnan.o
        92          0          0          0          0         68   scalbn.o
        76          0          0          0          0         68   scalbnf.o
        48          0          0          0          0         68   trapv.o
         0          0          0          0          0          0   usenofp.o
       624         52         80          0          0        168   asin.o
       544         70        152          0          0        124   atan.o
       384         38          0          0          0        144   atan2.o
        38          6          0          0          0        272   dunder.o
        40          0          0          0          0         68   fpclassify.o
       170          0          0          0          0         96   poly.o
         0          0          8          0          0          0   qnan.o
        76          0          0          0          0         84   sqrt.o

    ----------------------------------------------------------------------
     11720        722        438          0        100       6780   Library Totals
        26          0          5          0          4          0   (incl. Padding)

    ----------------------------------------------------------------------

      Code (inc. data)   RO Data    RW Data    ZI Data      Debug   Library Name

      5376        212        193          0         96       3428   c_w.l
      4442        344          0          0          0       2396   fz_ws.l
      1876        166        240          0          0        956   m_ws.l

    ----------------------------------------------------------------------
     11720        722        438          0        100       6780   Library Totals

    ----------------------------------------------------------------------

==============================================================================


      Code (inc. data)   RO Data    RW Data    ZI Data      Debug   

     34222       2150       3954        116       2084     994159   Grand Totals
     34222       2150       3954        116       2084     994159   ELF Image Totals
     34222       2150       3954        116          0          0   ROM Totals

==============================================================================

    Total RO  Size (Code + RO Data)                38176 (  37.28kB)
    Total RW  Size (RW Data + ZI Data)              2200 (   2.15kB)
    Total ROM Size (Code + RO Data + RW Data)      38292 (  37.39kB)

==============================================================================

