Component: ARM Compiler 5.05 update 1 (build 106) Tool: armlink [4d0efa]

==============================================================================

Section Cross References

    startup_stm32f103xb.o(STACK) refers (Special) to heapauxi.o(.text) for __use_two_region_memory
    startup_stm32f103xb.o(HEAP) refers (Special) to heapauxi.o(.text) for __use_two_region_memory
    startup_stm32f103xb.o(RESET) refers (Special) to heapauxi.o(.text) for __use_two_region_memory
    startup_stm32f103xb.o(RESET) refers to startup_stm32f103xb.o(STACK) for __initial_sp
    startup_stm32f103xb.o(RESET) refers to startup_stm32f103xb.o(.text) for Reset_Handler
    startup_stm32f103xb.o(RESET) refers to stm32f1xx_it.o(i.NMI_Handler) for NMI_Handler
    startup_stm32f103xb.o(RESET) refers to stm32f1xx_it.o(i.HardFault_Handler) for HardFault_Handler
    startup_stm32f103xb.o(RESET) refers to stm32f1xx_it.o(i.MemManage_Handler) for MemManage_Handler
    startup_stm32f103xb.o(RESET) refers to stm32f1xx_it.o(i.BusFault_Handler) for BusFault_Handler
    startup_stm32f103xb.o(RESET) refers to stm32f1xx_it.o(i.UsageFault_Handler) for UsageFault_Handler
    startup_stm32f103xb.o(RESET) refers to stm32f1xx_it.o(i.SVC_Handler) for SVC_Handler
    startup_stm32f103xb.o(RESET) refers to stm32f1xx_it.o(i.DebugMon_Handler) for DebugMon_Handler
    startup_stm32f103xb.o(RESET) refers to stm32f1xx_it.o(i.PendSV_Handler) for PendSV_Handler
    startup_stm32f103xb.o(RESET) refers to stm32f1xx_it.o(i.SysTick_Handler) for SysTick_Handler
    startup_stm32f103xb.o(RESET) refers to stm32f1xx_it.o(i.RCC_IRQHandler) for RCC_IRQHandler
    startup_stm32f103xb.o(RESET) refers to stm32f1xx_it.o(i.TIM2_IRQHandler) for TIM2_IRQHandler
    startup_stm32f103xb.o(RESET) refers to stm32f1xx_it.o(i.TIM3_IRQHandler) for TIM3_IRQHandler
    startup_stm32f103xb.o(RESET) refers to stm32f1xx_it.o(i.I2C1_EV_IRQHandler) for I2C1_EV_IRQHandler
    startup_stm32f103xb.o(RESET) refers to stm32f1xx_it.o(i.USART1_IRQHandler) for USART1_IRQHandler
    startup_stm32f103xb.o(RESET) refers to stm32f1xx_it.o(i.USART2_IRQHandler) for USART2_IRQHandler
    startup_stm32f103xb.o(RESET) refers to stm32f1xx_it.o(i.USART3_IRQHandler) for USART3_IRQHandler
    startup_stm32f103xb.o(.text) refers (Special) to heapauxi.o(.text) for __use_two_region_memory
    startup_stm32f103xb.o(.text) refers to system_stm32f1xx.o(i.SystemInit) for SystemInit
    startup_stm32f103xb.o(.text) refers to __main.o(!!!main) for __main
    startup_stm32f103xb.o(.text) refers to startup_stm32f103xb.o(HEAP) for Heap_Mem
    startup_stm32f103xb.o(.text) refers to startup_stm32f103xb.o(STACK) for Stack_Mem
    main.o(i.BuzzleOff) refers to stm32f1xx_hal_gpio.o(i.HAL_GPIO_WritePin) for HAL_GPIO_WritePin
    main.o(i.BuzzleOn) refers to stm32f1xx_hal_gpio.o(i.HAL_GPIO_WritePin) for HAL_GPIO_WritePin
    main.o(i.HAL_UART_RxCpltCallback) refers to stm32f1xx_hal_uart.o(i.HAL_UART_Receive_IT) for HAL_UART_Receive_IT
    main.o(i.HAL_UART_RxCpltCallback) refers to stm32f1xx_hal_gpio.o(i.HAL_GPIO_WritePin) for HAL_GPIO_WritePin
    main.o(i.HAL_UART_RxCpltCallback) refers to main.o(.data) for .data
    main.o(i.HAL_UART_RxCpltCallback) refers to usart.o(.bss) for huart1
    main.o(i.Mpu6050_Init) refers to _printf_percent.o(.ARM.Collect$$_printf_percent$$00000000) for _printf_percent
    main.o(i.Mpu6050_Init) refers to _printf_s.o(.ARM.Collect$$_printf_percent$$00000014) for _printf_s
    main.o(i.Mpu6050_Init) refers to _printf_str.o(.text) for _printf_str
    main.o(i.Mpu6050_Init) refers to mpu6050.o(i.MPU_Init) for MPU_Init
    main.o(i.Mpu6050_Init) refers to noretval__2printf.o(.text) for __2printf
    main.o(i.Mpu6050_Init) refers to stm32f1xx_hal_gpio.o(i.HAL_GPIO_WritePin) for HAL_GPIO_WritePin
    main.o(i.Mpu6050_Init) refers to stm32f1xx_hal.o(i.HAL_Delay) for HAL_Delay
    main.o(i.Mpu6050_Init) refers to inv_mpu.o(i.mpu_dmp_init) for mpu_dmp_init
    main.o(i.Problem1) refers to pid.o(i.CarStraight) for CarStraight
    main.o(i.Problem1) refers to car.o(i.car_stop) for car_stop
    main.o(i.Problem1) refers to stm32f1xx_hal.o(i.HAL_Delay) for HAL_Delay
    main.o(i.Problem1) refers to pid.o(i.CarLeft90) for CarLeft90
    main.o(i.Problem1) refers to car.o(i.motor_backward) for motor_backward
    main.o(i.Problem1) refers to pid.o(i.CarBack) for CarBack
    main.o(i.Problem1) refers to car.o(i.motor_forward) for motor_forward
    main.o(i.Problem1) refers to car.o(i.car_stright) for car_stright
    main.o(i.Problem1) refers to pid.o(i.CarRight90) for CarRight90
    main.o(i.Problem1) refers to main.o(.data) for .data
    main.o(i.SystemClock_Config) refers to rt_memclr_w.o(.text) for __aeabi_memclr4
    main.o(i.SystemClock_Config) refers to stm32f1xx_hal_rcc.o(i.HAL_RCC_OscConfig) for HAL_RCC_OscConfig
    main.o(i.SystemClock_Config) refers to stm32f1xx_hal_rcc.o(i.HAL_RCC_ClockConfig) for HAL_RCC_ClockConfig
    main.o(i.Test) refers to car.o(i.car_stright) for car_stright
[...]
    _printf_percent_end                      0x08000173   Thumb Code     0  _printf_percent_end.o(.ARM.Collect$$_printf_percent$$00000017)
    __rt_lib_init                            0x08000177   Thumb Code     0  libinit.o(.ARM.Collect$$libinit$$00000000)
    __rt_lib_init_fp_1                       0x08000179   Thumb Code     0  libinit2.o(.ARM.Collect$$libinit$$00000002)
    __rt_lib_init_heap_1                     0x08000179   Thumb Code     0  libinit2.o(.ARM.Collect$$libinit$$0000000A)
    __rt_lib_init_lc_common                  0x08000179   Thumb Code     0  libinit2.o(.ARM.Collect$$libinit$$0000000F)
    __rt_lib_init_preinit_1                  0x08000179   Thumb Code     0  libinit2.o(.ARM.Collect$$libinit$$00000004)
    __rt_lib_init_rand_1                     0x08000179   Thumb Code     0  libinit2.o(.ARM.Collect$$libinit$$0000000E)
    __rt_lib_init_user_alloc_1               0x08000179   Thumb Code     0  libinit2.o(.ARM.Collect$$libinit$$0000000C)
    __rt_lib_init_lc_collate_1               0x0800017f   Thumb Code     0  libinit2.o(.ARM.Collect$$libinit$$00000011)
    __rt_lib_init_lc_ctype_1                 0x0800017f   Thumb Code     0  libinit2.o(.ARM.Collect$$libinit$$00000013)
    __rt_lib_init_lc_monetary_1              0x0800017f   Thumb Code     0  libinit2.o(.ARM.Collect$$libinit$$00000015)
    __rt_lib_init_lc_numeric_2               0x0800017f   Thumb Code     0  libinit2.o(.ARM.Collect$$libinit$$00000016)
    __rt_lib_init_alloca_1                   0x08000189   Thumb Code     0  libinit2.o(.ARM.Collect$$libinit$$0000002E)
    __rt_lib_init_argv_1                     0x08000189   Thumb Code     0  libinit2.o(.ARM.Collect$$libinit$$0000002C)
    __rt_lib_init_atexit_1                   0x08000189   Thumb Code     0  libinit2.o(.ARM.Collect$$libinit$$0000001B)
    __rt_lib_init_clock_1                    0x08000189   Thumb Code     0  libinit2.o(.ARM.Collect$$libinit$$00000021)
    __rt_lib_init_cpp_1                      0x08000189   Thumb Code     0  libinit2.o(.ARM.Collect$$libinit$$00000032)
    __rt_lib_init_exceptions_1               0x08000189   Thumb Code     0  libinit2.o(.ARM.Collect$$libinit$$00000030)
    __rt_lib_init_fp_trap_1                  0x08000189   Thumb Code     0  libinit2.o(.ARM.Collect$$libinit$$0000001F)
    __rt_lib_init_getenv_1                   0x08000189   Thumb Code     0  libinit2.o(.ARM.Collect$$libinit$$00000023)
    __rt_lib_init_lc_numeric_1               0x08000189   Thumb Code     0  libinit2.o(.ARM.Collect$$libinit$$00000017)
    __rt_lib_init_lc_time_1                  0x08000189   Thumb Code     0  libinit2.o(.ARM.Collect$$libinit$$00000019)
    __rt_lib_init_return                     0x08000189   Thumb Code     0  libinit2.o(.ARM.Collect$$libinit$$00000033)
    __rt_lib_init_signal_1                   0x08000189   Thumb Code     0  libinit2.o(.ARM.Collect$$libinit$$0000001D)
    __rt_lib_init_stdio_1                    0x08000189   Thumb Code     0  libinit2.o(.ARM.Collect$$libinit$$00000025)
    __rt_lib_shutdown                        0x0800018b   Thumb Code     0  libshutdown.o(.ARM.Collect$$libshutdown$$00000000)
    __rt_lib_shutdown_fp_trap_1              0x0800018d   Thumb Code     0  libshutdown2.o(.ARM.Collect$$libshutdown$$00000006)
    __rt_lib_shutdown_heap_1                 0x0800018d   Thumb Code     0  libshutdown2.o(.ARM.Collect$$libshutdown$$0000000E)
    __rt_lib_shutdown_return                 0x0800018d   Thumb Code     0  libshutdown2.o(.ARM.Collect$$libshutdown$$0000000F)
    __rt_lib_shutdown_signal_1               0x0800018d   Thumb Code     0  libshutdown2.o(.ARM.Collect$$libshutdown$$00000009)
    __rt_lib_shutdown_stdio_1                0x0800018d   Thumb Code     0  libshutdown2.o(.ARM.Collect$$libshutdown$$00000003)
    __rt_lib_shutdown_user_alloc_1           0x0800018d   Thumb Code     0  libshutdown2.o(.ARM.Collect$$libshutdown$$0000000B)
    __rt_entry                               0x0800018f   Thumb Code     0  __rtentry.o(.ARM.Collect$$rtentry$$00000000)
    __rt_entry_presh_1                       0x0800018f   Thumb Code     0  __rtentry2.o(.ARM.Collect$$rtentry$$00000002)
    __rt_entry_sh                            0x0800018f   Thumb Code     0  __rtentry4.o(.ARM.Collect$$rtentry$$00000004)
    __rt_entry_li                            0x08000195   Thumb Code     0  __rtentry2.o(.ARM.Collect$$rtentry$$0000000A)
    __rt_entry_postsh_1                      0x08000195   Thumb Code     0  __rtentry2.o(.ARM.Collect$$rtentry$$00000009)
    __rt_entry_main                          0x08000199   Thumb Code     0  __rtentry2.o(.ARM.Collect$$rtentry$$0000000D)
    __rt_entry_postli_1                      0x08000199   Thumb Code     0  __rtentry2.o(.ARM.Collect$$rtentry$$0000000C)
    __rt_exit                                0x080001a1   Thumb Code     0  rtexit.o(.ARM.Collect$$rtexit$$00000000)
    __rt_exit_ls                             0x080001a3   Thumb Code     0  rtexit2.o(.ARM.Collect$$rtexit$$00000003)
    __rt_exit_prels_1                        0x080001a3   Thumb Code     0  rtexit2.o(.ARM.Collect$$rtexit$$00000002)
    __rt_exit_exit                           0x080001a7   Thumb Code     0  rtexit2.o(.ARM.Collect$$rtexit$$00000004)
    Reset_Handler                            0x080001ad   Thumb Code     8  startup_stm32f103xb.o(.text)
    ADC1_2_IRQHandler                        0x080001c7   Thumb Code     0  startup_stm32f103xb.o(.text)
    CAN1_RX1_IRQHandler                      0x080001c7   Thumb Code     0  startup_stm32f103xb.o(.text)
    CAN1_SCE_IRQHandler                      0x080001c7   Thumb Code     0  startup_stm32f103xb.o(.text)
    DMA1_Channel1_IRQHandler                 0x080001c7   Thumb Code     0  startup_stm32f103xb.o(.text)
    DMA1_Channel2_IRQHandler                 0x080001c7   Thumb Code     0  startup_stm32f103xb.o(.text)
    DMA1_Channel3_IRQHandler                 0x080001c7   Thumb Code     0  startup_stm32f103xb.o(.text)
    DMA1_Channel4_IRQHandler                 0x080001c7   Thumb Code     0  startup_stm32f103xb.o(.text)
    DMA1_Channel5_IRQHandler                 0x080001c7   Thumb Code     0  startup_stm32f103xb.o(.text)
    DMA1_Channel6_IRQHandler                 0x080001c7   Thumb Code     0  startup_stm32f103xb.o(.text)
    DMA1_Channel7_IRQHandler                 0x080001c7   Thumb Code     0  startup_stm32f103xb.o(.text)
    EXTI0_IRQHandler                         0x080001c7   Thumb Code     0  startup_stm32f103xb.o(.text)
    EXTI15_10_IRQHandler                     0x080001c7   Thumb Code     0  startup_stm32f103xb.o(.text)
    EXTI1_IRQHandler                         0x080001c7   Thumb Code     0  startup_stm32f103xb.o(.text)
    EXTI2_IRQHandler                         0x080001c7   Thumb Code     0  startup_stm32f103xb.o(.text)
    EXTI3_IRQHandler                         0x080001c7   Thumb Code     0  startup_stm32f103xb.o(.text)
    EXTI4_IRQHandler                         0x080001c7   Thumb Code     0  startup_stm32f103xb.o(.text)
    EXTI9_5_IRQHandler                       0x080001c7   Thumb Code     0  startup_stm32f103xb.o(.text)
    FLASH_IRQHandler                         0x080001c7   Thumb Code     0  startup_stm32f103xb.o(.text)
    I2C1_ER_IRQHandler                       0x080001c7   Thumb Code     0  startup_stm32f103xb.o(.text)
    I2C2_ER_IRQHandler                       0x080001c7   Thumb Code     0  startup_stm32f103xb.o(.text)
    I2C2_EV_IRQHandler                       0x080001c7   Thumb Code     0  startup_stm32f103xb.o(.text)
    PVD_IRQHandler                           0x080001c7   Thumb Code     0  startup_stm32f103xb.o(.text)
    RTC_Alarm_IRQHandler                     0x080001c7   Thumb Code     0  startup_stm32f103xb.o(.text)
    RTC_IRQHandler                           0x080001c7   Thumb Code     0  startup_stm32f103xb.o(.text)
    SPI1_IRQHandler                          0x080001c7   Thumb Code     0  startup_stm32f103xb.o(.text)
    SPI2_IRQHandler                          0x080001c7   Thumb Code     0  startup_stm32f103xb.o(.text)
    TAMPER_IRQHandler                        0x080001c7   Thumb Code     0  startup_stm32f103xb.o(.text)
    TIM1_BRK_IRQHandler                      0x080001c7   Thumb Code     0  startup_stm32f103xb.o(.text)
    TIM1_CC_IRQHandler                       0x080001c7   Thumb Code     0  startup_stm32f103xb.o(.text)
    TIM1_TRG_COM_IRQHandler                  0x080001c7   Thumb Code     0  startup_stm32f103xb.o(.text)
    TIM1_UP_IRQHandler                       0x080001c7   Thumb Code     0  startup_stm32f103xb.o(.text)
    TIM4_IRQHandler                          0x080001c7   Thumb Code     0  startup_stm32f103xb.o(.text)
    USBWakeUp_IRQHandler                     0x080001c7   Thumb Code     0  startup_stm32f103xb.o(.text)
    USB_HP_CAN1_TX_IRQHandler                0x080001c7   Thumb Code     0  startup_stm32f103xb.o(.text)
    USB_LP_CAN1_RX0_IRQHandler               0x080001c7   Thumb Code     0  startup_stm32f103xb.o(.text)
    WWDG_IRQHandler                          0x080001c7   Thumb Code     0  startup_stm32f103xb.o(.text)
    __user_initial_stackheap                 0x080001c9   Thumb Code     0  startup_stm32f103xb.o(.text)
    __use_no_semihosting                     0x080001ed   Thumb Code     2  use_no_semi_2.o(.text)
    __aeabi_ldivmod                          0x080001ef   Thumb Code     0  llsdiv.o(.text)
    _ll_sdiv                                 0x080001ef   Thumb Code    72  llsdiv.o(.text)
    __2printf                                0x08000239   Thumb Code    20  noretval__2printf.o(.text)
    _printf_str                              0x08000251   Thumb Code    82  _printf_str.o(.text)
    _printf_int_dec                          0x080002a5   Thumb Code   104  _printf_dec.o(.text)
    __printf                                 0x0800031d   Thumb Code   308  __printf_flags_wp.o(.text)
    memcmp                                   0x08000455   Thumb Code    88  memcmp.o(.text)
    __aeabi_memset                           0x080004ad   Thumb Code    16  aeabi_memset.o(.text)
    __aeabi_memclr4                          0x080004bd   Thumb Code     0  rt_memclr_w.o(.text)
    __aeabi_memclr8                          0x080004bd   Thumb Code     0  rt_memclr_w.o(.text)
    __rt_memclr_w                            0x080004bd   Thumb Code    78  rt_memclr_w.o(.text)
    _memset_w                                0x080004c1   Thumb Code     0  rt_memclr_w.o(.text)
    __use_two_region_memory                  0x0800050b   Thumb Code     2  heapauxi.o(.text)
    __rt_heap_escrow$2region                 0x0800050d   Thumb Code     2  heapauxi.o(.text)
    __rt_heap_expand$2region                 0x0800050f   Thumb Code     2  heapauxi.o(.text)
    __I$use$semihosting                      0x08000511   Thumb Code     0  use_no_semi.o(.text)
    __use_no_semihosting_swi                 0x08000511   Thumb Code     2  use_no_semi.o(.text)
    __aeabi_uldivmod                         0x08000513   Thumb Code     0  lludivv7m.o(.text)
    _ll_udiv                                 0x08000513   Thumb Code   238  lludivv7m.o(.text)
    __read_errno                             0x08000601   Thumb Code    10  _rserrno.o(.text)
    __set_errno                              0x0800060b   Thumb Code    12  _rserrno.o(.text)
    _printf_int_common                       0x08000617   Thumb Code   178  _printf_intcommon.o(.text)
    __lib_sel_fp_printf                      0x080006c9   Thumb Code     2  _printf_fp_dec.o(.text)
    _printf_fp_dec_real                      0x08000877   Thumb Code   620  _printf_fp_dec.o(.text)
    _printf_cs_common                        0x08000ae3   Thumb Code    20  _printf_char.o(.text)
    _printf_char                             0x08000af7   Thumb Code    16  _printf_char.o(.text)
    _printf_string                           0x08000b07   Thumb Code     8  _printf_char.o(.text)
    _printf_char_file                        0x08000b11   Thumb Code    32  _printf_char_file.o(.text)
    __aeabi_memclr                           0x08000b35   Thumb Code     0  rt_memclr.o(.text)
    __rt_memclr                              0x08000b35   Thumb Code    68  rt_memclr.o(.text)
    _memset                                  0x08000b39   Thumb Code     0  rt_memclr.o(.text)
    __rt_locale                              0x08000b79   Thumb Code     8  rt_locale_intlibspace.o(.text)
    __aeabi_errno_addr                       0x08000b81   Thumb Code     8  rt_errno_addr_intlibspace.o(.text)
    __errno$intlibspace                      0x08000b81   Thumb Code     0  rt_errno_addr_intlibspace.o(.text)
    __rt_errno_addr$intlibspace              0x08000b81   Thumb Code     0  rt_errno_addr_intlibspace.o(.text)
    _ll_udiv10                               0x08000b89   Thumb Code   138  lludiv10.o(.text)
    _printf_char_common                      0x08000c1f   Thumb Code    32  _printf_char_common.o(.text)
    _printf_fp_infnan                        0x08000c45   Thumb Code   112  _printf_fp_infnan.o(.text)
    _btod_etento                             0x08000cc5   Thumb Code   216  bigflt0.o(.text)
    ferror                                   0x08000da1   Thumb Code     8  ferror.o(.text)
    __user_libspace                          0x08000da9   Thumb Code     8  libspace.o(.text)
    __user_perproc_libspace                  0x08000da9   Thumb Code     0  libspace.o(.text)
    __user_perthread_libspace                0x08000da9   Thumb Code     0  libspace.o(.text)
    __user_setup_stackheap                   0x08000db1   Thumb Code    74  sys_stackheap_outer.o(.text)
    exit                                     0x08000dfb   Thumb Code    12  exit.o(.text)
    strcmp                                   0x08000e09   Thumb Code   128  strcmpv7m.o(.text)
    _btod_d2e                                0x08000e89   Thumb Code    62  btod.o(CL$$btod_d2e)
    _d2e_denorm_low                          0x08000ec7   Thumb Code    70  btod.o(CL$$btod_d2e_denorm_low)
    _d2e_norm_op1                            0x08000f0d   Thumb Code    96  btod.o(CL$$btod_d2e_norm_op1)
    __btod_div_common                        0x08000f6d   Thumb Code   696  btod.o(CL$$btod_div_common)
    _e2e                                     0x080012a5   Thumb Code   198  btod.o(CL$$btod_e2e)
    _btod_ediv                               0x0800136b   Thumb Code    40  btod.o(CL$$btod_ediv)
    _btod_emul                               0x08001393   Thumb Code    40  btod.o(CL$$btod_emul)
    __btod_mult_common                       0x080013bb   Thumb Code   580  btod.o(CL$$btod_mult_common)
    BusFault_Handler                         0x080015ff   Thumb Code     2  stm32f1xx_it.o(i.BusFault_Handler)
    CarBack                                  0x08001601   Thumb Code   240  pid.o(i.CarBack)
    CarLeft90                                0x08001735   Thumb Code   188  pid.o(i.CarLeft90)
    CarRight90                               0x08001841   Thumb Code   190  pid.o(i.CarRight90)
    CarStraight                              0x08001951   Thumb Code   254  pid.o(i.CarStraight)
    DebugMon_Handler                         0x08001a91   Thumb Code     2  stm32f1xx_it.o(i.DebugMon_Handler)
    Error_Handler                            0x08001a93   Thumb Code     4  main.o(i.Error_Handler)
    HAL_DMA_Abort                            0x08001a97   Thumb Code    70  stm32f1xx_hal_dma.o(i.HAL_DMA_Abort)
    HAL_DMA_Abort_IT                         0x08001add   Thumb Code   148  stm32f1xx_hal_dma.o(i.HAL_DMA_Abort_IT)
    HAL_DMA_GetState                         0x08001b75   Thumb Code     6  stm32f1xx_hal_dma.o(i.HAL_DMA_GetState)
    HAL_Delay                                0x08001b7d   Thumb Code    32  stm32f1xx_hal.o(i.HAL_Delay)
    HAL_GPIO_Init                            0x08001ba1   Thumb Code   446  stm32f1xx_hal_gpio.o(i.HAL_GPIO_Init)
    HAL_GPIO_WritePin                        0x08001d81   Thumb Code    10  stm32f1xx_hal_gpio.o(i.HAL_GPIO_WritePin)
    HAL_GetTick                              0x08001d8d   Thumb Code     6  stm32f1xx_hal.o(i.HAL_GetTick)
    HAL_I2C_AbortCpltCallback                0x08001d99   Thumb Code     2  stm32f1xx_hal_i2c.o(i.HAL_I2C_AbortCpltCallback)
    HAL_I2C_AddrCallback                     0x08001d9b   Thumb Code     2  stm32f1xx_hal_i2c.o(i.HAL_I2C_AddrCallback)
    HAL_I2C_EV_IRQHandler                    0x08001d9d   Thumb Code   560  stm32f1xx_hal_i2c.o(i.HAL_I2C_EV_IRQHandler)
    HAL_I2C_ErrorCallback                    0x08001fcd   Thumb Code     2  stm32f1xx_hal_i2c.o(i.HAL_I2C_ErrorCallback)
    HAL_I2C_Init                             0x08001fd1   Thumb Code   376  stm32f1xx_hal_i2c.o(i.HAL_I2C_Init)
    HAL_I2C_ListenCpltCallback               0x08002159   Thumb Code     2  stm32f1xx_hal_i2c.o(i.HAL_I2C_ListenCpltCallback)
    HAL_I2C_MasterRxCpltCallback             0x0800215b   Thumb Code     2  stm32f1xx_hal_i2c.o(i.HAL_I2C_MasterRxCpltCallback)
    HAL_I2C_MasterTxCpltCallback             0x0800215d   Thumb Code     2  stm32f1xx_hal_i2c.o(i.HAL_I2C_MasterTxCpltCallback)
    HAL_I2C_MemRxCpltCallback                0x0800215f   Thumb Code     2  stm32f1xx_hal_i2c.o(i.HAL_I2C_MemRxCpltCallback)
    HAL_I2C_MemTxCpltCallback                0x08002161   Thumb Code     2  stm32f1xx_hal_i2c.o(i.HAL_I2C_MemTxCpltCallback)
    HAL_I2C_Mem_Read                         0x08002165   Thumb Code   574  stm32f1xx_hal_i2c.o(i.HAL_I2C_Mem_Read)
    HAL_I2C_Mem_Write                        0x080023b5   Thumb Code   294  stm32f1xx_hal_i2c.o(i.HAL_I2C_Mem_Write)
    HAL_I2C_MspInit                          0x080024e5   Thumb Code   112  i2c.o(i.HAL_I2C_MspInit)
    HAL_I2C_SlaveRxCpltCallback              0x08002565   Thumb Code     2  stm32f1xx_hal_i2c.o(i.HAL_I2C_SlaveRxCpltCallback)
    HAL_I2C_SlaveTxCpltCallback              0x08002567   Thumb Code     2  stm32f1xx_hal_i2c.o(i.HAL_I2C_SlaveTxCpltCallback)
    HAL_IncTick                              0x08002569   Thumb Code    12  stm32f1xx_hal.o(i.HAL_IncTick)
    HAL_Init                                 0x08002579   Thumb Code    32  stm32f1xx_hal.o(i.HAL_Init)
    HAL_InitTick                             0x0800259d   Thumb Code    54  stm32f1xx_hal.o(i.HAL_InitTick)
    HAL_MspInit                              0x080025dd   Thumb Code    56  stm32f1xx_hal_msp.o(i.HAL_MspInit)
    HAL_NVIC_EnableIRQ                       0x08002619   Thumb Code    26  stm32f1xx_hal_cortex.o(i.HAL_NVIC_EnableIRQ)
    HAL_NVIC_SetPriority                     0x08002635   Thumb Code    60  stm32f1xx_hal_cortex.o(i.HAL_NVIC_SetPriority)
    HAL_NVIC_SetPriorityGrouping             0x08002675   Thumb Code    26  stm32f1xx_hal_cortex.o(i.HAL_NVIC_SetPriorityGrouping)
    HAL_RCC_ClockConfig                      0x08002699   Thumb Code   280  stm32f1xx_hal_rcc.o(i.HAL_RCC_ClockConfig)
    HAL_RCC_GetPCLK1Freq                     0x080027c5   Thumb Code    20  stm32f1xx_hal_rcc.o(i.HAL_RCC_GetPCLK1Freq)
    HAL_RCC_GetPCLK2Freq                     0x080027e5   Thumb Code    20  stm32f1xx_hal_rcc.o(i.HAL_RCC_GetPCLK2Freq)
    HAL_RCC_GetSysClockFreq                  0x08002805   Thumb Code    74  stm32f1xx_hal_rcc.o(i.HAL_RCC_GetSysClockFreq)
    HAL_RCC_OscConfig                        0x08002871   Thumb Code   778  stm32f1xx_hal_rcc.o(i.HAL_RCC_OscConfig)
    HAL_SYSTICK_Config                       0x08002b91   Thumb Code    40  stm32f1xx_hal_cortex.o(i.HAL_SYSTICK_Config)
    HAL_TIMEx_BreakCallback                  0x08002bb9   Thumb Code     2  stm32f1xx_hal_tim_ex.o(i.HAL_TIMEx_BreakCallback)
    HAL_TIMEx_CommutCallback                 0x08002bbb   Thumb Code     2  stm32f1xx_hal_tim_ex.o(i.HAL_TIMEx_CommutCallback)
    HAL_TIMEx_MasterConfigSynchronization    0x08002bbd   Thumb Code    92  stm32f1xx_hal_tim_ex.o(i.HAL_TIMEx_MasterConfigSynchronization)
    HAL_TIM_Base_Init                        0x08002c25   Thumb Code    90  stm32f1xx_hal_tim.o(i.HAL_TIM_Base_Init)
    HAL_TIM_Base_MspInit                     0x08002c81   Thumb Code    86  tim.o(i.HAL_TIM_Base_MspInit)
    HAL_TIM_Base_Start                       0x08002ce1   Thumb Code    66  stm32f1xx_hal_tim.o(i.HAL_TIM_Base_Start)
    HAL_TIM_ConfigClockSource                0x08002d31   Thumb Code   214  stm32f1xx_hal_tim.o(i.HAL_TIM_ConfigClockSource)
    HAL_TIM_IC_CaptureCallback               0x08002e07   Thumb Code     2  stm32f1xx_hal_tim.o(i.HAL_TIM_IC_CaptureCallback)
    HAL_TIM_IRQHandler                       0x08002e09   Thumb Code   358  stm32f1xx_hal_tim.o(i.HAL_TIM_IRQHandler)
    HAL_TIM_MspPostInit                      0x08002f71   Thumb Code    96  tim.o(i.HAL_TIM_MspPostInit)
    HAL_TIM_OC_DelayElapsedCallback          0x08002fe1   Thumb Code     2  stm32f1xx_hal_tim.o(i.HAL_TIM_OC_DelayElapsedCallback)
    HAL_TIM_PWM_ConfigChannel                0x08002fe3   Thumb Code   198  stm32f1xx_hal_tim.o(i.HAL_TIM_PWM_ConfigChannel)
    HAL_TIM_PWM_Init                         0x080030a9   Thumb Code    90  stm32f1xx_hal_tim.o(i.HAL_TIM_PWM_Init)
    HAL_TIM_PWM_MspInit                      0x08003103   Thumb Code     2  stm32f1xx_hal_tim.o(i.HAL_TIM_PWM_MspInit)
    HAL_TIM_PWM_PulseFinishedCallback        0x08003105   Thumb Code     2  stm32f1xx_hal_tim.o(i.HAL_TIM_PWM_PulseFinishedCallback)
    HAL_TIM_PWM_Start                        0x08003109   Thumb Code   144  stm32f1xx_hal_tim.o(i.HAL_TIM_PWM_Start)
    HAL_TIM_PeriodElapsedCallback            0x080031a5   Thumb Code     2  stm32f1xx_hal_tim.o(i.HAL_TIM_PeriodElapsedCallback)
    HAL_TIM_TriggerCallback                  0x080031a7   Thumb Code     2  stm32f1xx_hal_tim.o(i.HAL_TIM_TriggerCallback)
    HAL_UARTEx_RxEventCallback               0x080031a9   Thumb Code     2  stm32f1xx_hal_uart.o(i.HAL_UARTEx_RxEventCallback)
    HAL_UART_ErrorCallback                   0x080031ab   Thumb Code     2  stm32f1xx_hal_uart.o(i.HAL_UART_ErrorCallback)
    HAL_UART_IRQHandler                      0x080031ad   Thumb Code   520  stm32f1xx_hal_uart.o(i.HAL_UART_IRQHandler)
    HAL_UART_Init                            0x080033b9   Thumb Code    98  stm32f1xx_hal_uart.o(i.HAL_UART_Init)
    HAL_UART_MspInit                         0x0800341d   Thumb Code   284  usart.o(i.HAL_UART_MspInit)
    HAL_UART_Receive_IT                      0x08003551   Thumb Code    42  stm32f1xx_hal_uart.o(i.HAL_UART_Receive_IT)
    HAL_UART_RxCpltCallback                  0x0800357d   Thumb Code   134  main.o(i.HAL_UART_RxCpltCallback)
    HAL_UART_TxCpltCallback                  0x08003625   Thumb Code     2  stm32f1xx_hal_uart.o(i.HAL_UART_TxCpltCallback)
    HardFault_Handler                        0x08003627   Thumb Code     2  stm32f1xx_it.o(i.HardFault_Handler)
    I2C1_EV_IRQHandler                       0x08003629   Thumb Code     6  stm32f1xx_it.o(i.I2C1_EV_IRQHandler)
    MPU_Init                                 0x08004335   Thumb Code   114  mpu6050.o(i.MPU_Init)
    MPU_Read_Byte                            0x080043a9   Thumb Code    38  mpu6050.o(i.MPU_Read_Byte)
    MPU_Read_Len                             0x080043d5   Thumb Code    32  mpu6050.o(i.MPU_Read_Len)
    MPU_Set_Accel_Fsr                        0x080043f9   Thumb Code    10  mpu6050.o(i.MPU_Set_Accel_Fsr)
    MPU_Set_Gyro_Fsr                         0x08004403   Thumb Code    10  mpu6050.o(i.MPU_Set_Gyro_Fsr)
    MPU_Set_LPF                              0x0800440d   Thumb Code    48  mpu6050.o(i.MPU_Set_LPF)
    MPU_Set_Rate                             0x0800443d   Thumb Code    46  mpu6050.o(i.MPU_Set_Rate)
    MPU_Write_Byte                           0x0800446d   Thumb Code    36  mpu6050.o(i.MPU_Write_Byte)
    MPU_Write_Len                            0x08004495   Thumb Code    32  mpu6050.o(i.MPU_Write_Len)
    MX_GPIO_Init                             0x080044b9   Thumb Code   184  gpio.o(i.MX_GPIO_Init)
    MX_I2C1_Init                             0x08004581   Thumb Code    50  i2c.o(i.MX_I2C1_Init)
    MX_TIM2_Init                             0x080045c1   Thumb Code   160  tim.o(i.MX_TIM2_Init)
    MX_TIM3_Init                             0x08004665   Thumb Code   164  tim.o(i.MX_TIM3_Init)
    MX_USART1_UART_Init                      0x08004711   Thumb Code    48  usart.o(i.MX_USART1_UART_Init)
    MX_USART2_UART_Init                      0x08004749   Thumb Code    48  usart.o(i.MX_USART2_UART_Init)
    MX_USART3_UART_Init                      0x08004781   Thumb Code    48  usart.o(i.MX_USART3_UART_Init)
    MemManage_Handler                        0x080047b9   Thumb Code     2  stm32f1xx_it.o(i.MemManage_Handler)
    Mpu6050_Init                             0x080047bd   Thumb Code    98  main.o(i.Mpu6050_Init)
    NMI_Handler                              0x08004861   Thumb Code     2  stm32f1xx_it.o(i.NMI_Handler)
    PendSV_Handler                           0x08004863   Thumb Code     2  stm32f1xx_it.o(i.PendSV_Handler)
    Problem1                                 0x08004865   Thumb Code   168  main.o(i.Problem1)
    RCC_IRQHandler                           0x08004911   Thumb Code     2  stm32f1xx_it.o(i.RCC_IRQHandler)
    SVC_Handler                              0x08004913   Thumb Code     2  stm32f1xx_it.o(i.SVC_Handler)
    SysTick_Handler                          0x08004915   Thumb Code     4  stm32f1xx_it.o(i.SysTick_Handler)
    SystemClock_Config                       0x08004919   Thumb Code    92  main.o(i.SystemClock_Config)
    SystemInit                               0x08004975   Thumb Code     2  system_stm32f1xx.o(i.SystemInit)
    TIM2_IRQHandler                          0x08004979   Thumb Code     6  stm32f1xx_it.o(i.TIM2_IRQHandler)
    TIM3_IRQHandler                          0x08004985   Thumb Code     6  stm32f1xx_it.o(i.TIM3_IRQHandler)
    TIM_Base_SetConfig                       0x08004991   Thumb Code    94  stm32f1xx_hal_tim.o(i.TIM_Base_SetConfig)
    TIM_CCxChannelCmd                        0x080049fd   Thumb Code    26  stm32f1xx_hal_tim.o(i.TIM_CCxChannelCmd)
    TIM_ETR_SetConfig                        0x08004a17   Thumb Code    20  stm32f1xx_hal_tim.o(i.TIM_ETR_SetConfig)
    TIM_OC2_SetConfig                        0x08004a8d   Thumb Code    84  stm32f1xx_hal_tim.o(i.TIM_OC2_SetConfig)
    UART_Start_Receive_IT                    0x08004d75   Thumb Code    54  stm32f1xx_hal_uart.o(i.UART_Start_Receive_IT)
    USART1_IRQHandler                        0x08004dad   Thumb Code     6  stm32f1xx_it.o(i.USART1_IRQHandler)
    USART2_IRQHandler                        0x08004db9   Thumb Code     6  stm32f1xx_it.o(i.USART2_IRQHandler)
    USART3_IRQHandler                        0x08004dc5   Thumb Code     6  stm32f1xx_it.o(i.USART3_IRQHandler)
    UsageFault_Handler                       0x08004dd1   Thumb Code     2  stm32f1xx_it.o(i.UsageFault_Handler)
    __ARM_fpclassify                         0x08004dd3   Thumb Code    40  fpclassify.o(i.__ARM_fpclassify)
    __kernel_poly                            0x08004e1b   Thumb Code   170  poly.o(i.__kernel_poly)
    __mathlib_dbl_infnan                     0x08004ec5   Thumb Code     6  dunder.o(i.__mathlib_dbl_infnan)
    __mathlib_dbl_infnan2                    0x08004ecb   Thumb Code     4  dunder.o(i.__mathlib_dbl_infnan2)
    __mathlib_dbl_invalid                    0x08004ecf   Thumb Code    12  dunder.o(i.__mathlib_dbl_invalid)
    __mathlib_dbl_underflow                  0x08004edd   Thumb Code    10  dunder.o(i.__mathlib_dbl_underflow)
    _is_digit                                0x08004eed   Thumb Code    14  __printf_wp.o(i._is_digit)
    _sys_exit                                0x08004efb   Thumb Code     2  usart.o(i._sys_exit)
    asin                                     0x08004f7d   Thumb Code   572  asin.o(i.asin)
    atan                                     0x080051ed   Thumb Code   474  atan.o(i.atan)
    atan2                                    0x0800540d   Thumb Code   346  atan2.o(i.atan2)
    car_left                                 0x0800558d   Thumb Code    10  car.o(i.car_left)
    car_right                                0x08005597   Thumb Code    10  car.o(i.car_right)
    car_stop                                 0x080055a1   Thumb Code    24  car.o(i.car_stop)
    car_stright                              0x080055bd   Thumb Code    10  car.o(i.car_stright)
    dmp_enable_6x_lp_quat                    0x080055c7   Thumb Code    58  inv_mpu_dmp_motion_driver.o(i.dmp_enable_6x_lp_quat)
    dmp_enable_feature                       0x08005601   Thumb Code   464  inv_mpu_dmp_motion_driver.o(i.dmp_enable_feature)
    dmp_enable_gyro_cal                      0x080057d9   Thumb Code    34  inv_mpu_dmp_motion_driver.o(i.dmp_enable_gyro_cal)
    dmp_enable_lp_quat                       0x08005815   Thumb Code    58  inv_mpu_dmp_motion_driver.o(i.dmp_enable_lp_quat)
    dmp_load_motion_driver_firmware          0x08005851   Thumb Code    16  inv_mpu_dmp_motion_driver.o(i.dmp_load_motion_driver_firmware)
    dmp_read_fifo                            0x08005865   Thumb Code   320  inv_mpu_dmp_motion_driver.o(i.dmp_read_fifo)
    dmp_set_accel_bias                       0x080059a9   Thumb Code   210  inv_mpu_dmp_motion_driver.o(i.dmp_set_accel_bias)
    dmp_set_fifo_rate                        0x08005a81   Thumb Code    82  inv_mpu_dmp_motion_driver.o(i.dmp_set_fifo_rate)
    dmp_set_gyro_bias                        0x08005ae5   Thumb Code   196  inv_mpu_dmp_motion_driver.o(i.dmp_set_gyro_bias)
    dmp_set_orientation                      0x08005bb1   Thumb Code   246  inv_mpu_dmp_motion_driver.o(i.dmp_set_orientation)
    dmp_set_shake_reject_thresh              0x08005cbd   Thumb Code    48  inv_mpu_dmp_motion_driver.o(i.dmp_set_shake_reject_thresh)
    dmp_set_shake_reject_time                0x08005ced   Thumb Code    32  inv_mpu_dmp_motion_driver.o(i.dmp_set_shake_reject_time)
    dmp_set_shake_reject_timeout             0x08005d0d   Thumb Code    32  inv_mpu_dmp_motion_driver.o(i.dmp_set_shake_reject_timeout)
    dmp_set_tap_axes                         0x08005d2d   Thumb Code    64  inv_mpu_dmp_motion_driver.o(i.dmp_set_tap_axes)
    dmp_set_tap_count                        0x08005d6d   Thumb Code    34  inv_mpu_dmp_motion_driver.o(i.dmp_set_tap_count)
    dmp_set_tap_thresh                       0x08005d91   Thumb Code   274  inv_mpu_dmp_motion_driver.o(i.dmp_set_tap_thresh)
    dmp_set_tap_time                         0x08005eb9   Thumb Code    32  inv_mpu_dmp_motion_driver.o(i.dmp_set_tap_time)
    dmp_set_tap_time_multi                   0x08005ed9   Thumb Code    32  inv_mpu_dmp_motion_driver.o(i.dmp_set_tap_time_multi)
    fputc                                    0x08005ef9   Thumb Code    18  usart.o(i.fputc)
    get_yaw                                  0x080062d1   Thumb Code    24  mpu6050.o(i.get_yaw)
    inv_orientation_matrix_to_scalar         0x080063c1   Thumb Code    34  inv_mpu.o(i.inv_orientation_matrix_to_scalar)
    inv_row_2_scale                          0x080063e3   Thumb Code    72  inv_mpu.o(i.inv_row_2_scale)
    main                                     0x0800642d   Thumb Code   186  main.o(i.main)
    mget_ms                                  0x08006501   Thumb Code     2  inv_mpu.o(i.mget_ms)
    motor_backward                           0x08006505   Thumb Code    28  car.o(i.motor_backward)
    motor_forward                            0x08006525   Thumb Code    28  car.o(i.motor_forward)
    motor_turn_left                          0x08006545   Thumb Code    28  car.o(i.motor_turn_left)
    motor_turn_right                         0x08006565   Thumb Code    28  car.o(i.motor_turn_right)
    mpu_configure_fifo                       0x08006585   Thumb Code    78  inv_mpu.o(i.mpu_configure_fifo)
    mpu_dmp_get_data                         0x080065d9   Thumb Code   408  inv_mpu.o(i.mpu_dmp_get_data)
    mpu_dmp_init                             0x08006775   Thumb Code   168  inv_mpu.o(i.mpu_dmp_init)
    mpu_get_accel_fsr                        0x08006825   Thumb Code    54  inv_mpu.o(i.mpu_get_accel_fsr)
    mpu_get_accel_sens                       0x08006861   Thumb Code    62  inv_mpu.o(i.mpu_get_accel_sens)
    mpu_get_gyro_fsr                         0x080068a5   Thumb Code    48  inv_mpu.o(i.mpu_get_gyro_fsr)
    mpu_get_gyro_sens                        0x080068d9   Thumb Code    44  inv_mpu.o(i.mpu_get_gyro_sens)
    mpu_get_lpf                              0x08006919   Thumb Code    52  inv_mpu.o(i.mpu_get_lpf)
    mpu_get_sample_rate                      0x08006951   Thumb Code    22  inv_mpu.o(i.mpu_get_sample_rate)
    mpu_init                                 0x0800696d   Thumb Code   310  inv_mpu.o(i.mpu_init)
    mpu_load_firmware                        0x08006af5   Thumb Code   154  inv_mpu.o(i.mpu_load_firmware)
    mpu_lp_accel_mode                        0x08006b95   Thumb Code   178  inv_mpu.o(i.mpu_lp_accel_mode)
    mpu_read_fifo_stream                     0x08006c4d   Thumb Code   140  inv_mpu.o(i.mpu_read_fifo_stream)
    mpu_read_mem                             0x08006cdd   Thumb Code    80  inv_mpu.o(i.mpu_read_mem)
    mpu_reset_fifo                           0x08006d31   Thumb Code   346  inv_mpu.o(i.mpu_reset_fifo)
    mpu_run_self_test                        0x08006e91   Thumb Code   234  inv_mpu.o(i.mpu_run_self_test)
    mpu_set_accel_fsr                        0x08006f81   Thumb Code    98  inv_mpu.o(i.mpu_set_accel_fsr)
    mpu_set_bypass                           0x08006fe9   Thumb Code   214  inv_mpu.o(i.mpu_set_bypass)
    mpu_set_dmp_state                        0x080070c5   Thumb Code   114  inv_mpu.o(i.mpu_set_dmp_state)
    mpu_set_gyro_fsr                         0x0800713d   Thumb Code   104  inv_mpu.o(i.mpu_set_gyro_fsr)
    mpu_set_int_latched                      0x080071a9   Thumb Code    94  inv_mpu.o(i.mpu_set_int_latched)
    mpu_set_lpf                              0x0800720d   Thumb Code   102  inv_mpu.o(i.mpu_set_lpf)
    mpu_set_sample_rate                      0x08007279   Thumb Code   124  inv_mpu.o(i.mpu_set_sample_rate)
    mpu_set_sensors                          0x080072f9   Thumb Code   178  inv_mpu.o(i.mpu_set_sensors)
    mpu_write_mem                            0x080073b1   Thumb Code    80  inv_mpu.o(i.mpu_write_mem)
    run_self_test                            0x08007405   Thumb Code   128  inv_mpu.o(i.run_self_test)
    sqrt                                     0x080074dd   Thumb Code    76  sqrt.o(i.sqrt)
    _get_lc_numeric                          0x08007529   Thumb Code    44  lc_numeric_c.o(locale$$code)
    __aeabi_d2f                              0x08007555   Thumb Code     0  d2f.o(x$fpl$d2f)
    _d2f                                     0x08007555   Thumb Code    98  d2f.o(x$fpl$d2f)
    __aeabi_dadd                             0x080075b9   Thumb Code     0  daddsub_clz.o(x$fpl$dadd)
    _dadd                                    0x080075b9   Thumb Code   332  daddsub_clz.o(x$fpl$dadd)
    __fpl_dcheck_NaN1                        0x08007709   Thumb Code    10  dcheck1.o(x$fpl$dcheck1)
    __aeabi_ddiv                             0x08007719   Thumb Code     0  ddiv.o(x$fpl$ddiv)
    _ddiv                                    0x08007719   Thumb Code   552  ddiv.o(x$fpl$ddiv)
    __aeabi_dmul                             0x080079c9   Thumb Code     0  dmul.o(x$fpl$dmul)
    _dmul                                    0x080079c9   Thumb Code   332  dmul.o(x$fpl$dmul)
    __fpl_dnaninf                            0x08007b1d   Thumb Code   156  dnaninf.o(x$fpl$dnaninf)
    __fpl_dretinf                            0x08007bb9   Thumb Code    12  dretinf.o(x$fpl$dretinf)
    __aeabi_drsub                            0x08007bc5   Thumb Code     0  daddsub_clz.o(x$fpl$drsb)
    _drsb                                    0x08007bc5   Thumb Code    22  daddsub_clz.o(x$fpl$drsb)
    _dsqrt                                   0x08007bdd   Thumb Code   456  dsqrt_noumaal.o(x$fpl$dsqrt)
    __aeabi_dsub                             0x08007da9   Thumb Code     0  daddsub_clz.o(x$fpl$dsub)
    _dsub                                    0x08007da9   Thumb Code   464  daddsub_clz.o(x$fpl$dsub)
    __aeabi_f2d                              0x08007f7d   Thumb Code     0  f2d.o(x$fpl$f2d)
    _f2d                                     0x08007f7d   Thumb Code    86  f2d.o(x$fpl$f2d)
    __aeabi_fadd                             0x08007fd5   Thumb Code     0  faddsub_clz.o(x$fpl$fadd)
    _fadd                                    0x08007fd5   Thumb Code   196  faddsub_clz.o(x$fpl$fadd)
    __fpl_fcheck_NaN1                        0x08008099   Thumb Code     6  fcheck1.o(x$fpl$fcheck1)
    __aeabi_fdiv                             0x080080a5   Thumb Code     0  fdiv.o(x$fpl$fdiv)
    _fdiv                                    0x080080a5   Thumb Code   384  fdiv.o(x$fpl$fdiv)
    __aeabi_f2iz                             0x08008229   Thumb Code     0  ffix.o(x$fpl$ffix)
    _ffix                                    0x08008229   Thumb Code    54  ffix.o(x$fpl$ffix)
    __aeabi_f2uiz                            0x08008261   Thumb Code     0  ffixu.o(x$fpl$ffixu)
    _ffixu                                   0x08008261   Thumb Code    62  ffixu.o(x$fpl$ffixu)
    __aeabi_i2f                              0x080082a1   Thumb Code     0  fflt_clz.o(x$fpl$fflt)
    _fflt                                    0x080082a1   Thumb Code    48  fflt_clz.o(x$fpl$fflt)
    __aeabi_ui2f                             0x080082d1   Thumb Code     0  fflt_clz.o(x$fpl$ffltu)
    _ffltu                                   0x080082d1   Thumb Code    38  fflt_clz.o(x$fpl$ffltu)
    __aeabi_fmul                             0x080082f9   Thumb Code     0  fmul.o(x$fpl$fmul)
    _fmul                                    0x080082f9   Thumb Code   258  fmul.o(x$fpl$fmul)
    __fpl_fnaninf                            0x080083fb   Thumb Code   140  fnaninf.o(x$fpl$fnaninf)
    __fpl_fretinf                            0x08008487   Thumb Code    10  fretinf.o(x$fpl$fretinf)
    __aeabi_fsub                             0x08008491   Thumb Code     0  faddsub_clz.o(x$fpl$fsub)
    _fsub                                    0x08008491   Thumb Code   234  faddsub_clz.o(x$fpl$fsub)
    _printf_fp_dec                           0x0800857b   Thumb Code     4  printf1.o(x$fpl$printf1)
    __fpl_return_NaN                         0x0800857f   Thumb Code   100  retnan.o(x$fpl$retnan)
    __ARM_scalbn                             0x080085e3   Thumb Code    92  scalbn.o(x$fpl$scalbn)
    __ARM_scalbnf                            0x0800863f   Thumb Code    76  scalbnf.o(x$fpl$scalbnf)
    __fpl_cmpreturn                          0x0800868b   Thumb Code    48  trapv.o(x$fpl$trapveneer)
    AHBPrescTable                            0x080086ba   Data          16  system_stm32f1xx.o(.constdata)
    __I$use$fp                               0x080086ba   Number         0  usenofp.o(x$fpl$usenofp)
    APBPrescTable                            0x080086ca   Data           8  system_stm32f1xx.o(.constdata)
    reg                                      0x080086d2   Data          27  inv_mpu.o(.constdata)
    hw                                       0x080086ee   Data          12  inv_mpu.o(.constdata)
    test                                     0x080086fc   Data          40  inv_mpu.o(.constdata)
    __mathlib_zero                           0x08009418   Data           8  qnan.o(.constdata)
    Region$$Table$$Base                      0x08009504   Number         0  anon$$obj.o(Region$$Table)
    Region$$Table$$Limit                     0x08009524   Number         0  anon$$obj.o(Region$$Table)
    uart1_flag                               0x20000000   Data           1  main.o(.data)
    uart2_flag                               0x20000001   Data           1  main.o(.data)
    uart3_flag                               0x20000002   Data           1  main.o(.data)
    uart1_buffer                             0x20000003   Data           1  main.o(.data)
    uart2_buffer                             0x20000004   Data           1  main.o(.data)
    uart3_buffer                             0x20000005   Data           1  main.o(.data)
    car_straight_flag                        0x20000008   Data           4  main.o(.data)
    car_right_flag                           0x2000000c   Data           4  main.o(.data)
    car_left_flag                            0x20000010   Data           4  main.o(.data)
    __stdout                                 0x20000014   Data           4  usart.o(.data)
    uwTickFreq                               0x20000018   Data           1  stm32f1xx_hal.o(.data)
    uwTickPrio                               0x2000001c   Data           4  stm32f1xx_hal.o(.data)
    uwTick                                   0x20000020   Data           4  stm32f1xx_hal.o(.data)
    SystemCoreClock                          0x20000024   Data           4  system_stm32f1xx.o(.data)
    pitch                                    0x20000028   Data           4  mpu6050.o(.data)
    roll                                     0x2000002c   Data           4  mpu6050.o(.data)
    yaw                                      0x20000030   Data           4  mpu6050.o(.data)
    left_previous_error                      0x2000006c   Data           4  pid.o(.data)
    straight_previous_error                  0x20000070   Data           4  pid.o(.data)
    hi2c1                                    0x20000074   Data          84  i2c.o(.bss)
    htim2                                    0x200000c8   Data          72  tim.o(.bss)
    htim3                                    0x20000110   Data          72  tim.o(.bss)
    huart1                                   0x20000158   Data          68  usart.o(.bss)
    huart2                                   0x2000019c   Data          68  usart.o(.bss)
    huart3                                   0x200001e0   Data          68  usart.o(.bss)
    __libspace_start                         0x20000234   Data          96  libspace.o(.bss)
    __temporary_stack_top$libspace           0x20000294   Data           0  libspace.o(.bss)



==============================================================================

Memory Map of the image

  Image Entry point : 0x080000ed

  Load Region LR_IROM1 (Base: 0x08000000, Size: 0x000095b4, Max: 0x00010000, ABSOLUTE)

    Execution Region ER_IROM1 (Exec base: 0x08000000, Load base: 0x08000000, Size: 0x00009540, Max: 0x00010000, ABSOLUTE)

    Exec Addr    Load Addr    Size         Type   Attr      Idx    E Section Name        Object

    0x08000000   0x08000000   0x000000ec   Data   RO            3    RESET               startup_stm32f103xb.o
    0x080000ec   0x080000ec   0x00000008   Code   RO         4393  * !!!main             c_w.l(__main.o)
    0x080000f4   0x080000f4   0x00000034   Code   RO         4758    !!!scatter          c_w.l(__scatter.o)
    0x08000128   0x08000128   0x0000001a   Code   RO         4760    !!handler_copy      c_w.l(__scatter_copy.o)
    0x08000142   0x08000142   0x00000002   PAD
    0x08000144   0x08000144   0x0000001c   Code   RO         4762    !!handler_zi        c_w.l(__scatter_zi.o)
    0x08000160   0x08000160   0x00000000   Code   RO         4384    .ARM.Collect$$_printf_percent$$00000000  c_w.l(_printf_percent.o)
    0x08000160   0x08000160   0x00000006   Code   RO         4383    .ARM.Collect$$_printf_percent$$00000003  c_w.l(_printf_f.o)
    0x08000166   0x08000166   0x00000006   Code   RO         4382    .ARM.Collect$$_printf_percent$$00000009  c_w.l(_printf_d.o)
    0x0800016c   0x0800016c   0x00000006   Code   RO         4380    .ARM.Collect$$_printf_percent$$00000014  c_w.l(_printf_s.o)
    0x08000172   0x08000172   0x00000004   Code   RO         4480    .ARM.Collect$$_printf_percent$$00000017  c_w.l(_printf_percent_end.o)
    0x08000176   0x08000176   0x00000002   Code   RO         4628    .ARM.Collect$$libinit$$00000000  c_w.l(libinit.o)
    0x08000178   0x08000178   0x00000000   Code   RO         4630    .ARM.Collect$$libinit$$00000002  c_w.l(libinit2.o)
    0x08000178   0x08000178   0x00000000   Code   RO         4632    .ARM.Collect$$libinit$$00000004  c_w.l(libinit2.o)
    0x08000178   0x08000178   0x00000000   Code   RO         4635    .ARM.Collect$$libinit$$0000000A  c_w.l(libinit2.o)
    0x08000178   0x08000178   0x00000000   Code   RO         4637    .ARM.Collect$$libinit$$0000000C  c_w.l(libinit2.o)
    0x08000178   0x08000178   0x00000000   Code   RO         4639    .ARM.Collect$$libinit$$0000000E  c_w.l(libinit2.o)
    0x08000178   0x08000178   0x00000006   Code   RO         4640    .ARM.Collect$$libinit$$0000000F  c_w.l(libinit2.o)
    0x0800017e   0x0800017e   0x00000000   Code   RO         4642    .ARM.Collect$$libinit$$00000011  c_w.l(libinit2.o)
    0x0800017e   0x0800017e   0x00000000   Code   RO         4644    .ARM.Collect$$libinit$$00000013  c_w.l(libinit2.o)
    0x0800017e   0x0800017e   0x00000000   Code   RO         4646    .ARM.Collect$$libinit$$00000015  c_w.l(libinit2.o)
    0x0800017e   0x0800017e   0x0000000a   Code   RO         4647    .ARM.Collect$$libinit$$00000016  c_w.l(libinit2.o)
    0x08000188   0x08000188   0x00000000   Code   RO         4648    .ARM.Collect$$libinit$$00000017  c_w.l(libinit2.o)
    0x08000188   0x08000188   0x00000000   Code   RO         4650    .ARM.Collect$$libinit$$00000019  c_w.l(libinit2.o)
    0x08000188   0x08000188   0x00000000   Code   RO         4652    .ARM.Collect$$libinit$$0000001B  c_w.l(libinit2.o)
    0x08000188   0x08000188   0x00000000   Code   RO         4654    .ARM.Collect$$libinit$$0000001D  c_w.l(libinit2.o)
    0x08000188   0x08000188   0x00000000   Code   RO         4656    .ARM.Collect$$libinit$$0000001F  c_w.l(libinit2.o)
    0x08000188   0x08000188   0x00000000   Code   RO         4658    .ARM.Collect$$libinit$$00000021  c_w.l(libinit2.o)
    0x08000188   0x08000188   0x00000000   Code   RO         4660    .ARM.Collect$$libinit$$00000023  c_w.l(libinit2.o)
    0x08000188   0x08000188   0x00000000   Code   RO         4662    .ARM.Collect$$libinit$$00000025  c_w.l(libinit2.o)
    0x08000188   0x08000188   0x00000000   Code   RO         4666    .ARM.Collect$$libinit$$0000002C  c_w.l(libinit2.o)
    0x08000188   0x08000188   0x00000000   Code   RO         4668    .ARM.Collect$$libinit$$0000002E  c_w.l(libinit2.o)
    0x08000188   0x08000188   0x00000000   Code   RO         4670    .ARM.Collect$$libinit$$00000030  c_w.l(libinit2.o)
    0x08000188   0x08000188   0x00000000   Code   RO         4672    .ARM.Collect$$libinit$$00000032  c_w.l(libinit2.o)
    0x08000188   0x08000188   0x00000002   Code   RO         4673    .ARM.Collect$$libinit$$00000033  c_w.l(libinit2.o)
    0x0800018a   0x0800018a   0x00000002   Code   RO         4719    .ARM.Collect$$libshutdown$$00000000  c_w.l(libshutdown.o)
    0x0800018c   0x0800018c   0x00000000   Code   RO         4729    .ARM.Collect$$libshutdown$$00000003  c_w.l(libshutdown2.o)
    0x0800018c   0x0800018c   0x00000000   Code   RO         4732    .ARM.Collect$$libshutdown$$00000006  c_w.l(libshutdown2.o)
    0x0800018c   0x0800018c   0x00000000   Code   RO         4735    .ARM.Collect$$libshutdown$$00000009  c_w.l(libshutdown2.o)
    0x0800018c   0x0800018c   0x00000000   Code   RO         4737    .ARM.Collect$$libshutdown$$0000000B  c_w.l(libshutdown2.o)
    0x0800018c   0x0800018c   0x00000000   Code   RO         4740    .ARM.Collect$$libshutdown$$0000000E  c_w.l(libshutdown2.o)
    0x0800018c   0x0800018c   0x00000002   Code   RO         4741    .ARM.Collect$$libshutdown$$0000000F  c_w.l(libshutdown2.o)
    0x0800018e   0x0800018e   0x00000000   Code   RO         4467    .ARM.Collect$$rtentry$$00000000  c_w.l(__rtentry.o)
    0x0800018e   0x0800018e   0x00000000   Code   RO         4534    .ARM.Collect$$rtentry$$00000002  c_w.l(__rtentry2.o)
    0x0800018e   0x0800018e   0x00000006   Code   RO         4546    .ARM.Collect$$rtentry$$00000004  c_w.l(__rtentry4.o)
    0x08000194   0x08000194   0x00000000   Code   RO         4536    .ARM.Collect$$rtentry$$00000009  c_w.l(__rtentry2.o)
    0x08000194   0x08000194   0x00000004   Code   RO         4537    .ARM.Collect$$rtentry$$0000000A  c_w.l(__rtentry2.o)
    0x08000198   0x08000198   0x00000000   Code   RO         4539    .ARM.Collect$$rtentry$$0000000C  c_w.l(__rtentry2.o)
    0x08000198   0x08000198   0x00000008   Code   RO         4540    .ARM.Collect$$rtentry$$0000000D  c_w.l(__rtentry2.o)
    0x080001a0   0x080001a0   0x00000002   Code   RO         4678    .ARM.Collect$$rtexit$$00000000  c_w.l(rtexit.o)
    0x080001a2   0x080001a2   0x00000000   Code   RO         4689    .ARM.Collect$$rtexit$$00000002  c_w.l(rtexit2.o)
    0x080001a2   0x080001a2   0x00000004   Code   RO         4690    .ARM.Collect$$rtexit$$00000003  c_w.l(rtexit2.o)
    0x080001a6   0x080001a6   0x00000006   Code   RO         4691    .ARM.Collect$$rtexit$$00000004  c_w.l(rtexit2.o)
    0x080001ac   0x080001ac   0x00000040   Code   RO            4    .text               startup_stm32f103xb.o
    0x080001ec   0x080001ec   0x00000002   Code   RO         4321    .text               c_w.l(use_no_semi_2.o)
    0x080001ee   0x080001ee   0x00000048   Code   RO         4325    .text               c_w.l(llsdiv.o)
    0x08000236   0x08000236   0x00000002   PAD
    0x08000238   0x08000238   0x00000018   Code   RO         4329    .text               c_w.l(noretval__2printf.o)
    0x08000250   0x08000250   0x00000052   Code   RO         4335    .text               c_w.l(_printf_str.o)
    0x080002a2   0x080002a2   0x00000002   PAD
    0x080002a4   0x080002a4   0x00000078   Code   RO         4337    .text               c_w.l(_printf_dec.o)
    0x0800031c   0x0800031c   0x00000138   Code   RO         4372    .text               c_w.l(__printf_flags_wp.o)
    0x08000454   0x08000454   0x00000058   Code   RO         4385    .text               c_w.l(memcmp.o)
    0x080004ac   0x080004ac   0x00000010   Code   RO         4387    .text               c_w.l(aeabi_memset.o)
    0x080004bc   0x080004bc   0x0000004e   Code   RO         4389    .text               c_w.l(rt_memclr_w.o)
    0x0800050a   0x0800050a   0x00000006   Code   RO         4391    .text               c_w.l(heapauxi.o)
    0x08000510   0x08000510   0x00000002   Code   RO         4465    .text               c_w.l(use_no_semi.o)
    0x08000512   0x08000512   0x000000ee   Code   RO         4468    .text               c_w.l(lludivv7m.o)
    0x08000600   0x08000600   0x00000016   Code   RO         4470    .text               c_w.l(_rserrno.o)
    0x08000616   0x08000616   0x000000b2   Code   RO         4472    .text               c_w.l(_printf_intcommon.o)
    0x080006c8   0x080006c8   0x0000041a   Code   RO         4474    .text               c_w.l(_printf_fp_dec.o)
    0x08000ae2   0x08000ae2   0x0000002c   Code   RO         4476    .text               c_w.l(_printf_char.o)
    0x08000b0e   0x08000b0e   0x00000002   PAD
    0x08000b10   0x08000b10   0x00000024   Code   RO         4478    .text               c_w.l(_printf_char_file.o)
    0x08000b34   0x08000b34   0x00000044   Code   RO         4481    .text               c_w.l(rt_memclr.o)
    0x08000b78   0x08000b78   0x00000008   Code   RO         4555    .text               c_w.l(rt_locale_intlibspace.o)
    0x08000b80   0x08000b80   0x00000008   Code   RO         4560    .text               c_w.l(rt_errno_addr_intlibspace.o)
    0x08000b88   0x08000b88   0x0000008a   Code   RO         4562    .text               c_w.l(lludiv10.o)
    0x08000c12   0x08000c12   0x00000002   PAD
    0x08000c14   0x08000c14   0x00000030   Code   RO         4564    .text               c_w.l(_printf_char_common.o)
    0x08000c44   0x08000c44   0x00000080   Code   RO         4566    .text               c_w.l(_printf_fp_infnan.o)
    0x08000cc4   0x08000cc4   0x000000dc   Code   RO         4568    .text               c_w.l(bigflt0.o)
    0x08000da0   0x08000da0   0x00000008   Code   RO         4593    .text               c_w.l(ferror.o)
    0x08000da8   0x08000da8   0x00000008   Code   RO         4610    .text               c_w.l(libspace.o)
    0x08000db0   0x08000db0   0x0000004a   Code   RO         4613    .text               c_w.l(sys_stackheap_outer.o)
    0x08000dfa   0x08000dfa   0x0000000c   Code   RO         4619    .text               c_w.l(exit.o)
    0x08000e06   0x08000e06   0x00000002   PAD
    0x08000e08   0x08000e08   0x00000080   Code   RO         4621    .text               c_w.l(strcmpv7m.o)
    0x08000e88   0x08000e88   0x0000003e   Code   RO         4571    CL$$btod_d2e        c_w.l(btod.o)
    0x08000ec6   0x08000ec6   0x00000046   Code   RO         4573    CL$$btod_d2e_denorm_low  c_w.l(btod.o)
    0x08000f0c   0x08000f0c   0x00000060   Code   RO         4572    CL$$btod_d2e_norm_op1  c_w.l(btod.o)
    0x08000f6c   0x08000f6c   0x00000338   Code   RO         4581    CL$$btod_div_common  c_w.l(btod.o)
    0x080012a4   0x080012a4   0x000000c6   Code   RO         4578    CL$$btod_e2e        c_w.l(btod.o)
    0x0800136a   0x0800136a   0x00000028   Code   RO         4575    CL$$btod_ediv       c_w.l(btod.o)
    0x08001392   0x08001392   0x00000028   Code   RO         4574    CL$$btod_emul       c_w.l(btod.o)
    0x080013ba   0x080013ba   0x00000244   Code   RO         4580    CL$$btod_mult_common  c_w.l(btod.o)
    0x080015fe   0x080015fe   0x00000002   Code   RO          509    i.BusFault_Handler  stm32f1xx_it.o
    0x08001600   0x08001600   0x00000134   Code   RO         4192    i.CarBack           pid.o
    0x08001734   0x08001734   0x0000010c   Code   RO         4194    i.CarLeft90         pid.o
    0x08001840   0x08001840   0x00000110   Code   RO         4195    i.CarRight90        pid.o
    0x08001950   0x08001950   0x00000140   Code   RO         4196    i.CarStraight       pid.o
    0x08001a90   0x08001a90   0x00000002   Code   RO          510    i.DebugMon_Handler  stm32f1xx_it.o
    0x08001a92   0x08001a92   0x00000004   Code   RO           15    i.Error_Handler     main.o
    0x08001a96   0x08001a96   0x00000046   Code   RO         1498    i.HAL_DMA_Abort     stm32f1xx_hal_dma.o
    0x08001adc   0x08001adc   0x00000098   Code   RO         1499    i.HAL_DMA_Abort_IT  stm32f1xx_hal_dma.o
    0x08001b74   0x08001b74   0x00000006   Code   RO         1502    i.HAL_DMA_GetState  stm32f1xx_hal_dma.o
    0x08001b7a   0x08001b7a   0x00000002   PAD
    0x08001b7c   0x08001b7c   0x00000024   Code   RO         1126    i.HAL_Delay         stm32f1xx_hal.o
    0x08001ba0   0x08001ba0   0x000001e0   Code   RO         1434    i.HAL_GPIO_Init     stm32f1xx_hal_gpio.o
    0x08001d80   0x08001d80   0x0000000a   Code   RO         1438    i.HAL_GPIO_WritePin  stm32f1xx_hal_gpio.o
    0x08001d8a   0x08001d8a   0x00000002   PAD
    0x08001d8c   0x08001d8c   0x0000000c   Code   RO         1130    i.HAL_GetTick       stm32f1xx_hal.o
    0x08001d98   0x08001d98   0x00000002   Code   RO          687    i.HAL_I2C_AbortCpltCallback  stm32f1xx_hal_i2c.o
    0x08001d9a   0x08001d9a   0x00000002   Code   RO          688    i.HAL_I2C_AddrCallback  stm32f1xx_hal_i2c.o
    0x08001d9c   0x08001d9c   0x00000230   Code   RO          692    i.HAL_I2C_EV_IRQHandler  stm32f1xx_hal_i2c.o
    0x08001fcc   0x08001fcc   0x00000002   Code   RO          694    i.HAL_I2C_ErrorCallback  stm32f1xx_hal_i2c.o
    0x08001fce   0x08001fce   0x00000002   PAD
    0x08001fd0   0x08001fd0   0x00000188   Code   RO          698    i.HAL_I2C_Init      stm32f1xx_hal_i2c.o
    0x08002158   0x08002158   0x00000002   Code   RO          700    i.HAL_I2C_ListenCpltCallback  stm32f1xx_hal_i2c.o
    0x0800215a   0x0800215a   0x00000002   Code   RO          701    i.HAL_I2C_MasterRxCpltCallback  stm32f1xx_hal_i2c.o
    0x0800215c   0x0800215c   0x00000002   Code   RO          702    i.HAL_I2C_MasterTxCpltCallback  stm32f1xx_hal_i2c.o
    0x0800215e   0x0800215e   0x00000002   Code   RO          714    i.HAL_I2C_MemRxCpltCallback  stm32f1xx_hal_i2c.o
    0x08002160   0x08002160   0x00000002   Code   RO          715    i.HAL_I2C_MemTxCpltCallback  stm32f1xx_hal_i2c.o
    0x08002162   0x08002162   0x00000002   PAD
    0x08002164   0x08002164   0x00000250   Code   RO          716    i.HAL_I2C_Mem_Read  stm32f1xx_hal_i2c.o
    0x080023b4   0x080023b4   0x00000130   Code   RO          719    i.HAL_I2C_Mem_Write  stm32f1xx_hal_i2c.o
    0x080024e4   0x080024e4   0x00000080   Code   RO          339    i.HAL_I2C_MspInit   i2c.o
    0x08002564   0x08002564   0x00000002   Code   RO          724    i.HAL_I2C_SlaveRxCpltCallback  stm32f1xx_hal_i2c.o
    0x08002566   0x08002566   0x00000002   Code   RO          725    i.HAL_I2C_SlaveTxCpltCallback  stm32f1xx_hal_i2c.o
    0x08002568   0x08002568   0x00000010   Code   RO         1136    i.HAL_IncTick       stm32f1xx_hal.o
    0x08002578   0x08002578   0x00000024   Code   RO         1137    i.HAL_Init          stm32f1xx_hal.o
    0x0800259c   0x0800259c   0x00000040   Code   RO         1138    i.HAL_InitTick      stm32f1xx_hal.o
    0x080025dc   0x080025dc   0x0000003c   Code   RO          627    i.HAL_MspInit       stm32f1xx_hal_msp.o
    0x08002618   0x08002618   0x0000001a   Code   RO         1594    i.HAL_NVIC_EnableIRQ  stm32f1xx_hal_cortex.o
    0x08002632   0x08002632   0x00000002   PAD
    0x08002634   0x08002634   0x00000040   Code   RO         1600    i.HAL_NVIC_SetPriority  stm32f1xx_hal_cortex.o
    0x08002674   0x08002674   0x00000024   Code   RO         1601    i.HAL_NVIC_SetPriorityGrouping  stm32f1xx_hal_cortex.o
    0x08002698   0x08002698   0x0000012c   Code   RO         1294    i.HAL_RCC_ClockConfig  stm32f1xx_hal_rcc.o
    0x080027c4   0x080027c4   0x00000020   Code   RO         1301    i.HAL_RCC_GetPCLK1Freq  stm32f1xx_hal_rcc.o
    0x080027e4   0x080027e4   0x00000020   Code   RO         1302    i.HAL_RCC_GetPCLK2Freq  stm32f1xx_hal_rcc.o
    0x08002804   0x08002804   0x0000006c   Code   RO         1303    i.HAL_RCC_GetSysClockFreq  stm32f1xx_hal_rcc.o
    0x08002870   0x08002870   0x00000320   Code   RO         1306    i.HAL_RCC_OscConfig  stm32f1xx_hal_rcc.o
    0x08002b90   0x08002b90   0x00000028   Code   RO         1605    i.HAL_SYSTICK_Config  stm32f1xx_hal_cortex.o
    0x08002bb8   0x08002bb8   0x00000002   Code   RO         2800    i.HAL_TIMEx_BreakCallback  stm32f1xx_hal_tim_ex.o
    0x08002bba   0x08002bba   0x00000002   Code   RO         2801    i.HAL_TIMEx_CommutCallback  stm32f1xx_hal_tim_ex.o
    0x08002bbc   0x08002bbc   0x00000068   Code   RO         2819    i.HAL_TIMEx_MasterConfigSynchronization  stm32f1xx_hal_tim_ex.o
    0x08002c24   0x08002c24   0x0000005a   Code   RO         2096    i.HAL_TIM_Base_Init  stm32f1xx_hal_tim.o
    0x08002c7e   0x08002c7e   0x00000002   PAD
    0x08002c80   0x08002c80   0x00000060   Code   RO          381    i.HAL_TIM_Base_MspInit  tim.o
    0x08002ce0   0x08002ce0   0x00000050   Code   RO         2099    i.HAL_TIM_Base_Start  stm32f1xx_hal_tim.o
    0x08002d30   0x08002d30   0x000000d6   Code   RO         2105    i.HAL_TIM_ConfigClockSource  stm32f1xx_hal_tim.o
    0x08002e06   0x08002e06   0x00000002   Code   RO         2130    i.HAL_TIM_IC_CaptureCallback  stm32f1xx_hal_tim.o
    0x08002e08   0x08002e08   0x00000166   Code   RO         2144    i.HAL_TIM_IRQHandler  stm32f1xx_hal_tim.o
    0x08002f6e   0x08002f6e   0x00000002   PAD
    0x08002f70   0x08002f70   0x00000070   Code   RO          382    i.HAL_TIM_MspPostInit  tim.o
    0x08002fe0   0x08002fe0   0x00000002   Code   RO         2147    i.HAL_TIM_OC_DelayElapsedCallback  stm32f1xx_hal_tim.o
    0x08002fe2   0x08002fe2   0x000000c6   Code   RO         2168    i.HAL_TIM_PWM_ConfigChannel  stm32f1xx_hal_tim.o
    0x080030a8   0x080030a8   0x0000005a   Code   RO         2171    i.HAL_TIM_PWM_Init  stm32f1xx_hal_tim.o
    0x08003102   0x08003102   0x00000002   Code   RO         2173    i.HAL_TIM_PWM_MspInit  stm32f1xx_hal_tim.o
    0x08003104   0x08003104   0x00000002   Code   RO         2174    i.HAL_TIM_PWM_PulseFinishedCallback  stm32f1xx_hal_tim.o
    0x08003106   0x08003106   0x00000002   PAD
    0x08003108   0x08003108   0x0000009c   Code   RO         2176    i.HAL_TIM_PWM_Start  stm32f1xx_hal_tim.o
    0x080031a4   0x080031a4   0x00000002   Code   RO         2182    i.HAL_TIM_PeriodElapsedCallback  stm32f1xx_hal_tim.o
    0x080031a6   0x080031a6   0x00000002   Code   RO         2187    i.HAL_TIM_TriggerCallback  stm32f1xx_hal_tim.o
    0x080031a8   0x080031a8   0x00000002   Code   RO         3078    i.HAL_UARTEx_RxEventCallback  stm32f1xx_hal_uart.o
    0x080031aa   0x080031aa   0x00000002   Code   RO         3092    i.HAL_UART_ErrorCallback  stm32f1xx_hal_uart.o
    0x080031ac   0x080031ac   0x0000020c   Code   RO         3095    i.HAL_UART_IRQHandler  stm32f1xx_hal_uart.o
    0x080033b8   0x080033b8   0x00000062   Code   RO         3096    i.HAL_UART_Init     stm32f1xx_hal_uart.o
    0x0800341a   0x0800341a   0x00000002   PAD
    0x0800341c   0x0800341c   0x00000134   Code   RO          435    i.HAL_UART_MspInit  usart.o
    0x08003550   0x08003550   0x0000002a   Code   RO         3101    i.HAL_UART_Receive_IT  stm32f1xx_hal_uart.o
    0x0800357a   0x0800357a   0x00000002   PAD
    0x0800357c   0x0800357c   0x000000a8   Code   RO           16    i.HAL_UART_RxCpltCallback  main.o
    0x08003624   0x08003624   0x00000002   Code   RO         3107    i.HAL_UART_TxCpltCallback  stm32f1xx_hal_uart.o
    0x08003626   0x08003626   0x00000002   Code   RO          511    i.HardFault_Handler  stm32f1xx_it.o
    0x08003628   0x08003628   0x0000000c   Code   RO          512    i.I2C1_EV_IRQHandler  stm32f1xx_it.o
    0x08003634   0x08003634   0x000000bc   Code   RO          736    i.I2C_DMAAbort      stm32f1xx_hal_i2c.o
    0x080036f0   0x080036f0   0x00000158   Code   RO          739    i.I2C_ITError       stm32f1xx_hal_i2c.o
    0x08003848   0x08003848   0x0000002e   Code   RO          740    i.I2C_IsAcknowledgeFailed  stm32f1xx_hal_i2c.o
    0x08003876   0x08003876   0x000000d2   Code   RO          741    i.I2C_MasterReceive_BTF  stm32f1xx_hal_i2c.o
    0x08003948   0x08003948   0x000000e8   Code   RO          742    i.I2C_MasterReceive_RXNE  stm32f1xx_hal_i2c.o
    0x08003a30   0x08003a30   0x00000082   Code   RO          745    i.I2C_MasterTransmit_BTF  stm32f1xx_hal_i2c.o
    0x08003ab2   0x08003ab2   0x00000002   PAD
    0x08003ab4   0x08003ab4   0x000000b6   Code   RO          746    i.I2C_MasterTransmit_TXE  stm32f1xx_hal_i2c.o
    0x08003b6a   0x08003b6a   0x00000002   PAD
    0x08003b6c   0x08003b6c   0x00000158   Code   RO          747    i.I2C_Master_ADDR   stm32f1xx_hal_i2c.o
    0x08003cc4   0x08003cc4   0x0000008c   Code   RO          748    i.I2C_Master_SB     stm32f1xx_hal_i2c.o
    0x08003d50   0x08003d50   0x000000a0   Code   RO          749    i.I2C_MemoryTransmit_TXE_BTF  stm32f1xx_hal_i2c.o
    0x08003df0   0x08003df0   0x000000fc   Code   RO          750    i.I2C_RequestMemoryRead  stm32f1xx_hal_i2c.o
    0x08003eec   0x08003eec   0x000000a8   Code   RO          751    i.I2C_RequestMemoryWrite  stm32f1xx_hal_i2c.o
    0x08003f94   0x08003f94   0x00000046   Code   RO          752    i.I2C_Slave_ADDR    stm32f1xx_hal_i2c.o
    0x08003fda   0x08003fda   0x00000002   PAD
    0x08003fdc   0x08003fdc   0x0000015c   Code   RO          754    i.I2C_Slave_STOPF   stm32f1xx_hal_i2c.o
    0x08004138   0x08004138   0x0000004c   Code   RO          755    i.I2C_WaitOnBTFFlagUntilTimeout  stm32f1xx_hal_i2c.o
    0x08004184   0x08004184   0x00000068   Code   RO          756    i.I2C_WaitOnFlagUntilTimeout  stm32f1xx_hal_i2c.o
    0x080041ec   0x080041ec   0x00000096   Code   RO          757    i.I2C_WaitOnMasterAddressFlagUntilTimeout  stm32f1xx_hal_i2c.o
    0x08004282   0x08004282   0x00000066   Code   RO          758    i.I2C_WaitOnRXNEFlagUntilTimeout  stm32f1xx_hal_i2c.o
    0x080042e8   0x080042e8   0x0000004c   Code   RO          759    i.I2C_WaitOnTXEFlagUntilTimeout  stm32f1xx_hal_i2c.o
    0x08004334   0x08004334   0x00000072   Code   RO         3465    i.MPU_Init          mpu6050.o
    0x080043a6   0x080043a6   0x00000002   PAD
    0x080043a8   0x080043a8   0x0000002c   Code   RO         3466    i.MPU_Read_Byte     mpu6050.o
    0x080043d4   0x080043d4   0x00000024   Code   RO         3467    i.MPU_Read_Len      mpu6050.o
    0x080043f8   0x080043f8   0x0000000a   Code   RO         3468    i.MPU_Set_Accel_Fsr  mpu6050.o
    0x08004402   0x08004402   0x0000000a   Code   RO         3469    i.MPU_Set_Gyro_Fsr  mpu6050.o
    0x0800440c   0x0800440c   0x00000030   Code   RO         3470    i.MPU_Set_LPF       mpu6050.o
    0x0800443c   0x0800443c   0x0000002e   Code   RO         3471    i.MPU_Set_Rate      mpu6050.o
    0x0800446a   0x0800446a   0x00000002   PAD
    0x0800446c   0x0800446c   0x00000028   Code   RO         3472    i.MPU_Write_Byte    mpu6050.o
    0x08004494   0x08004494   0x00000024   Code   RO         3473    i.MPU_Write_Len     mpu6050.o
    0x080044b8   0x080044b8   0x000000c8   Code   RO          226    i.MX_GPIO_Init      gpio.o
    0x08004580   0x08004580   0x00000040   Code   RO          340    i.MX_I2C1_Init      i2c.o
    0x080045c0   0x080045c0   0x000000a4   Code   RO          383    i.MX_TIM2_Init      tim.o
    0x08004664   0x08004664   0x000000ac   Code   RO          384    i.MX_TIM3_Init      tim.o
    0x08004710   0x08004710   0x00000038   Code   RO          436    i.MX_USART1_UART_Init  usart.o
    0x08004748   0x08004748   0x00000038   Code   RO          437    i.MX_USART2_UART_Init  usart.o
    0x08004780   0x08004780   0x00000038   Code   RO          438    i.MX_USART3_UART_Init  usart.o
    0x080047b8   0x080047b8   0x00000002   Code   RO          513    i.MemManage_Handler  stm32f1xx_it.o
    0x080047ba   0x080047ba   0x00000002   PAD
    0x080047bc   0x080047bc   0x000000a4   Code   RO           17    i.Mpu6050_Init      main.o
    0x08004860   0x08004860   0x00000002   Code   RO          514    i.NMI_Handler       stm32f1xx_it.o
    0x08004862   0x08004862   0x00000002   Code   RO          515    i.PendSV_Handler    stm32f1xx_it.o
    0x08004864   0x08004864   0x000000ac   Code   RO           18    i.Problem1          main.o
    0x08004910   0x08004910   0x00000002   Code   RO          516    i.RCC_IRQHandler    stm32f1xx_it.o
    0x08004912   0x08004912   0x00000002   Code   RO          517    i.SVC_Handler       stm32f1xx_it.o
    0x08004914   0x08004914   0x00000004   Code   RO          518    i.SysTick_Handler   stm32f1xx_it.o
    0x08004918   0x08004918   0x0000005c   Code   RO           19    i.SystemClock_Config  main.o
    0x08004974   0x08004974   0x00000002   Code   RO         3425    i.SystemInit        system_stm32f1xx.o
    0x08004976   0x08004976   0x00000002   PAD
    0x08004978   0x08004978   0x0000000c   Code   RO          519    i.TIM2_IRQHandler   stm32f1xx_it.o
    0x08004984   0x08004984   0x0000000c   Code   RO          520    i.TIM3_IRQHandler   stm32f1xx_it.o
    0x08004990   0x08004990   0x0000006c   Code   RO         2189    i.TIM_Base_SetConfig  stm32f1xx_hal_tim.o
    0x080049fc   0x080049fc   0x0000001a   Code   RO         2190    i.TIM_CCxChannelCmd  stm32f1xx_hal_tim.o
    0x08004a16   0x08004a16   0x00000014   Code   RO         2200    i.TIM_ETR_SetConfig  stm32f1xx_hal_tim.o
    0x08004a2a   0x08004a2a   0x00000010   Code   RO         2201    i.TIM_ITRx_SetConfig  stm32f1xx_hal_tim.o
    0x08004a3a   0x08004a3a   0x00000002   PAD
    0x08004a3c   0x08004a3c   0x00000050   Code   RO         2202    i.TIM_OC1_SetConfig  stm32f1xx_hal_tim.o
    0x08004a8c   0x08004a8c   0x00000058   Code   RO         2203    i.TIM_OC2_SetConfig  stm32f1xx_hal_tim.o
    0x08004ae4   0x08004ae4   0x00000058   Code   RO         2204    i.TIM_OC3_SetConfig  stm32f1xx_hal_tim.o
    0x08004b3c   0x08004b3c   0x00000044   Code   RO         2205    i.TIM_OC4_SetConfig  stm32f1xx_hal_tim.o
    0x08004b80   0x08004b80   0x00000022   Code   RO         2207    i.TIM_TI1_ConfigInputStage  stm32f1xx_hal_tim.o
    0x08004ba2   0x08004ba2   0x00000024   Code   RO         2209    i.TIM_TI2_ConfigInputStage  stm32f1xx_hal_tim.o
    0x08004bc6   0x08004bc6   0x00000010   Code   RO         3109    i.UART_DMAAbortOnError  stm32f1xx_hal_uart.o
    0x08004bd6   0x08004bd6   0x00000030   Code   RO         3119    i.UART_EndRxTransfer  stm32f1xx_hal_uart.o
    0x08004c06   0x08004c06   0x000000b6   Code   RO         3121    i.UART_Receive_IT   stm32f1xx_hal_uart.o
    0x08004cbc   0x08004cbc   0x000000b8   Code   RO         3122    i.UART_SetConfig    stm32f1xx_hal_uart.o
    0x08004d74   0x08004d74   0x00000036   Code   RO         3124    i.UART_Start_Receive_IT  stm32f1xx_hal_uart.o
    0x08004daa   0x08004daa   0x00000002   PAD
    0x08004dac   0x08004dac   0x0000000c   Code   RO          521    i.USART1_IRQHandler  stm32f1xx_it.o
    0x08004db8   0x08004db8   0x0000000c   Code   RO          522    i.USART2_IRQHandler  stm32f1xx_it.o
    0x08004dc4   0x08004dc4   0x0000000c   Code   RO          523    i.USART3_IRQHandler  stm32f1xx_it.o
    0x08004dd0   0x08004dd0   0x00000002   Code   RO          524    i.UsageFault_Handler  stm32f1xx_it.o
    0x08004dd2   0x08004dd2   0x00000028   Code   RO         4520    i.__ARM_fpclassify  m_ws.l(fpclassify.o)
    0x08004dfa   0x08004dfa   0x00000020   Code   RO         1607    i.__NVIC_SetPriority  stm32f1xx_hal_cortex.o
    0x08004e1a   0x08004e1a   0x000000aa   Code   RO         4522    i.__kernel_poly     m_ws.l(poly.o)
    0x08004ec4   0x08004ec4   0x00000006   Code   RO         4507    i.__mathlib_dbl_infnan  m_ws.l(dunder.o)
    0x08004eca   0x08004eca   0x00000004   Code   RO         4508    i.__mathlib_dbl_infnan2  m_ws.l(dunder.o)
    0x08004ece   0x08004ece   0x0000000c   Code   RO         4509    i.__mathlib_dbl_invalid  m_ws.l(dunder.o)
    0x08004eda   0x08004eda   0x00000002   PAD
    0x08004edc   0x08004edc   0x00000010   Code   RO         4512    i.__mathlib_dbl_underflow  m_ws.l(dunder.o)
    0x08004eec   0x08004eec   0x0000000e   Code   RO         4370    i._is_digit         c_w.l(__printf_wp.o)
    0x08004efa   0x08004efa   0x00000002   Code   RO          439    i._sys_exit         usart.o
    0x08004efc   0x08004efc   0x00000080   Code   RO         3573    i.accel_self_test   inv_mpu.o
    0x08004f7c   0x08004f7c   0x00000270   Code   RO         4448    i.asin              m_ws.l(asin.o)
    0x080051ec   0x080051ec   0x00000220   Code   RO         4497    i.atan              m_ws.l(atan.o)
    0x0800540c   0x0800540c   0x00000180   Code   RO         4458    i.atan2             m_ws.l(atan2.o)
    0x0800558c   0x0800558c   0x0000000a   Code   RO         4123    i.car_left          car.o
    0x08005596   0x08005596   0x0000000a   Code   RO         4124    i.car_right         car.o
    0x080055a0   0x080055a0   0x0000001c   Code   RO         4125    i.car_stop          car.o
    0x080055bc   0x080055bc   0x0000000a   Code   RO         4126    i.car_stright       car.o
    0x080055c6   0x080055c6   0x0000003a   Code   RO         3938    i.dmp_enable_6x_lp_quat  inv_mpu_dmp_motion_driver.o
    0x08005600   0x08005600   0x000001d8   Code   RO         3939    i.dmp_enable_feature  inv_mpu_dmp_motion_driver.o
    0x080057d8   0x080057d8   0x0000003c   Code   RO         3940    i.dmp_enable_gyro_cal  inv_mpu_dmp_motion_driver.o
    0x08005814   0x08005814   0x0000003a   Code   RO         3941    i.dmp_enable_lp_quat  inv_mpu_dmp_motion_driver.o
    0x0800584e   0x0800584e   0x00000002   PAD
    0x08005850   0x08005850   0x00000014   Code   RO         3946    i.dmp_load_motion_driver_firmware  inv_mpu_dmp_motion_driver.o
    0x08005864   0x08005864   0x00000144   Code   RO         3947    i.dmp_read_fifo     inv_mpu_dmp_motion_driver.o
    0x080059a8   0x080059a8   0x000000d8   Code   RO         3950    i.dmp_set_accel_bias  inv_mpu_dmp_motion_driver.o
    0x08005a80   0x08005a80   0x00000064   Code   RO         3951    i.dmp_set_fifo_rate  inv_mpu_dmp_motion_driver.o
    0x08005ae4   0x08005ae4   0x000000cc   Code   RO         3952    i.dmp_set_gyro_bias  inv_mpu_dmp_motion_driver.o
    0x08005bb0   0x08005bb0   0x0000010c   Code   RO         3954    i.dmp_set_orientation  inv_mpu_dmp_motion_driver.o
    0x08005cbc   0x08005cbc   0x00000030   Code   RO         3957    i.dmp_set_shake_reject_thresh  inv_mpu_dmp_motion_driver.o
    0x08005cec   0x08005cec   0x00000020   Code   RO         3958    i.dmp_set_shake_reject_time  inv_mpu_dmp_motion_driver.o
    0x08005d0c   0x08005d0c   0x00000020   Code   RO         3959    i.dmp_set_shake_reject_timeout  inv_mpu_dmp_motion_driver.o
    0x08005d2c   0x08005d2c   0x00000040   Code   RO         3960    i.dmp_set_tap_axes  inv_mpu_dmp_motion_driver.o
    0x08005d6c   0x08005d6c   0x00000022   Code   RO         3961    i.dmp_set_tap_count  inv_mpu_dmp_motion_driver.o
    0x08005d8e   0x08005d8e   0x00000002   PAD
    0x08005d90   0x08005d90   0x00000128   Code   RO         3962    i.dmp_set_tap_thresh  inv_mpu_dmp_motion_driver.o
    0x08005eb8   0x08005eb8   0x00000020   Code   RO         3963    i.dmp_set_tap_time  inv_mpu_dmp_motion_driver.o
    0x08005ed8   0x08005ed8   0x00000020   Code   RO         3964    i.dmp_set_tap_time_multi  inv_mpu_dmp_motion_driver.o
    0x08005ef8   0x08005ef8   0x00000018   Code   RO          440    i.fputc             usart.o
    0x08005f10   0x08005f10   0x000000ac   Code   RO         3574    i.get_accel_prod_shift  inv_mpu.o
    0x08005fbc   0x08005fbc   0x00000314   Code   RO         3575    i.get_st_biases     inv_mpu.o
    0x080062d0   0x080062d0   0x0000001c   Code   RO         3474    i.get_yaw           mpu6050.o
    0x080062ec   0x080062ec   0x000000d4   Code   RO         3576    i.gyro_self_test    inv_mpu.o
    0x080063c0   0x080063c0   0x00000022   Code   RO         3577    i.inv_orientation_matrix_to_scalar  inv_mpu.o
    0x080063e2   0x080063e2   0x00000048   Code   RO         3578    i.inv_row_2_scale   inv_mpu.o
    0x0800642a   0x0800642a   0x00000002   PAD
    0x0800642c   0x0800642c   0x000000d4   Code   RO           21    i.main              main.o
    0x08006500   0x08006500   0x00000002   Code   RO         3579    i.mget_ms           inv_mpu.o
    0x08006502   0x08006502   0x00000002   PAD
    0x08006504   0x08006504   0x00000020   Code   RO         4127    i.motor_backward    car.o
    0x08006524   0x08006524   0x00000020   Code   RO         4128    i.motor_forward     car.o
    0x08006544   0x08006544   0x00000020   Code   RO         4129    i.motor_turn_left   car.o
    0x08006564   0x08006564   0x00000020   Code   RO         4130    i.motor_turn_right  car.o
    0x08006584   0x08006584   0x00000054   Code   RO         3580    i.mpu_configure_fifo  inv_mpu.o
    0x080065d8   0x080065d8   0x0000019c   Code   RO         3581    i.mpu_dmp_get_data  inv_mpu.o
    0x08006774   0x08006774   0x000000b0   Code   RO         3582    i.mpu_dmp_init      inv_mpu.o
    0x08006824   0x08006824   0x0000003c   Code   RO         3583    i.mpu_get_accel_fsr  inv_mpu.o
    0x08006860   0x08006860   0x00000044   Code   RO         3585    i.mpu_get_accel_sens  inv_mpu.o
    0x080068a4   0x080068a4   0x00000034   Code   RO         3591    i.mpu_get_gyro_fsr  inv_mpu.o
    0x080068d8   0x080068d8   0x00000040   Code   RO         3593    i.mpu_get_gyro_sens  inv_mpu.o
    0x08006918   0x08006918   0x00000038   Code   RO         3595    i.mpu_get_lpf       inv_mpu.o
    0x08006950   0x08006950   0x0000001c   Code   RO         3597    i.mpu_get_sample_rate  inv_mpu.o
    0x0800696c   0x0800696c   0x00000188   Code   RO         3599    i.mpu_init          inv_mpu.o
    0x08006af4   0x08006af4   0x000000a0   Code   RO         3600    i.mpu_load_firmware  inv_mpu.o
    0x08006b94   0x08006b94   0x000000b8   Code   RO         3601    i.mpu_lp_accel_mode  inv_mpu.o
    0x08006c4c   0x08006c4c   0x00000090   Code   RO         3604    i.mpu_read_fifo_stream  inv_mpu.o
    0x08006cdc   0x08006cdc   0x00000054   Code   RO         3605    i.mpu_read_mem      inv_mpu.o
    0x08006d30   0x08006d30   0x00000160   Code   RO         3608    i.mpu_reset_fifo    inv_mpu.o
    0x08006e90   0x08006e90   0x000000f0   Code   RO         3609    i.mpu_run_self_test  inv_mpu.o
    0x08006f80   0x08006f80   0x00000068   Code   RO         3611    i.mpu_set_accel_fsr  inv_mpu.o
    0x08006fe8   0x08006fe8   0x000000dc   Code   RO         3612    i.mpu_set_bypass    inv_mpu.o
    0x080070c4   0x080070c4   0x00000078   Code   RO         3614    i.mpu_set_dmp_state  inv_mpu.o
    0x0800713c   0x0800713c   0x0000006c   Code   RO         3615    i.mpu_set_gyro_fsr  inv_mpu.o
    0x080071a8   0x080071a8   0x00000064   Code   RO         3616    i.mpu_set_int_latched  inv_mpu.o
    0x0800720c   0x0800720c   0x0000006c   Code   RO         3618    i.mpu_set_lpf       inv_mpu.o
    0x08007278   0x08007278   0x00000080   Code   RO         3619    i.mpu_set_sample_rate  inv_mpu.o
    0x080072f8   0x080072f8   0x000000b8   Code   RO         3620    i.mpu_set_sensors   inv_mpu.o
    0x080073b0   0x080073b0   0x00000054   Code   RO         3621    i.mpu_write_mem     inv_mpu.o
    0x08007404   0x08007404   0x00000080   Code   RO         3622    i.run_self_test     inv_mpu.o
    0x08007484   0x08007484   0x00000058   Code   RO         3623    i.set_int_enable    inv_mpu.o
    0x080074dc   0x080074dc   0x0000004c   Code   RO         4526    i.sqrt              m_ws.l(sqrt.o)
    0x08007528   0x08007528   0x0000002c   Code   RO         4598    locale$$code        c_w.l(lc_numeric_c.o)
    0x08007554   0x08007554   0x00000062   Code   RO         4395    x$fpl$d2f           fz_ws.l(d2f.o)
    0x080075b6   0x080075b6   0x00000002   PAD
    0x080075b8   0x080075b8   0x00000150   Code   RO         4397    x$fpl$dadd          fz_ws.l(daddsub_clz.o)
    0x08007708   0x08007708   0x00000010   Code   RO         4600    x$fpl$dcheck1       fz_ws.l(dcheck1.o)
    0x08007718   0x08007718   0x000002b0   Code   RO         4404    x$fpl$ddiv          fz_ws.l(ddiv.o)
    0x080079c8   0x080079c8   0x00000154   Code   RO         4413    x$fpl$dmul          fz_ws.l(dmul.o)
    0x08007b1c   0x08007b1c   0x0000009c   Code   RO         4483    x$fpl$dnaninf       fz_ws.l(dnaninf.o)
    0x08007bb8   0x08007bb8   0x0000000c   Code   RO         4485    x$fpl$dretinf       fz_ws.l(dretinf.o)
    0x08007bc4   0x08007bc4   0x00000016   Code   RO         4398    x$fpl$drsb          fz_ws.l(daddsub_clz.o)
    0x08007bda   0x08007bda   0x00000002   PAD
    0x08007bdc   0x08007bdc   0x000001cc   Code   RO         4604    x$fpl$dsqrt         fz_ws.l(dsqrt_noumaal.o)
    0x08007da8   0x08007da8   0x000001d4   Code   RO         4399    x$fpl$dsub          fz_ws.l(daddsub_clz.o)
    0x08007f7c   0x08007f7c   0x00000056   Code   RO         4415    x$fpl$f2d           fz_ws.l(f2d.o)
    0x08007fd2   0x08007fd2   0x00000002   PAD
    0x08007fd4   0x08007fd4   0x000000c4   Code   RO         4417    x$fpl$fadd          fz_ws.l(faddsub_clz.o)
    0x08008098   0x08008098   0x0000000c   Code   RO         4487    x$fpl$fcheck1       fz_ws.l(fcheck1.o)
    0x080080a4   0x080080a4   0x00000184   Code   RO         4424    x$fpl$fdiv          fz_ws.l(fdiv.o)
    0x08008228   0x08008228   0x00000036   Code   RO         4427    x$fpl$ffix          fz_ws.l(ffix.o)
    0x0800825e   0x0800825e   0x00000002   PAD
    0x08008260   0x08008260   0x0000003e   Code   RO         4431    x$fpl$ffixu         fz_ws.l(ffixu.o)
    0x0800829e   0x0800829e   0x00000002   PAD
    0x080082a0   0x080082a0   0x00000030   Code   RO         4436    x$fpl$fflt          fz_ws.l(fflt_clz.o)
    0x080082d0   0x080082d0   0x00000026   Code   RO         4435    x$fpl$ffltu         fz_ws.l(fflt_clz.o)
    0x080082f6   0x080082f6   0x00000002   PAD
    0x080082f8   0x080082f8   0x00000102   Code   RO         4441    x$fpl$fmul          fz_ws.l(fmul.o)
    0x080083fa   0x080083fa   0x0000008c   Code   RO         4489    x$fpl$fnaninf       fz_ws.l(fnaninf.o)
    0x08008486   0x08008486   0x0000000a   Code   RO         4491    x$fpl$fretinf       fz_ws.l(fretinf.o)
    0x08008490   0x08008490   0x000000ea   Code   RO         4419    x$fpl$fsub          fz_ws.l(faddsub_clz.o)
    0x0800857a   0x0800857a   0x00000004   Code   RO         4443    x$fpl$printf1       fz_ws.l(printf1.o)
    0x0800857e   0x0800857e   0x00000064   Code   RO         4608    x$fpl$retnan        fz_ws.l(retnan.o)
    0x080085e2   0x080085e2   0x0000005c   Code   RO         4493    x$fpl$scalbn        fz_ws.l(scalbn.o)
    0x0800863e   0x0800863e   0x0000004c   Code   RO         4445    x$fpl$scalbnf       fz_ws.l(scalbnf.o)
    0x0800868a   0x0800868a   0x00000030   Code   RO         4676    x$fpl$trapveneer    fz_ws.l(trapv.o)
    0x080086ba   0x080086ba   0x00000000   Code   RO         4495    x$fpl$usenofp       fz_ws.l(usenofp.o)
    0x080086ba   0x080086ba   0x00000010   Data   RO         3426    .constdata          system_stm32f1xx.o
    0x080086ca   0x080086ca   0x00000008   Data   RO         3427    .constdata          system_stm32f1xx.o
    0x080086d2   0x080086d2   0x0000001b   Data   RO         3625    .constdata          inv_mpu.o
    0x080086ed   0x080086ed   0x00000001   PAD
    0x080086ee   0x080086ee   0x0000000c   Data   RO         3626    .constdata          inv_mpu.o
    0x080086fa   0x080086fa   0x00000002   PAD
    0x080086fc   0x080086fc   0x00000028   Data   RO         3627    .constdata          inv_mpu.o
    0x08008724   0x08008724   0x00000bf6   Data   RO         3966    .constdata          inv_mpu_dmp_motion_driver.o
    0x0800931a   0x0800931a   0x00000011   Data   RO         4373    .constdata          c_w.l(__printf_flags_wp.o)
    0x0800932b   0x0800932b   0x00000005   PAD
    0x08009330   0x08009330   0x00000050   Data   RO         4449    .constdata          m_ws.l(asin.o)
    0x08009380   0x08009380   0x00000098   Data   RO         4498    .constdata          m_ws.l(atan.o)
    0x08009418   0x08009418   0x00000008   Data   RO         4524    .constdata          m_ws.l(qnan.o)
    0x08009420   0x08009420   0x00000094   Data   RO         4569    .constdata          c_w.l(bigflt0.o)
    0x080094b4   0x080094b4   0x0000004d   Data   RO         3628    .conststring        inv_mpu.o
    0x08009501   0x08009501   0x00000003   PAD
    0x08009504   0x08009504   0x00000020   Data   RO         4756    Region$$Table       anon$$obj.o
    0x08009524   0x08009524   0x0000001c   Data   RO         4597    locale$$data        c_w.l(lc_numeric_c.o)


    Execution Region RW_IRAM1 (Exec base: 0x20000000, Load base: 0x08009540, Size: 0x00000898, Max: 0x00005000, ABSOLUTE)

    Exec Addr    Load Addr    Size         Type   Attr      Idx    E Section Name        Object

    0x20000000   0x08009540   0x00000014   Data   RW           22    .data               main.o
    0x20000014   0x08009554   0x00000004   Data   RW          442    .data               usart.o
    0x20000018   0x08009558   0x0000000c   Data   RW         1144    .data               stm32f1xx_hal.o
    0x20000024   0x08009564   0x00000004   Data   RW         3428    .data               system_stm32f1xx.o
    0x20000028   0x08009568   0x0000000c   Data   RW         3475    .data               mpu6050.o
    0x20000034   0x08009574   0x00000035   Data   RW         3629    .data               inv_mpu.o
    0x20000069   0x080095a9   0x00000003   PAD
    0x2000006c   0x080095ac   0x00000008   Data   RW         4198    .data               pid.o
    0x20000074        -       0x00000054   Zero   RW          341    .bss                i2c.o
    0x200000c8        -       0x00000090   Zero   RW          385    .bss                tim.o
    0x20000158        -       0x000000cc   Zero   RW          441    .bss                usart.o
    0x20000224        -       0x00000010   Zero   RW         3965    .bss                inv_mpu_dmp_motion_driver.o
    0x20000234        -       0x00000060   Zero   RW         4611    .bss                c_w.l(libspace.o)
    0x20000294   0x080095b4   0x00000004   PAD
    0x20000298        -       0x00000200   Zero   RW            2    HEAP                startup_stm32f103xb.o
    0x20000498        -       0x00000400   Zero   RW            1    STACK               startup_stm32f103xb.o


==============================================================================

Image component sizes


      Code (inc. data)   RO Data    RW Data    ZI Data      Debug   Object Name

       186         20          0          0          0       3630   car.o
       200         16          0          0          0     429559   gpio.o
       192         30          0          0         84       1653   i2c.o
      5336        292        156         53          0      30772   inv_mpu.o
      2350        118       3062          0         16      19018   inv_mpu_dmp_motion_driver.o
       812        130          0         20          0     395381   main.o
       412         22          0         12          0       8142   mpu6050.o
      1168        296          0          8          0       3415   pid.o
        64         26        236          0       1536        812   startup_stm32f103xb.o
       164         28          0         12          0       5841   stm32f1xx_hal.o
       198         14          0          0          0      28587   stm32f1xx_hal_cortex.o
       228          4          0          0          0       2222   stm32f1xx_hal_dma.o
       490         34          0          0          0       2560   stm32f1xx_hal_gpio.o
      5190         88          0          0          0      26432   stm32f1xx_hal_i2c.o
        60          4          0          0          0        858   stm32f1xx_hal_msp.o
      1272        100          0          0          0       4936   stm32f1xx_hal_rcc.o
      1762         60          0          0          0      15419   stm32f1xx_hal_tim.o
       108         12          0          0          0       2317   stm32f1xx_hal_tim_ex.o
      1154         10          0          0          0       7804   stm32f1xx_hal_uart.o
        94         36          0          0          0       6912   stm32f1xx_it.o
         2          0         24          4          0       1119   system_stm32f1xx.o
       544         38          0          0        144       3125   tim.o
       502         54          0          4        204       3989   usart.o

    ----------------------------------------------------------------------
     22534       1432       3516        116       1984    1004503   Object Totals
         0          0         32          0          0          0   (incl. Generated)
        46          0          6          3          0          0   (incl. Padding)

    ----------------------------------------------------------------------

      Code (inc. data)   RO Data    RW Data    ZI Data      Debug   Library Member Name

         8          0          0          0          0         68   __main.o
       312          4         17          0          0         92   __printf_flags_wp.o
        14          0          0          0          0         68   __printf_wp.o
         0          0          0          0          0          0   __rtentry.o
        12          0          0          0          0          0   __rtentry2.o
         6          0          0          0          0          0   __rtentry4.o
        52          8          0          0          0          0   __scatter.o
        26          0          0          0          0          0   __scatter_copy.o
        28          0          0          0          0          0   __scatter_zi.o
        44          0          0          0          0        108   _printf_char.o
        48          6          0          0          0         96   _printf_char_common.o
        36          4          0          0          0         80   _printf_char_file.o
         6          0          0          0          0          0   _printf_d.o
       120         16          0          0          0         92   _printf_dec.o
         6          0          0          0          0          0   _printf_f.o
      1050          0          0          0          0        216   _printf_fp_dec.o
       128         16          0          0          0         84   _printf_fp_infnan.o
       178          0          0          0          0         88   _printf_intcommon.o
         0          0          0          0          0          0   _printf_percent.o
         4          0          0          0          0          0   _printf_percent_end.o
         6          0          0          0          0          0   _printf_s.o
        82          0          0          0          0         80   _printf_str.o
        22          0          0          0          0        100   _rserrno.o
        16          0          0          0          0         68   aeabi_memset.o
       220          4        148          0          0         96   bigflt0.o
      1910        128          0          0          0        672   btod.o
        12          0          0          0          0         72   exit.o
         8          0          0          0          0         68   ferror.o
         6          0          0          0          0        152   heapauxi.o
        44         10         28          0          0         76   lc_numeric_c.o
         2          0          0          0          0          0   libinit.o
        18          0          0          0          0          0   libinit2.o
         2          0          0          0          0          0   libshutdown.o
         2          0          0          0          0          0   libshutdown2.o
         8          4          0          0         96         68   libspace.o
        72          0          0          0          0         76   llsdiv.o
       138          0          0          0          0         80   lludiv10.o
       238          0          0          0          0        100   lludivv7m.o
        88          0          0          0          0         76   memcmp.o
        24          4          0          0          0         84   noretval__2printf.o
         8          4          0          0          0         68   rt_errno_addr_intlibspace.o
         8          4          0          0          0         68   rt_locale_intlibspace.o
        68          0          0          0          0         68   rt_memclr.o
        78          0          0          0          0         80   rt_memclr_w.o
         2          0          0          0          0          0   rtexit.o
        10          0          0          0          0          0   rtexit2.o
       128          0          0          0          0         68   strcmpv7m.o
        74          0          0          0          0         80   sys_stackheap_outer.o
         2          0          0          0          0         68   use_no_semi.o
         2          0          0          0          0         68   use_no_semi_2.o
        98          4          0          0          0         92   d2f.o
       826         16          0          0          0        348   daddsub_clz.o
        16          4          0          0          0         68   dcheck1.o
       688        140          0          0          0        208   ddiv.o
       340         12          0          0          0        104   dmul.o
       156          4          0          0          0         92   dnaninf.o
        12          0          0          0          0         68   dretinf.o
       460         56          0          0          0        120   dsqrt_noumaal.o
        86          4          0          0          0         84   f2d.o
       430          8          0          0          0        168   faddsub_clz.o
        12          4          0          0          0         68   fcheck1.o
       388         76          0          0          0         96   fdiv.o
        54          4          0          0          0         84   ffix.o
        62          4          0          0          0         84   ffixu.o
        86          0          0          0          0        136   fflt_clz.o
       258          4          0          0          0         84   fmul.o
       140          4          0          0          0         84   fnaninf.o
        10          0          0          0          0         68   fretinf.o
         4          0          0          0          0         68   printf1.o
       100          0          0          0          0         68   retnan.o
        92          0          0          0          0         68   scalbn.o
        76          0          0          0          0         68   scalbnf.o
        48          0          0          0          0         68   trapv.o
         0          0          0          0          0          0   usenofp.o
       624         52         80          0          0        168   asin.o
       544         70        152          0          0        124   atan.o
       384         38          0          0          0        144   atan2.o
        38          6          0          0          0        272   dunder.o
        40          0          0          0          0         68   fpclassify.o
       170          0          0          0          0         96   poly.o
         0          0          8          0          0          0   qnan.o
        76          0          0          0          0         84   sqrt.o

    ----------------------------------------------------------------------
     11720        722        438          0        100       6780   Library Totals
        26          0          5          0          4          0   (incl. Padding)

    ----------------------------------------------------------------------

      Code (inc. data)   RO Data    RW Data    ZI Data      Debug   Library Name

      5376        212        193          0         96       3428   c_w.l
      4442        344          0          0          0       2396   fz_ws.l
      1876        166        240          0          0        956   m_ws.l

    ----------------------------------------------------------------------
     11720        722        438          0        100       6780   Library Totals

    ----------------------------------------------------------------------

==============================================================================


      Code (inc. data)   RO Data    RW Data    ZI Data      Debug   

     34254       2154       3954        116       2084     997239   Grand Totals
     34254       2154       3954        116       2084     997239   ELF Image Totals
     34254       2154       3954        116          0          0   ROM Totals

==============================================================================

    Total RO  Size (Code + RO Data)                38208 (  37.31kB)
    Total RW  Size (RW Data + ZI Data)              2200 (   2.15kB)
    Total ROM Size (Code + RO Data + RW Data)      38324 (  37.43kB)

==============================================================================

